#
# There is insufficient memory for the Java Runtime Environment to continue.
# Native memory allocation (malloc) failed to allocate 823536 bytes. Error detail: Chunk::new
# Possible reasons:
#   The system is out of physical RAM or swap space
#   This process is running with CompressedOops enabled, and the Java Heap may be blocking the growth of the native heap
# Possible solutions:
#   Reduce memory load on the system
#   Increase physical memory or swap space
#   Check if swap backing store is full
#   Decrease Java heap size (-Xmx/-Xms)
#   Decrease number of Java threads
#   Decrease Java thread stack sizes (-Xss)
#   Set larger code cache with -XX:ReservedCodeCacheSize=
#   JVM is running with Unscaled Compressed Oops mode in which the Java heap is
#     placed in the first 4GB address space. The Java Heap base address is the
#     maximum limit for the native heap growth. Please use -XX:HeapBaseMinAddress
#     to set the Java Heap base and to place the Java Heap above 4GB virtual address.
# This output file may be truncated or incomplete.
#
#  Out of Memory Error (arena.cpp:168), pid=20672, tid=2560
#
# JRE version: OpenJDK Runtime Environment Temurin-21.0.10+7 (21.0.10+7) (build 21.0.10+7-LTS)
# Java VM: OpenJDK 64-Bit Server VM Temurin-21.0.10+7 (21.0.10+7-LTS, mixed mode, sharing, tiered, compressed oops, compressed class ptrs, g1 gc, windows-amd64)
# No core dump will be written. Minidumps are not enabled by default on client versions of Windows
#

---------------  S U M M A R Y ------------

Command Line: --add-opens=java.base/java.util=ALL-UNNAMED --add-opens=java.base/java.lang=ALL-UNNAMED --add-opens=java.base/java.lang.invoke=ALL-UNNAMED --add-opens=java.prefs/java.util.prefs=ALL-UNNAMED --add-exports=jdk.compiler/com.sun.tools.javac.api=ALL-UNNAMED --add-exports=jdk.compiler/com.sun.tools.javac.util=ALL-UNNAMED --add-opens=java.base/java.nio.charset=ALL-UNNAMED --add-opens=java.base/java.net=ALL-UNNAMED --add-opens=java.base/java.util.concurrent.atomic=ALL-UNNAMED -XX:MaxMetaspaceSize=384m -XX:+HeapDumpOnOutOfMemoryError -Xms256m -Xmx512m -Dfile.encoding=utf8 -Duser.country=US -Duser.language=en -Duser.variant -javaagent:C:\Users\syahr\.gradle\wrapper\dists\gradle-8.9-bin\90cnw93cvbtalezasaz0blq0a\gradle-8.9\lib\agents\gradle-instrumentation-agent-8.9.jar org.gradle.launcher.daemon.bootstrap.GradleDaemon 8.9

Host: Intel(R) Core(TM) i3-1005G1 CPU @ 1.20GHz, 4 cores, 3G,  Windows 11 , 64 bit Build 26100 (10.0.26100.7920)
Time: Sat May  9 23:18:35 2026 SE Asia Standard Time elapsed time: 41.150147 seconds (0d 0h 0m 41s)

---------------  T H R E A D  ---------------

Current thread (0x000002a5ce55f890):  JavaThread "C2 CompilerThread0" daemon [_thread_in_native, id=2560, stack(0x000000f695900000,0x000000f695a00000) (1024K)]


Current CompileTask:
C2:41150 7324       4       org.objectweb.asm.MethodWriter::computeAllFrames (510 bytes)

Stack: [0x000000f695900000,0x000000f695a00000]
Native frames: (J=compiled Java code, j=interpreted, Vv=VM code, C=native code)
V  [jvm.dll+0x6d7a39]
V  [jvm.dll+0x8b4b26]
V  [jvm.dll+0x8b70de]
V  [jvm.dll+0x8b77c3]
V  [jvm.dll+0x284346]
V  [jvm.dll+0xc66ed]
V  [jvm.dll+0xc6c31]
V  [jvm.dll+0x3bec01]
V  [jvm.dll+0x38b162]
V  [jvm.dll+0x38a5aa]
V  [jvm.dll+0x24c560]
V  [jvm.dll+0x24bb40]
V  [jvm.dll+0x1cb34e]
V  [jvm.dll+0x25b85d]
V  [jvm.dll+0x259dea]
V  [jvm.dll+0x3f857e]
V  [jvm.dll+0x85f59d]
V  [jvm.dll+0x6d626d]
C  [ucrtbase.dll+0x37b0]
C  [KERNEL32.DLL+0x2e8d7]
C  [ntdll.dll+0x8c48c]


---------------  P R O C E S S  ---------------

Threads class SMR info:
_java_thread_list=0x000002a5ce881640, length=44, elements={
0x000002a5b941d2d0, 0x000002a5ce551150, 0x000002a5ce552e30, 0x000002a5ce55a430,
0x000002a5ce55ae90, 0x000002a5ce55dd10, 0x000002a5ce55e9d0, 0x000002a5ce55f890,
0x000002a5ce588980, 0x000002a5ce7a2800, 0x000002a5ce7c5b60, 0x000002a5e9538140,
0x000002a5e95da170, 0x000002a5e98060e0, 0x000002a5e961ba20, 0x000002a5e960dd40,
0x000002a5e9669b50, 0x000002a5e970b0d0, 0x000002a5e970d830, 0x000002a5e970dec0,
0x000002a5e970bdf0, 0x000002a5e970b760, 0x000002a5e970d1a0, 0x000002a5e970c480,
0x000002a5e9ebf6b0, 0x000002a5e9ebfd40, 0x000002a5e9ec1e10, 0x000002a5e9ec03d0,
0x000002a5e9ebe990, 0x000002a5e9ec0a60, 0x000002a5e9ebf020, 0x000002a5e9ec3ee0,
0x000002a5e9ec31c0, 0x000002a5e9ec3850, 0x000002a5e99d9830, 0x000002a5e99d7760,
0x000002a5e99d91a0, 0x000002a5e99db270, 0x000002a5e99d8480, 0x000002a5e99d7df0,
0x000002a5e99dd340, 0x000002a5e99dccb0, 0x000002a5e99da550, 0x000002a5e99db900
}

Java Threads: ( => current thread )
  0x000002a5b941d2d0 JavaThread "main"                              [_thread_blocked, id=23268, stack(0x000000f694b00000,0x000000f694c00000) (1024K)]
  0x000002a5ce551150 JavaThread "Reference Handler"          daemon [_thread_blocked, id=13132, stack(0x000000f695300000,0x000000f695400000) (1024K)]
  0x000002a5ce552e30 JavaThread "Finalizer"                  daemon [_thread_blocked, id=13916, stack(0x000000f695400000,0x000000f695500000) (1024K)]
  0x000002a5ce55a430 JavaThread "Signal Dispatcher"          daemon [_thread_blocked, id=16048, stack(0x000000f695500000,0x000000f695600000) (1024K)]
  0x000002a5ce55ae90 JavaThread "Attach Listener"            daemon [_thread_blocked, id=19440, stack(0x000000f695600000,0x000000f695700000) (1024K)]
  0x000002a5ce55dd10 JavaThread "Service Thread"             daemon [_thread_blocked, id=19076, stack(0x000000f695700000,0x000000f695800000) (1024K)]
  0x000002a5ce55e9d0 JavaThread "Monitor Deflation Thread"   daemon [_thread_blocked, id=14872, stack(0x000000f695800000,0x000000f695900000) (1024K)]
=>0x000002a5ce55f890 JavaThread "C2 CompilerThread0"         daemon [_thread_in_native, id=2560, stack(0x000000f695900000,0x000000f695a00000) (1024K)]
  0x000002a5ce588980 JavaThread "C1 CompilerThread0"         daemon [_thread_in_native, id=23060, stack(0x000000f695a00000,0x000000f695b00000) (1024K)]
  0x000002a5ce7a2800 JavaThread "Common-Cleaner"             daemon [_thread_blocked, id=22448, stack(0x000000f695b00000,0x000000f695c00000) (1024K)]
  0x000002a5ce7c5b60 JavaThread "Notification Thread"        daemon [_thread_blocked, id=1656, stack(0x000000f695c00000,0x000000f695d00000) (1024K)]
  0x000002a5e9538140 JavaThread "Daemon health stats"               [_thread_blocked, id=17996, stack(0x000000f696000000,0x000000f696100000) (1024K)]
  0x000002a5e95da170 JavaThread "Incoming local TCP Connector on port 54853"        [_thread_in_native, id=21468, stack(0x000000f696100000,0x000000f696200000) (1024K)]
  0x000002a5e98060e0 JavaThread "Daemon periodic checks"            [_thread_blocked, id=7296, stack(0x000000f696200000,0x000000f696300000) (1024K)]
  0x000002a5e961ba20 JavaThread "Daemon"                            [_thread_blocked, id=14052, stack(0x000000f696300000,0x000000f696400000) (1024K)]
  0x000002a5e960dd40 JavaThread "Handler for socket connection from /127.0.0.1:54853 to /127.0.0.1:54854"        [_thread_in_native, id=14540, stack(0x000000f696400000,0x000000f696500000) (1024K)]
  0x000002a5e9669b50 JavaThread "Cancel handler"                    [_thread_blocked, id=8272, stack(0x000000f696500000,0x000000f696600000) (1024K)]
  0x000002a5e970b0d0 JavaThread "Daemon worker"                     [_thread_in_Java, id=19592, stack(0x000000f696600000,0x000000f696700000) (1024K)]
  0x000002a5e970d830 JavaThread "Asynchronous log dispatcher for DefaultDaemonConnection: socket connection from /127.0.0.1:54853 to /127.0.0.1:54854"        [_thread_blocked, id=19508, stack(0x000000f696700000,0x000000f696800000) (1024K)]
  0x000002a5e970dec0 JavaThread "Stdin handler"                     [_thread_blocked, id=14384, stack(0x000000f696800000,0x000000f696900000) (1024K)]
  0x000002a5e970bdf0 JavaThread "Daemon client event forwarder"        [_thread_blocked, id=11140, stack(0x000000f696900000,0x000000f696a00000) (1024K)]
  0x000002a5e970b760 JavaThread "Cache worker for journal cache (C:\Users\syahr\.gradle\caches\journal-1)"        [_thread_blocked, id=1336, stack(0x000000f696a00000,0x000000f696b00000) (1024K)]
  0x000002a5e970d1a0 JavaThread "File lock request listener"        [_thread_in_native, id=11524, stack(0x000000f696b00000,0x000000f696c00000) (1024K)]
  0x000002a5e970c480 JavaThread "Cache worker for file hash cache (C:\Users\syahr\.gradle\caches\8.9\fileHashes)"        [_thread_blocked, id=10484, stack(0x000000f696c00000,0x000000f696d00000) (1024K)]
  0x000002a5e9ebf6b0 JavaThread "Cache worker for file hash cache (C:\src\flutter\packages\flutter_tools\gradle\.gradle\8.9\fileHashes)"        [_thread_blocked, id=15892, stack(0x000000f696d00000,0x000000f696e00000) (1024K)]
  0x000002a5e9ebfd40 JavaThread "Cache worker for Build Output Cleanup Cache (C:\src\flutter\packages\flutter_tools\gradle\.gradle\buildOutputCleanup)"        [_thread_blocked, id=10340, stack(0x000000f696e00000,0x000000f696f00000) (1024K)]
  0x000002a5e9ec1e10 JavaThread "File watcher server"        daemon [_thread_in_native, id=21628, stack(0x000000f696f00000,0x000000f697000000) (1024K)]
  0x000002a5e9ec03d0 JavaThread "File watcher consumer"      daemon [_thread_blocked, id=22588, stack(0x000000f697000000,0x000000f697100000) (1024K)]
  0x000002a5e9ebe990 JavaThread "Cache worker for checksums cache (C:\src\flutter\packages\flutter_tools\gradle\.gradle\8.9\checksums)"        [_thread_blocked, id=13060, stack(0x000000f697100000,0x000000f697200000) (1024K)]
  0x000002a5e9ec0a60 JavaThread "Cache worker for file content cache (C:\Users\syahr\.gradle\caches\8.9\fileContent)"        [_thread_blocked, id=18268, stack(0x000000f697200000,0x000000f697300000) (1024K)]
  0x000002a5e9ebf020 JavaThread "Cache worker for cache directory md-rule (C:\Users\syahr\.gradle\caches\8.9\md-rule)"        [_thread_blocked, id=4648, stack(0x000000f697300000,0x000000f697400000) (1024K)]
  0x000002a5e9ec3ee0 JavaThread "Cache worker for cache directory md-supplier (C:\Users\syahr\.gradle\caches\8.9\md-supplier)"        [_thread_blocked, id=16428, stack(0x000000f697400000,0x000000f697500000) (1024K)]
  0x000002a5e9ec31c0 JavaThread "jar transforms"                    [_thread_blocked, id=23512, stack(0x000000f697500000,0x000000f697600000) (1024K)]
  0x000002a5e9ec3850 JavaThread "jar transforms Thread 2"           [_thread_blocked, id=17964, stack(0x000000f697600000,0x000000f697700000) (1024K)]
  0x000002a5e99d9830 JavaThread "Unconstrained build operations"        [_thread_blocked, id=10664, stack(0x000000f697700000,0x000000f697800000) (1024K)]
  0x000002a5e99d7760 JavaThread "Unconstrained build operations Thread 2"        [_thread_blocked, id=21196, stack(0x000000f697800000,0x000000f697900000) (1024K)]
  0x000002a5e99d91a0 JavaThread "Unconstrained build operations Thread 3"        [_thread_blocked, id=11496, stack(0x000000f697900000,0x000000f697a00000) (1024K)]
  0x000002a5e99db270 JavaThread "Unconstrained build operations Thread 4"        [_thread_blocked, id=15736, stack(0x000000f697a00000,0x000000f697b00000) (1024K)]
  0x000002a5e99d8480 JavaThread "Unconstrained build operations Thread 5"        [_thread_blocked, id=8772, stack(0x000000f697b00000,0x000000f697c00000) (1024K)]
  0x000002a5e99d7df0 JavaThread "Unconstrained build operations Thread 6"        [_thread_blocked, id=21924, stack(0x000000f697c00000,0x000000f697d00000) (1024K)]
  0x000002a5e99dd340 JavaThread "Unconstrained build operations Thread 7"        [_thread_blocked, id=9168, stack(0x000000f697d00000,0x000000f697e00000) (1024K)]
  0x000002a5e99dccb0 JavaThread "Unconstrained build operations Thread 8"        [_thread_blocked, id=12520, stack(0x000000f697e00000,0x000000f697f00000) (1024K)]
  0x000002a5e99da550 JavaThread "Unconstrained build operations Thread 9"        [_thread_blocked, id=23296, stack(0x000000f697f00000,0x000000f698000000) (1024K)]
  0x000002a5e99db900 JavaThread "Memory manager"                    [_thread_blocked, id=11696, stack(0x000000f698000000,0x000000f698100000) (1024K)]
Total: 44

Other Threads:
  0x000002a5ce532ae0 VMThread "VM Thread"                           [id=20808, stack(0x000000f695200000,0x000000f695300000) (1024K)]
  0x000002a5ce5230f0 WatcherThread "VM Periodic Task Thread"        [id=13512, stack(0x000000f695100000,0x000000f695200000) (1024K)]
  0x000002a5b9445ea0 WorkerThread "GC Thread#0"                     [id=7588, stack(0x000000f694c00000,0x000000f694d00000) (1024K)]
  0x000002a5ce8cf0a0 WorkerThread "GC Thread#1"                     [id=16596, stack(0x000000f695d00000,0x000000f695e00000) (1024K)]
  0x000002a5ce8cf450 WorkerThread "GC Thread#2"                     [id=12360, stack(0x000000f695e00000,0x000000f695f00000) (1024K)]
  0x000002a5ce910ae0 WorkerThread "GC Thread#3"                     [id=8724, stack(0x000000f695f00000,0x000000f696000000) (1024K)]
  0x000002a5b944c1b0 ConcurrentGCThread "G1 Main Marker"            [id=14136, stack(0x000000f694d00000,0x000000f694e00000) (1024K)]
  0x000002a5b944d3e0 WorkerThread "G1 Conc#0"                       [id=8336, stack(0x000000f694e00000,0x000000f694f00000) (1024K)]
  0x000002a5ce3f8c70 ConcurrentGCThread "G1 Refine#0"               [id=21560, stack(0x000000f694f00000,0x000000f695000000) (1024K)]
  0x000002a5ce3f9700 ConcurrentGCThread "G1 Service"                [id=17932, stack(0x000000f695000000,0x000000f695100000) (1024K)]
Total: 10

Threads with active compile tasks:
C2 CompilerThread0  41229 7324       4       org.objectweb.asm.MethodWriter::computeAllFrames (510 bytes)
C1 CompilerThread0  41229 7346   !   3       org.gradle.internal.instantiation.generator.AbstractClassGenerator::generateUnderLock (702 bytes)
Total: 2

VM state: not at safepoint (normal execution)

VM Mutex/Monitor currently owned by a thread: None

Heap address: 0x00000000e0000000, size: 512 MB, Compressed Oops mode: 32-bit

CDS archive(s) mapped at: [0x000002a5cf000000-0x000002a5cfba0000-0x000002a5cfba0000), size 12189696, SharedBaseAddress: 0x000002a5cf000000, ArchiveRelocationMode: 1.
Compressed class space mapped at: 0x000002a5d0000000-0x000002a5e4000000, reserved size: 335544320
Narrow klass base: 0x000002a5cf000000, Narrow klass shift: 0, Narrow klass range: 0x100000000

GC Precious Log:
 CardTable entry size: 512
 Card Set container configuration: InlinePtr #cards 5 size 8 Array Of Cards #cards 12 size 40 Howl #buckets 4 coarsen threshold 1843 Howl Bitmap #cards 512 size 80 coarsen threshold 460 Card regions per heap region 1 cards per card region 2048
 CPUs: 4 total, 4 available
 Memory: 3836M
 Large Page Support: Disabled
 NUMA Support: Disabled
 Compressed Oops: Enabled (32-bit)
 Heap Region Size: 1M
 Heap Min Capacity: 256M
 Heap Initial Capacity: 256M
 Heap Max Capacity: 512M
 Pre-touch: Disabled
 Parallel Workers: 4
 Concurrent Workers: 1
 Concurrent Refinement Workers: 4
 Periodic GC: Disabled

Heap:
 garbage-first heap   total 262144K, used 156064K [0x00000000e0000000, 0x0000000100000000)
  region size 1024K, 130 young (133120K), 13 survivors (13312K)
 Metaspace       used 57794K, committed 59520K, reserved 393216K
  class space    used 8341K, committed 9216K, reserved 327680K

Heap Regions: E=young(eden), S=young(survivor), O=old, HS=humongous(starts), HC=humongous(continues), CS=collection set, F=free, TAMS=top-at-mark-start, PB=parsable bottom
|   0|0x00000000e0000000, 0x00000000e0100000, 0x00000000e0100000|100%|HS|  |TAMS 0x00000000e0000000| PB 0x00000000e0000000| Complete 
|   1|0x00000000e0100000, 0x00000000e0200000, 0x00000000e0200000|100%|HC|  |TAMS 0x00000000e0100000| PB 0x00000000e0100000| Complete 
|   2|0x00000000e0200000, 0x00000000e0300000, 0x00000000e0300000|100%|HC|  |TAMS 0x00000000e0200000| PB 0x00000000e0200000| Complete 
|   3|0x00000000e0300000, 0x00000000e0400000, 0x00000000e0400000|100%|HC|  |TAMS 0x00000000e0300000| PB 0x00000000e0300000| Complete 
|   4|0x00000000e0400000, 0x00000000e0500000, 0x00000000e0500000|100%| O|  |TAMS 0x00000000e0400000| PB 0x00000000e0400000| Untracked 
|   5|0x00000000e0500000, 0x00000000e0600000, 0x00000000e0600000|100%| O|  |TAMS 0x00000000e0500000| PB 0x00000000e0500000| Untracked 
|   6|0x00000000e0600000, 0x00000000e0700000, 0x00000000e0700000|100%| O|  |TAMS 0x00000000e0600000| PB 0x00000000e0600000| Untracked 
|   7|0x00000000e0700000, 0x00000000e0800000, 0x00000000e0800000|100%|HS|  |TAMS 0x00000000e0700000| PB 0x00000000e0700000| Complete 
|   8|0x00000000e0800000, 0x00000000e0900000, 0x00000000e0900000|100%| O|  |TAMS 0x00000000e0800000| PB 0x00000000e0800000| Untracked 
|   9|0x00000000e0900000, 0x00000000e0a00000, 0x00000000e0a00000|100%| O|  |TAMS 0x00000000e0900000| PB 0x00000000e0900000| Untracked 
|  10|0x00000000e0a00000, 0x00000000e0b00000, 0x00000000e0b00000|100%| O|  |TAMS 0x00000000e0a00000| PB 0x00000000e0a00000| Untracked 
|  11|0x00000000e0b00000, 0x00000000e0c00000, 0x00000000e0c00000|100%| O|  |TAMS 0x00000000e0b00000| PB 0x00000000e0b00000| Untracked 
|  12|0x00000000e0c00000, 0x00000000e0d00000, 0x00000000e0d00000|100%| O|  |TAMS 0x00000000e0c00000| PB 0x00000000e0c00000| Untracked 
|  13|0x00000000e0d00000, 0x00000000e0e00000, 0x00000000e0e00000|100%| O|  |TAMS 0x00000000e0d00000| PB 0x00000000e0d00000| Untracked 
|  14|0x00000000e0e00000, 0x00000000e0f00000, 0x00000000e0f00000|100%| O|  |TAMS 0x00000000e0e00000| PB 0x00000000e0e00000| Untracked 
|  15|0x00000000e0f00000, 0x00000000e1000000, 0x00000000e1000000|100%| O|  |TAMS 0x00000000e0f00000| PB 0x00000000e0f00000| Untracked 
|  16|0x00000000e1000000, 0x00000000e1100000, 0x00000000e1100000|100%| O|  |TAMS 0x00000000e1000000| PB 0x00000000e1000000| Untracked 
|  17|0x00000000e1100000, 0x00000000e1200000, 0x00000000e1200000|100%| O|  |TAMS 0x00000000e1100000| PB 0x00000000e1100000| Untracked 
|  18|0x00000000e1200000, 0x00000000e1300000, 0x00000000e1300000|100%| O|  |TAMS 0x00000000e1200000| PB 0x00000000e1200000| Untracked 
|  19|0x00000000e1300000, 0x00000000e1400000, 0x00000000e1400000|100%| O|  |TAMS 0x00000000e1300000| PB 0x00000000e1300000| Untracked 
|  20|0x00000000e1400000, 0x00000000e1500000, 0x00000000e1500000|100%| O|Cm|TAMS 0x00000000e1400000| PB 0x00000000e1400000| Complete 
|  21|0x00000000e1500000, 0x00000000e1500000, 0x00000000e1600000|  0%| F|  |TAMS 0x00000000e1500000| PB 0x00000000e1500000| Untracked 
|  22|0x00000000e1600000, 0x00000000e1600000, 0x00000000e1700000|  0%| F|  |TAMS 0x00000000e1600000| PB 0x00000000e1600000| Untracked 
|  23|0x00000000e1700000, 0x00000000e1700000, 0x00000000e1800000|  0%| F|  |TAMS 0x00000000e1700000| PB 0x00000000e1700000| Untracked 
|  24|0x00000000e1800000, 0x00000000e1800000, 0x00000000e1900000|  0%| F|  |TAMS 0x00000000e1800000| PB 0x00000000e1800000| Untracked 
|  25|0x00000000e1900000, 0x00000000e1900000, 0x00000000e1a00000|  0%| F|  |TAMS 0x00000000e1900000| PB 0x00000000e1900000| Untracked 
|  26|0x00000000e1a00000, 0x00000000e1a00000, 0x00000000e1b00000|  0%| F|  |TAMS 0x00000000e1a00000| PB 0x00000000e1a00000| Untracked 
|  27|0x00000000e1b00000, 0x00000000e1b00000, 0x00000000e1c00000|  0%| F|  |TAMS 0x00000000e1b00000| PB 0x00000000e1b00000| Untracked 
|  28|0x00000000e1c00000, 0x00000000e1d00000, 0x00000000e1d00000|100%| O|  |TAMS 0x00000000e1c00000| PB 0x00000000e1c00000| Untracked 
|  29|0x00000000e1d00000, 0x00000000e1e00000, 0x00000000e1e00000|100%| O|  |TAMS 0x00000000e1d00000| PB 0x00000000e1d00000| Untracked 
|  30|0x00000000e1e00000, 0x00000000e1ef21b8, 0x00000000e1f00000| 94%| O|  |TAMS 0x00000000e1e00000| PB 0x00000000e1e00000| Untracked 
|  31|0x00000000e1f00000, 0x00000000e1f00000, 0x00000000e2000000|  0%| F|  |TAMS 0x00000000e1f00000| PB 0x00000000e1f00000| Untracked 
|  32|0x00000000e2000000, 0x00000000e2000000, 0x00000000e2100000|  0%| F|  |TAMS 0x00000000e2000000| PB 0x00000000e2000000| Untracked 
|  33|0x00000000e2100000, 0x00000000e2100000, 0x00000000e2200000|  0%| F|  |TAMS 0x00000000e2100000| PB 0x00000000e2100000| Untracked 
|  34|0x00000000e2200000, 0x00000000e2200000, 0x00000000e2300000|  0%| F|  |TAMS 0x00000000e2200000| PB 0x00000000e2200000| Untracked 
|  35|0x00000000e2300000, 0x00000000e2300000, 0x00000000e2400000|  0%| F|  |TAMS 0x00000000e2300000| PB 0x00000000e2300000| Untracked 
|  36|0x00000000e2400000, 0x00000000e2400000, 0x00000000e2500000|  0%| F|  |TAMS 0x00000000e2400000| PB 0x00000000e2400000| Untracked 
|  37|0x00000000e2500000, 0x00000000e2500000, 0x00000000e2600000|  0%| F|  |TAMS 0x00000000e2500000| PB 0x00000000e2500000| Untracked 
|  38|0x00000000e2600000, 0x00000000e2600000, 0x00000000e2700000|  0%| F|  |TAMS 0x00000000e2600000| PB 0x00000000e2600000| Untracked 
|  39|0x00000000e2700000, 0x00000000e2700000, 0x00000000e2800000|  0%| F|  |TAMS 0x00000000e2700000| PB 0x00000000e2700000| Untracked 
|  40|0x00000000e2800000, 0x00000000e2800000, 0x00000000e2900000|  0%| F|  |TAMS 0x00000000e2800000| PB 0x00000000e2800000| Untracked 
|  41|0x00000000e2900000, 0x00000000e2900000, 0x00000000e2a00000|  0%| F|  |TAMS 0x00000000e2900000| PB 0x00000000e2900000| Untracked 
|  42|0x00000000e2a00000, 0x00000000e2a00000, 0x00000000e2b00000|  0%| F|  |TAMS 0x00000000e2a00000| PB 0x00000000e2a00000| Untracked 
|  43|0x00000000e2b00000, 0x00000000e2b00000, 0x00000000e2c00000|  0%| F|  |TAMS 0x00000000e2b00000| PB 0x00000000e2b00000| Untracked 
|  44|0x00000000e2c00000, 0x00000000e2c00000, 0x00000000e2d00000|  0%| F|  |TAMS 0x00000000e2c00000| PB 0x00000000e2c00000| Untracked 
|  45|0x00000000e2d00000, 0x00000000e2d00000, 0x00000000e2e00000|  0%| F|  |TAMS 0x00000000e2d00000| PB 0x00000000e2d00000| Untracked 
|  46|0x00000000e2e00000, 0x00000000e2e00000, 0x00000000e2f00000|  0%| F|  |TAMS 0x00000000e2e00000| PB 0x00000000e2e00000| Untracked 
|  47|0x00000000e2f00000, 0x00000000e2f00000, 0x00000000e3000000|  0%| F|  |TAMS 0x00000000e2f00000| PB 0x00000000e2f00000| Untracked 
|  48|0x00000000e3000000, 0x00000000e3000000, 0x00000000e3100000|  0%| F|  |TAMS 0x00000000e3000000| PB 0x00000000e3000000| Untracked 
|  49|0x00000000e3100000, 0x00000000e3100000, 0x00000000e3200000|  0%| F|  |TAMS 0x00000000e3100000| PB 0x00000000e3100000| Untracked 
|  50|0x00000000e3200000, 0x00000000e3200000, 0x00000000e3300000|  0%| F|  |TAMS 0x00000000e3200000| PB 0x00000000e3200000| Untracked 
|  51|0x00000000e3300000, 0x00000000e3300000, 0x00000000e3400000|  0%| F|  |TAMS 0x00000000e3300000| PB 0x00000000e3300000| Untracked 
|  52|0x00000000e3400000, 0x00000000e3400000, 0x00000000e3500000|  0%| F|  |TAMS 0x00000000e3400000| PB 0x00000000e3400000| Untracked 
|  53|0x00000000e3500000, 0x00000000e3500000, 0x00000000e3600000|  0%| F|  |TAMS 0x00000000e3500000| PB 0x00000000e3500000| Untracked 
|  54|0x00000000e3600000, 0x00000000e3600000, 0x00000000e3700000|  0%| F|  |TAMS 0x00000000e3600000| PB 0x00000000e3600000| Untracked 
|  55|0x00000000e3700000, 0x00000000e3700000, 0x00000000e3800000|  0%| F|  |TAMS 0x00000000e3700000| PB 0x00000000e3700000| Untracked 
|  56|0x00000000e3800000, 0x00000000e3800000, 0x00000000e3900000|  0%| F|  |TAMS 0x00000000e3800000| PB 0x00000000e3800000| Untracked 
|  57|0x00000000e3900000, 0x00000000e3900000, 0x00000000e3a00000|  0%| F|  |TAMS 0x00000000e3900000| PB 0x00000000e3900000| Untracked 
|  58|0x00000000e3a00000, 0x00000000e3a00000, 0x00000000e3b00000|  0%| F|  |TAMS 0x00000000e3a00000| PB 0x00000000e3a00000| Untracked 
|  59|0x00000000e3b00000, 0x00000000e3b00000, 0x00000000e3c00000|  0%| F|  |TAMS 0x00000000e3b00000| PB 0x00000000e3b00000| Untracked 
|  60|0x00000000e3c00000, 0x00000000e3c00000, 0x00000000e3d00000|  0%| F|  |TAMS 0x00000000e3c00000| PB 0x00000000e3c00000| Untracked 
|  61|0x00000000e3d00000, 0x00000000e3d00000, 0x00000000e3e00000|  0%| F|  |TAMS 0x00000000e3d00000| PB 0x00000000e3d00000| Untracked 
|  62|0x00000000e3e00000, 0x00000000e3e00000, 0x00000000e3f00000|  0%| F|  |TAMS 0x00000000e3e00000| PB 0x00000000e3e00000| Untracked 
|  63|0x00000000e3f00000, 0x00000000e3f00000, 0x00000000e4000000|  0%| F|  |TAMS 0x00000000e3f00000| PB 0x00000000e3f00000| Untracked 
|  64|0x00000000e4000000, 0x00000000e4000000, 0x00000000e4100000|  0%| F|  |TAMS 0x00000000e4000000| PB 0x00000000e4000000| Untracked 
|  65|0x00000000e4100000, 0x00000000e4100000, 0x00000000e4200000|  0%| F|  |TAMS 0x00000000e4100000| PB 0x00000000e4100000| Untracked 
|  66|0x00000000e4200000, 0x00000000e4200000, 0x00000000e4300000|  0%| F|  |TAMS 0x00000000e4200000| PB 0x00000000e4200000| Untracked 
|  67|0x00000000e4300000, 0x00000000e4300000, 0x00000000e4400000|  0%| F|  |TAMS 0x00000000e4300000| PB 0x00000000e4300000| Untracked 
|  68|0x00000000e4400000, 0x00000000e4400000, 0x00000000e4500000|  0%| F|  |TAMS 0x00000000e4400000| PB 0x00000000e4400000| Untracked 
|  69|0x00000000e4500000, 0x00000000e4500000, 0x00000000e4600000|  0%| F|  |TAMS 0x00000000e4500000| PB 0x00000000e4500000| Untracked 
|  70|0x00000000e4600000, 0x00000000e4600000, 0x00000000e4700000|  0%| F|  |TAMS 0x00000000e4600000| PB 0x00000000e4600000| Untracked 
|  71|0x00000000e4700000, 0x00000000e4700000, 0x00000000e4800000|  0%| F|  |TAMS 0x00000000e4700000| PB 0x00000000e4700000| Untracked 
|  72|0x00000000e4800000, 0x00000000e4800000, 0x00000000e4900000|  0%| F|  |TAMS 0x00000000e4800000| PB 0x00000000e4800000| Untracked 
|  73|0x00000000e4900000, 0x00000000e4900000, 0x00000000e4a00000|  0%| F|  |TAMS 0x00000000e4900000| PB 0x00000000e4900000| Untracked 
|  74|0x00000000e4a00000, 0x00000000e4a00000, 0x00000000e4b00000|  0%| F|  |TAMS 0x00000000e4a00000| PB 0x00000000e4a00000| Untracked 
|  75|0x00000000e4b00000, 0x00000000e4b00000, 0x00000000e4c00000|  0%| F|  |TAMS 0x00000000e4b00000| PB 0x00000000e4b00000| Untracked 
|  76|0x00000000e4c00000, 0x00000000e4c00000, 0x00000000e4d00000|  0%| F|  |TAMS 0x00000000e4c00000| PB 0x00000000e4c00000| Untracked 
|  77|0x00000000e4d00000, 0x00000000e4d00000, 0x00000000e4e00000|  0%| F|  |TAMS 0x00000000e4d00000| PB 0x00000000e4d00000| Untracked 
|  78|0x00000000e4e00000, 0x00000000e4e00000, 0x00000000e4f00000|  0%| F|  |TAMS 0x00000000e4e00000| PB 0x00000000e4e00000| Untracked 
|  79|0x00000000e4f00000, 0x00000000e4f00000, 0x00000000e5000000|  0%| F|  |TAMS 0x00000000e4f00000| PB 0x00000000e4f00000| Untracked 
|  80|0x00000000e5000000, 0x00000000e5000000, 0x00000000e5100000|  0%| F|  |TAMS 0x00000000e5000000| PB 0x00000000e5000000| Untracked 
|  81|0x00000000e5100000, 0x00000000e5100000, 0x00000000e5200000|  0%| F|  |TAMS 0x00000000e5100000| PB 0x00000000e5100000| Untracked 
|  82|0x00000000e5200000, 0x00000000e5200000, 0x00000000e5300000|  0%| F|  |TAMS 0x00000000e5200000| PB 0x00000000e5200000| Untracked 
|  83|0x00000000e5300000, 0x00000000e5300000, 0x00000000e5400000|  0%| F|  |TAMS 0x00000000e5300000| PB 0x00000000e5300000| Untracked 
|  84|0x00000000e5400000, 0x00000000e5400000, 0x00000000e5500000|  0%| F|  |TAMS 0x00000000e5400000| PB 0x00000000e5400000| Untracked 
|  85|0x00000000e5500000, 0x00000000e5500000, 0x00000000e5600000|  0%| F|  |TAMS 0x00000000e5500000| PB 0x00000000e5500000| Untracked 
|  86|0x00000000e5600000, 0x00000000e5600000, 0x00000000e5700000|  0%| F|  |TAMS 0x00000000e5600000| PB 0x00000000e5600000| Untracked 
|  87|0x00000000e5700000, 0x00000000e5700000, 0x00000000e5800000|  0%| F|  |TAMS 0x00000000e5700000| PB 0x00000000e5700000| Untracked 
|  88|0x00000000e5800000, 0x00000000e5800000, 0x00000000e5900000|  0%| F|  |TAMS 0x00000000e5800000| PB 0x00000000e5800000| Untracked 
|  89|0x00000000e5900000, 0x00000000e5900000, 0x00000000e5a00000|  0%| F|  |TAMS 0x00000000e5900000| PB 0x00000000e5900000| Untracked 
|  90|0x00000000e5a00000, 0x00000000e5a00000, 0x00000000e5b00000|  0%| F|  |TAMS 0x00000000e5a00000| PB 0x00000000e5a00000| Untracked 
|  91|0x00000000e5b00000, 0x00000000e5b00000, 0x00000000e5c00000|  0%| F|  |TAMS 0x00000000e5b00000| PB 0x00000000e5b00000| Untracked 
|  92|0x00000000e5c00000, 0x00000000e5c00000, 0x00000000e5d00000|  0%| F|  |TAMS 0x00000000e5c00000| PB 0x00000000e5c00000| Untracked 
|  93|0x00000000e5d00000, 0x00000000e5d00000, 0x00000000e5e00000|  0%| F|  |TAMS 0x00000000e5d00000| PB 0x00000000e5d00000| Untracked 
|  94|0x00000000e5e00000, 0x00000000e5e00000, 0x00000000e5f00000|  0%| F|  |TAMS 0x00000000e5e00000| PB 0x00000000e5e00000| Untracked 
|  95|0x00000000e5f00000, 0x00000000e5f00000, 0x00000000e6000000|  0%| F|  |TAMS 0x00000000e5f00000| PB 0x00000000e5f00000| Untracked 
|  96|0x00000000e6000000, 0x00000000e6000000, 0x00000000e6100000|  0%| F|  |TAMS 0x00000000e6000000| PB 0x00000000e6000000| Untracked 
|  97|0x00000000e6100000, 0x00000000e6100000, 0x00000000e6200000|  0%| F|  |TAMS 0x00000000e6100000| PB 0x00000000e6100000| Untracked 
|  98|0x00000000e6200000, 0x00000000e6200000, 0x00000000e6300000|  0%| F|  |TAMS 0x00000000e6200000| PB 0x00000000e6200000| Untracked 
|  99|0x00000000e6300000, 0x00000000e6300000, 0x00000000e6400000|  0%| F|  |TAMS 0x00000000e6300000| PB 0x00000000e6300000| Untracked 
| 100|0x00000000e6400000, 0x00000000e6400000, 0x00000000e6500000|  0%| F|  |TAMS 0x00000000e6400000| PB 0x00000000e6400000| Untracked 
| 101|0x00000000e6500000, 0x00000000e6500000, 0x00000000e6600000|  0%| F|  |TAMS 0x00000000e6500000| PB 0x00000000e6500000| Untracked 
| 102|0x00000000e6600000, 0x00000000e6600000, 0x00000000e6700000|  0%| F|  |TAMS 0x00000000e6600000| PB 0x00000000e6600000| Untracked 
| 103|0x00000000e6700000, 0x00000000e6700000, 0x00000000e6800000|  0%| F|  |TAMS 0x00000000e6700000| PB 0x00000000e6700000| Untracked 
| 104|0x00000000e6800000, 0x00000000e6800000, 0x00000000e6900000|  0%| F|  |TAMS 0x00000000e6800000| PB 0x00000000e6800000| Untracked 
| 105|0x00000000e6900000, 0x00000000e6900000, 0x00000000e6a00000|  0%| F|  |TAMS 0x00000000e6900000| PB 0x00000000e6900000| Untracked 
| 106|0x00000000e6a00000, 0x00000000e6a00000, 0x00000000e6b00000|  0%| F|  |TAMS 0x00000000e6a00000| PB 0x00000000e6a00000| Untracked 
| 107|0x00000000e6b00000, 0x00000000e6b00000, 0x00000000e6c00000|  0%| F|  |TAMS 0x00000000e6b00000| PB 0x00000000e6b00000| Untracked 
| 108|0x00000000e6c00000, 0x00000000e6c00000, 0x00000000e6d00000|  0%| F|  |TAMS 0x00000000e6c00000| PB 0x00000000e6c00000| Untracked 
| 109|0x00000000e6d00000, 0x00000000e6d00000, 0x00000000e6e00000|  0%| F|  |TAMS 0x00000000e6d00000| PB 0x00000000e6d00000| Untracked 
| 110|0x00000000e6e00000, 0x00000000e6e00000, 0x00000000e6f00000|  0%| F|  |TAMS 0x00000000e6e00000| PB 0x00000000e6e00000| Untracked 
| 111|0x00000000e6f00000, 0x00000000e6f00000, 0x00000000e7000000|  0%| F|  |TAMS 0x00000000e6f00000| PB 0x00000000e6f00000| Untracked 
| 112|0x00000000e7000000, 0x00000000e7000000, 0x00000000e7100000|  0%| F|  |TAMS 0x00000000e7000000| PB 0x00000000e7000000| Untracked 
| 113|0x00000000e7100000, 0x00000000e7100000, 0x00000000e7200000|  0%| F|  |TAMS 0x00000000e7100000| PB 0x00000000e7100000| Untracked 
| 114|0x00000000e7200000, 0x00000000e7200000, 0x00000000e7300000|  0%| F|  |TAMS 0x00000000e7200000| PB 0x00000000e7200000| Untracked 
| 115|0x00000000e7300000, 0x00000000e7300000, 0x00000000e7400000|  0%| F|  |TAMS 0x00000000e7300000| PB 0x00000000e7300000| Untracked 
| 116|0x00000000e7400000, 0x00000000e7400000, 0x00000000e7500000|  0%| F|  |TAMS 0x00000000e7400000| PB 0x00000000e7400000| Untracked 
| 117|0x00000000e7500000, 0x00000000e7500000, 0x00000000e7600000|  0%| F|  |TAMS 0x00000000e7500000| PB 0x00000000e7500000| Untracked 
| 118|0x00000000e7600000, 0x00000000e7600000, 0x00000000e7700000|  0%| F|  |TAMS 0x00000000e7600000| PB 0x00000000e7600000| Untracked 
| 119|0x00000000e7700000, 0x00000000e7700000, 0x00000000e7800000|  0%| F|  |TAMS 0x00000000e7700000| PB 0x00000000e7700000| Untracked 
| 120|0x00000000e7800000, 0x00000000e7800000, 0x00000000e7900000|  0%| F|  |TAMS 0x00000000e7800000| PB 0x00000000e7800000| Untracked 
| 121|0x00000000e7900000, 0x00000000e7900000, 0x00000000e7a00000|  0%| F|  |TAMS 0x00000000e7900000| PB 0x00000000e7900000| Untracked 
| 122|0x00000000e7a00000, 0x00000000e7a00000, 0x00000000e7b00000|  0%| F|  |TAMS 0x00000000e7a00000| PB 0x00000000e7a00000| Untracked 
| 123|0x00000000e7b00000, 0x00000000e7b00000, 0x00000000e7c00000|  0%| F|  |TAMS 0x00000000e7b00000| PB 0x00000000e7b00000| Untracked 
| 124|0x00000000e7c00000, 0x00000000e7c00000, 0x00000000e7d00000|  0%| F|  |TAMS 0x00000000e7c00000| PB 0x00000000e7c00000| Untracked 
| 125|0x00000000e7d00000, 0x00000000e7d00000, 0x00000000e7e00000|  0%| F|  |TAMS 0x00000000e7d00000| PB 0x00000000e7d00000| Untracked 
| 126|0x00000000e7e00000, 0x00000000e7f00000, 0x00000000e7f00000|100%| E|  |TAMS 0x00000000e7e00000| PB 0x00000000e7e00000| Complete 
| 127|0x00000000e7f00000, 0x00000000e8000000, 0x00000000e8000000|100%| E|CS|TAMS 0x00000000e7f00000| PB 0x00000000e7f00000| Complete 
| 128|0x00000000e8000000, 0x00000000e8100000, 0x00000000e8100000|100%| E|CS|TAMS 0x00000000e8000000| PB 0x00000000e8000000| Complete 
| 129|0x00000000e8100000, 0x00000000e8200000, 0x00000000e8200000|100%| E|CS|TAMS 0x00000000e8100000| PB 0x00000000e8100000| Complete 
| 130|0x00000000e8200000, 0x00000000e8300000, 0x00000000e8300000|100%| E|CS|TAMS 0x00000000e8200000| PB 0x00000000e8200000| Complete 
| 131|0x00000000e8300000, 0x00000000e8400000, 0x00000000e8400000|100%| E|CS|TAMS 0x00000000e8300000| PB 0x00000000e8300000| Complete 
| 132|0x00000000e8400000, 0x00000000e8500000, 0x00000000e8500000|100%| E|CS|TAMS 0x00000000e8400000| PB 0x00000000e8400000| Complete 
| 133|0x00000000e8500000, 0x00000000e8576190, 0x00000000e8600000| 46%| S|CS|TAMS 0x00000000e8500000| PB 0x00000000e8500000| Complete 
| 134|0x00000000e8600000, 0x00000000e8700000, 0x00000000e8700000|100%| S|CS|TAMS 0x00000000e8600000| PB 0x00000000e8600000| Complete 
| 135|0x00000000e8700000, 0x00000000e8800000, 0x00000000e8800000|100%| S|CS|TAMS 0x00000000e8700000| PB 0x00000000e8700000| Complete 
| 136|0x00000000e8800000, 0x00000000e8900000, 0x00000000e8900000|100%| S|CS|TAMS 0x00000000e8800000| PB 0x00000000e8800000| Complete 
| 137|0x00000000e8900000, 0x00000000e8a00000, 0x00000000e8a00000|100%| S|CS|TAMS 0x00000000e8900000| PB 0x00000000e8900000| Complete 
| 138|0x00000000e8a00000, 0x00000000e8b00000, 0x00000000e8b00000|100%| S|CS|TAMS 0x00000000e8a00000| PB 0x00000000e8a00000| Complete 
| 139|0x00000000e8b00000, 0x00000000e8c00000, 0x00000000e8c00000|100%| S|CS|TAMS 0x00000000e8b00000| PB 0x00000000e8b00000| Complete 
| 140|0x00000000e8c00000, 0x00000000e8d00000, 0x00000000e8d00000|100%| S|CS|TAMS 0x00000000e8c00000| PB 0x00000000e8c00000| Complete 
| 141|0x00000000e8d00000, 0x00000000e8e00000, 0x00000000e8e00000|100%| S|CS|TAMS 0x00000000e8d00000| PB 0x00000000e8d00000| Complete 
| 142|0x00000000e8e00000, 0x00000000e8f00000, 0x00000000e8f00000|100%| S|CS|TAMS 0x00000000e8e00000| PB 0x00000000e8e00000| Complete 
| 143|0x00000000e8f00000, 0x00000000e9000000, 0x00000000e9000000|100%| S|CS|TAMS 0x00000000e8f00000| PB 0x00000000e8f00000| Complete 
| 144|0x00000000e9000000, 0x00000000e9100000, 0x00000000e9100000|100%| S|CS|TAMS 0x00000000e9000000| PB 0x00000000e9000000| Complete 
| 145|0x00000000e9100000, 0x00000000e9200000, 0x00000000e9200000|100%| S|CS|TAMS 0x00000000e9100000| PB 0x00000000e9100000| Complete 
| 146|0x00000000e9200000, 0x00000000e9300000, 0x00000000e9300000|100%| E|CS|TAMS 0x00000000e9200000| PB 0x00000000e9200000| Complete 
| 147|0x00000000e9300000, 0x00000000e9400000, 0x00000000e9400000|100%| E|CS|TAMS 0x00000000e9300000| PB 0x00000000e9300000| Complete 
| 148|0x00000000e9400000, 0x00000000e9500000, 0x00000000e9500000|100%| E|CS|TAMS 0x00000000e9400000| PB 0x00000000e9400000| Complete 
| 149|0x00000000e9500000, 0x00000000e9600000, 0x00000000e9600000|100%| E|CS|TAMS 0x00000000e9500000| PB 0x00000000e9500000| Complete 
| 150|0x00000000e9600000, 0x00000000e9700000, 0x00000000e9700000|100%| E|CS|TAMS 0x00000000e9600000| PB 0x00000000e9600000| Complete 
| 151|0x00000000e9700000, 0x00000000e9800000, 0x00000000e9800000|100%| E|CS|TAMS 0x00000000e9700000| PB 0x00000000e9700000| Complete 
| 152|0x00000000e9800000, 0x00000000e9900000, 0x00000000e9900000|100%| E|CS|TAMS 0x00000000e9800000| PB 0x00000000e9800000| Complete 
| 153|0x00000000e9900000, 0x00000000e9a00000, 0x00000000e9a00000|100%| E|CS|TAMS 0x00000000e9900000| PB 0x00000000e9900000| Complete 
| 154|0x00000000e9a00000, 0x00000000e9b00000, 0x00000000e9b00000|100%| E|CS|TAMS 0x00000000e9a00000| PB 0x00000000e9a00000| Complete 
| 155|0x00000000e9b00000, 0x00000000e9c00000, 0x00000000e9c00000|100%| E|CS|TAMS 0x00000000e9b00000| PB 0x00000000e9b00000| Complete 
| 156|0x00000000e9c00000, 0x00000000e9d00000, 0x00000000e9d00000|100%| E|CS|TAMS 0x00000000e9c00000| PB 0x00000000e9c00000| Complete 
| 157|0x00000000e9d00000, 0x00000000e9e00000, 0x00000000e9e00000|100%| E|CS|TAMS 0x00000000e9d00000| PB 0x00000000e9d00000| Complete 
| 158|0x00000000e9e00000, 0x00000000e9f00000, 0x00000000e9f00000|100%| E|CS|TAMS 0x00000000e9e00000| PB 0x00000000e9e00000| Complete 
| 159|0x00000000e9f00000, 0x00000000ea000000, 0x00000000ea000000|100%| E|CS|TAMS 0x00000000e9f00000| PB 0x00000000e9f00000| Complete 
| 160|0x00000000ea000000, 0x00000000ea100000, 0x00000000ea100000|100%| E|CS|TAMS 0x00000000ea000000| PB 0x00000000ea000000| Complete 
| 161|0x00000000ea100000, 0x00000000ea200000, 0x00000000ea200000|100%| E|CS|TAMS 0x00000000ea100000| PB 0x00000000ea100000| Complete 
| 162|0x00000000ea200000, 0x00000000ea300000, 0x00000000ea300000|100%| E|CS|TAMS 0x00000000ea200000| PB 0x00000000ea200000| Complete 
| 163|0x00000000ea300000, 0x00000000ea400000, 0x00000000ea400000|100%| E|CS|TAMS 0x00000000ea300000| PB 0x00000000ea300000| Complete 
| 164|0x00000000ea400000, 0x00000000ea500000, 0x00000000ea500000|100%| E|CS|TAMS 0x00000000ea400000| PB 0x00000000ea400000| Complete 
| 165|0x00000000ea500000, 0x00000000ea600000, 0x00000000ea600000|100%| E|CS|TAMS 0x00000000ea500000| PB 0x00000000ea500000| Complete 
| 166|0x00000000ea600000, 0x00000000ea700000, 0x00000000ea700000|100%| E|CS|TAMS 0x00000000ea600000| PB 0x00000000ea600000| Complete 
| 167|0x00000000ea700000, 0x00000000ea800000, 0x00000000ea800000|100%| E|CS|TAMS 0x00000000ea700000| PB 0x00000000ea700000| Complete 
| 168|0x00000000ea800000, 0x00000000ea900000, 0x00000000ea900000|100%| E|CS|TAMS 0x00000000ea800000| PB 0x00000000ea800000| Complete 
| 169|0x00000000ea900000, 0x00000000eaa00000, 0x00000000eaa00000|100%| E|CS|TAMS 0x00000000ea900000| PB 0x00000000ea900000| Complete 
| 170|0x00000000eaa00000, 0x00000000eab00000, 0x00000000eab00000|100%| E|CS|TAMS 0x00000000eaa00000| PB 0x00000000eaa00000| Complete 
| 171|0x00000000eab00000, 0x00000000eac00000, 0x00000000eac00000|100%| E|CS|TAMS 0x00000000eab00000| PB 0x00000000eab00000| Complete 
| 172|0x00000000eac00000, 0x00000000ead00000, 0x00000000ead00000|100%| E|CS|TAMS 0x00000000eac00000| PB 0x00000000eac00000| Complete 
| 173|0x00000000ead00000, 0x00000000eae00000, 0x00000000eae00000|100%| E|CS|TAMS 0x00000000ead00000| PB 0x00000000ead00000| Complete 
| 174|0x00000000eae00000, 0x00000000eaf00000, 0x00000000eaf00000|100%| E|CS|TAMS 0x00000000eae00000| PB 0x00000000eae00000| Complete 
| 175|0x00000000eaf00000, 0x00000000eb000000, 0x00000000eb000000|100%| E|CS|TAMS 0x00000000eaf00000| PB 0x00000000eaf00000| Complete 
| 176|0x00000000eb000000, 0x00000000eb100000, 0x00000000eb100000|100%| E|CS|TAMS 0x00000000eb000000| PB 0x00000000eb000000| Complete 
| 177|0x00000000eb100000, 0x00000000eb200000, 0x00000000eb200000|100%| E|CS|TAMS 0x00000000eb100000| PB 0x00000000eb100000| Complete 
| 178|0x00000000eb200000, 0x00000000eb300000, 0x00000000eb300000|100%| E|CS|TAMS 0x00000000eb200000| PB 0x00000000eb200000| Complete 
| 179|0x00000000eb300000, 0x00000000eb400000, 0x00000000eb400000|100%| E|CS|TAMS 0x00000000eb300000| PB 0x00000000eb300000| Complete 
| 180|0x00000000eb400000, 0x00000000eb500000, 0x00000000eb500000|100%| E|CS|TAMS 0x00000000eb400000| PB 0x00000000eb400000| Complete 
| 181|0x00000000eb500000, 0x00000000eb600000, 0x00000000eb600000|100%| E|CS|TAMS 0x00000000eb500000| PB 0x00000000eb500000| Complete 
| 182|0x00000000eb600000, 0x00000000eb700000, 0x00000000eb700000|100%| E|CS|TAMS 0x00000000eb600000| PB 0x00000000eb600000| Complete 
| 183|0x00000000eb700000, 0x00000000eb800000, 0x00000000eb800000|100%| E|CS|TAMS 0x00000000eb700000| PB 0x00000000eb700000| Complete 
| 184|0x00000000eb800000, 0x00000000eb900000, 0x00000000eb900000|100%| E|CS|TAMS 0x00000000eb800000| PB 0x00000000eb800000| Complete 
| 185|0x00000000eb900000, 0x00000000eba00000, 0x00000000eba00000|100%| E|CS|TAMS 0x00000000eb900000| PB 0x00000000eb900000| Complete 
| 186|0x00000000eba00000, 0x00000000ebb00000, 0x00000000ebb00000|100%| E|CS|TAMS 0x00000000eba00000| PB 0x00000000eba00000| Complete 
| 187|0x00000000ebb00000, 0x00000000ebc00000, 0x00000000ebc00000|100%| E|CS|TAMS 0x00000000ebb00000| PB 0x00000000ebb00000| Complete 
| 188|0x00000000ebc00000, 0x00000000ebd00000, 0x00000000ebd00000|100%| E|CS|TAMS 0x00000000ebc00000| PB 0x00000000ebc00000| Complete 
| 189|0x00000000ebd00000, 0x00000000ebe00000, 0x00000000ebe00000|100%| E|CS|TAMS 0x00000000ebd00000| PB 0x00000000ebd00000| Complete 
| 190|0x00000000ebe00000, 0x00000000ebf00000, 0x00000000ebf00000|100%| E|CS|TAMS 0x00000000ebe00000| PB 0x00000000ebe00000| Complete 
| 191|0x00000000ebf00000, 0x00000000ec000000, 0x00000000ec000000|100%| E|CS|TAMS 0x00000000ebf00000| PB 0x00000000ebf00000| Complete 
| 192|0x00000000ec000000, 0x00000000ec100000, 0x00000000ec100000|100%| E|CS|TAMS 0x00000000ec000000| PB 0x00000000ec000000| Complete 
| 193|0x00000000ec100000, 0x00000000ec200000, 0x00000000ec200000|100%| E|CS|TAMS 0x00000000ec100000| PB 0x00000000ec100000| Complete 
| 194|0x00000000ec200000, 0x00000000ec300000, 0x00000000ec300000|100%| E|CS|TAMS 0x00000000ec200000| PB 0x00000000ec200000| Complete 
| 195|0x00000000ec300000, 0x00000000ec400000, 0x00000000ec400000|100%| E|CS|TAMS 0x00000000ec300000| PB 0x00000000ec300000| Complete 
| 196|0x00000000ec400000, 0x00000000ec500000, 0x00000000ec500000|100%| E|CS|TAMS 0x00000000ec400000| PB 0x00000000ec400000| Complete 
| 197|0x00000000ec500000, 0x00000000ec600000, 0x00000000ec600000|100%| E|CS|TAMS 0x00000000ec500000| PB 0x00000000ec500000| Complete 
| 198|0x00000000ec600000, 0x00000000ec700000, 0x00000000ec700000|100%| E|CS|TAMS 0x00000000ec600000| PB 0x00000000ec600000| Complete 
| 199|0x00000000ec700000, 0x00000000ec800000, 0x00000000ec800000|100%| E|CS|TAMS 0x00000000ec700000| PB 0x00000000ec700000| Complete 
| 200|0x00000000ec800000, 0x00000000ec900000, 0x00000000ec900000|100%| E|CS|TAMS 0x00000000ec800000| PB 0x00000000ec800000| Complete 
| 201|0x00000000ec900000, 0x00000000eca00000, 0x00000000eca00000|100%| E|CS|TAMS 0x00000000ec900000| PB 0x00000000ec900000| Complete 
| 202|0x00000000eca00000, 0x00000000ecb00000, 0x00000000ecb00000|100%| E|CS|TAMS 0x00000000eca00000| PB 0x00000000eca00000| Complete 
| 203|0x00000000ecb00000, 0x00000000ecc00000, 0x00000000ecc00000|100%| E|CS|TAMS 0x00000000ecb00000| PB 0x00000000ecb00000| Complete 
| 204|0x00000000ecc00000, 0x00000000ecd00000, 0x00000000ecd00000|100%| E|CS|TAMS 0x00000000ecc00000| PB 0x00000000ecc00000| Complete 
| 205|0x00000000ecd00000, 0x00000000ece00000, 0x00000000ece00000|100%| E|CS|TAMS 0x00000000ecd00000| PB 0x00000000ecd00000| Complete 
| 206|0x00000000ece00000, 0x00000000ecf00000, 0x00000000ecf00000|100%| E|CS|TAMS 0x00000000ece00000| PB 0x00000000ece00000| Complete 
| 207|0x00000000ecf00000, 0x00000000ed000000, 0x00000000ed000000|100%| E|CS|TAMS 0x00000000ecf00000| PB 0x00000000ecf00000| Complete 
| 208|0x00000000ed000000, 0x00000000ed100000, 0x00000000ed100000|100%| E|CS|TAMS 0x00000000ed000000| PB 0x00000000ed000000| Complete 
| 209|0x00000000ed100000, 0x00000000ed200000, 0x00000000ed200000|100%| E|CS|TAMS 0x00000000ed100000| PB 0x00000000ed100000| Complete 
| 210|0x00000000ed200000, 0x00000000ed300000, 0x00000000ed300000|100%| E|CS|TAMS 0x00000000ed200000| PB 0x00000000ed200000| Complete 
| 211|0x00000000ed300000, 0x00000000ed400000, 0x00000000ed400000|100%| E|CS|TAMS 0x00000000ed300000| PB 0x00000000ed300000| Complete 
| 212|0x00000000ed400000, 0x00000000ed500000, 0x00000000ed500000|100%| E|CS|TAMS 0x00000000ed400000| PB 0x00000000ed400000| Complete 
| 213|0x00000000ed500000, 0x00000000ed600000, 0x00000000ed600000|100%| E|CS|TAMS 0x00000000ed500000| PB 0x00000000ed500000| Complete 
| 214|0x00000000ed600000, 0x00000000ed700000, 0x00000000ed700000|100%| E|CS|TAMS 0x00000000ed600000| PB 0x00000000ed600000| Complete 
| 215|0x00000000ed700000, 0x00000000ed800000, 0x00000000ed800000|100%| E|CS|TAMS 0x00000000ed700000| PB 0x00000000ed700000| Complete 
| 216|0x00000000ed800000, 0x00000000ed900000, 0x00000000ed900000|100%| E|CS|TAMS 0x00000000ed800000| PB 0x00000000ed800000| Complete 
| 217|0x00000000ed900000, 0x00000000eda00000, 0x00000000eda00000|100%| E|CS|TAMS 0x00000000ed900000| PB 0x00000000ed900000| Complete 
| 218|0x00000000eda00000, 0x00000000edb00000, 0x00000000edb00000|100%| E|CS|TAMS 0x00000000eda00000| PB 0x00000000eda00000| Complete 
| 219|0x00000000edb00000, 0x00000000edc00000, 0x00000000edc00000|100%| E|CS|TAMS 0x00000000edb00000| PB 0x00000000edb00000| Complete 
| 220|0x00000000edc00000, 0x00000000edd00000, 0x00000000edd00000|100%| E|CS|TAMS 0x00000000edc00000| PB 0x00000000edc00000| Complete 
| 221|0x00000000edd00000, 0x00000000ede00000, 0x00000000ede00000|100%| E|CS|TAMS 0x00000000edd00000| PB 0x00000000edd00000| Complete 
| 222|0x00000000ede00000, 0x00000000edf00000, 0x00000000edf00000|100%| E|CS|TAMS 0x00000000ede00000| PB 0x00000000ede00000| Complete 
| 223|0x00000000edf00000, 0x00000000ee000000, 0x00000000ee000000|100%| E|CS|TAMS 0x00000000edf00000| PB 0x00000000edf00000| Complete 
| 224|0x00000000ee000000, 0x00000000ee100000, 0x00000000ee100000|100%| E|CS|TAMS 0x00000000ee000000| PB 0x00000000ee000000| Complete 
| 225|0x00000000ee100000, 0x00000000ee200000, 0x00000000ee200000|100%| E|CS|TAMS 0x00000000ee100000| PB 0x00000000ee100000| Complete 
| 226|0x00000000ee200000, 0x00000000ee300000, 0x00000000ee300000|100%| E|CS|TAMS 0x00000000ee200000| PB 0x00000000ee200000| Complete 
| 227|0x00000000ee300000, 0x00000000ee400000, 0x00000000ee400000|100%| E|CS|TAMS 0x00000000ee300000| PB 0x00000000ee300000| Complete 
| 228|0x00000000ee400000, 0x00000000ee500000, 0x00000000ee500000|100%| E|CS|TAMS 0x00000000ee400000| PB 0x00000000ee400000| Complete 
| 229|0x00000000ee500000, 0x00000000ee600000, 0x00000000ee600000|100%| E|CS|TAMS 0x00000000ee500000| PB 0x00000000ee500000| Complete 
| 230|0x00000000ee600000, 0x00000000ee700000, 0x00000000ee700000|100%| E|CS|TAMS 0x00000000ee600000| PB 0x00000000ee600000| Complete 
| 231|0x00000000ee700000, 0x00000000ee800000, 0x00000000ee800000|100%| E|CS|TAMS 0x00000000ee700000| PB 0x00000000ee700000| Complete 
| 232|0x00000000ee800000, 0x00000000ee900000, 0x00000000ee900000|100%| E|CS|TAMS 0x00000000ee800000| PB 0x00000000ee800000| Complete 
| 233|0x00000000ee900000, 0x00000000eea00000, 0x00000000eea00000|100%| E|CS|TAMS 0x00000000ee900000| PB 0x00000000ee900000| Complete 
| 234|0x00000000eea00000, 0x00000000eeb00000, 0x00000000eeb00000|100%| E|CS|TAMS 0x00000000eea00000| PB 0x00000000eea00000| Complete 
| 235|0x00000000eeb00000, 0x00000000eec00000, 0x00000000eec00000|100%| E|CS|TAMS 0x00000000eeb00000| PB 0x00000000eeb00000| Complete 
| 236|0x00000000eec00000, 0x00000000eed00000, 0x00000000eed00000|100%| E|CS|TAMS 0x00000000eec00000| PB 0x00000000eec00000| Complete 
| 237|0x00000000eed00000, 0x00000000eee00000, 0x00000000eee00000|100%| E|CS|TAMS 0x00000000eed00000| PB 0x00000000eed00000| Complete 
| 238|0x00000000eee00000, 0x00000000eef00000, 0x00000000eef00000|100%| E|CS|TAMS 0x00000000eee00000| PB 0x00000000eee00000| Complete 
| 239|0x00000000eef00000, 0x00000000ef000000, 0x00000000ef000000|100%| E|CS|TAMS 0x00000000eef00000| PB 0x00000000eef00000| Complete 
| 240|0x00000000ef000000, 0x00000000ef100000, 0x00000000ef100000|100%| E|CS|TAMS 0x00000000ef000000| PB 0x00000000ef000000| Complete 
| 241|0x00000000ef100000, 0x00000000ef200000, 0x00000000ef200000|100%| E|CS|TAMS 0x00000000ef100000| PB 0x00000000ef100000| Complete 
| 242|0x00000000ef200000, 0x00000000ef300000, 0x00000000ef300000|100%| E|CS|TAMS 0x00000000ef200000| PB 0x00000000ef200000| Complete 
| 243|0x00000000ef300000, 0x00000000ef400000, 0x00000000ef400000|100%| E|CS|TAMS 0x00000000ef300000| PB 0x00000000ef300000| Complete 
| 244|0x00000000ef400000, 0x00000000ef500000, 0x00000000ef500000|100%| E|CS|TAMS 0x00000000ef400000| PB 0x00000000ef400000| Complete 
| 245|0x00000000ef500000, 0x00000000ef600000, 0x00000000ef600000|100%| E|CS|TAMS 0x00000000ef500000| PB 0x00000000ef500000| Complete 
| 246|0x00000000ef600000, 0x00000000ef700000, 0x00000000ef700000|100%| E|CS|TAMS 0x00000000ef600000| PB 0x00000000ef600000| Complete 
| 247|0x00000000ef700000, 0x00000000ef800000, 0x00000000ef800000|100%| E|CS|TAMS 0x00000000ef700000| PB 0x00000000ef700000| Complete 
| 248|0x00000000ef800000, 0x00000000ef900000, 0x00000000ef900000|100%| E|CS|TAMS 0x00000000ef800000| PB 0x00000000ef800000| Complete 
| 249|0x00000000ef900000, 0x00000000efa00000, 0x00000000efa00000|100%| E|CS|TAMS 0x00000000ef900000| PB 0x00000000ef900000| Complete 
| 250|0x00000000efa00000, 0x00000000efb00000, 0x00000000efb00000|100%| E|CS|TAMS 0x00000000efa00000| PB 0x00000000efa00000| Complete 
| 251|0x00000000efb00000, 0x00000000efc00000, 0x00000000efc00000|100%| E|CS|TAMS 0x00000000efb00000| PB 0x00000000efb00000| Complete 
| 252|0x00000000efc00000, 0x00000000efd00000, 0x00000000efd00000|100%| E|CS|TAMS 0x00000000efc00000| PB 0x00000000efc00000| Complete 
| 253|0x00000000efd00000, 0x00000000efe00000, 0x00000000efe00000|100%| E|CS|TAMS 0x00000000efd00000| PB 0x00000000efd00000| Complete 
| 254|0x00000000efe00000, 0x00000000eff00000, 0x00000000eff00000|100%| E|CS|TAMS 0x00000000efe00000| PB 0x00000000efe00000| Complete 
| 255|0x00000000eff00000, 0x00000000f0000000, 0x00000000f0000000|100%| E|CS|TAMS 0x00000000eff00000| PB 0x00000000eff00000| Complete 

Card table byte_map: [0x000002a5cb620000,0x000002a5cb720000] _byte_map_base: 0x000002a5caf20000

Marking Bits: (CMBitMap*) 0x000002a5b94464c0
 Bits: [0x000002a5cb720000, 0x000002a5cbf20000)

Polling page: 0x000002a5b7470000

Metaspace:

Usage:
  Non-class:     48.33 MB used.
      Class:      8.15 MB used.
       Both:     56.48 MB used.

Virtual space:
  Non-class space:       64.00 MB reserved,      49.19 MB ( 77%) committed,  1 nodes.
      Class space:      320.00 MB reserved,       9.00 MB (  3%) committed,  1 nodes.
             Both:      384.00 MB reserved,      58.19 MB ( 15%) committed. 

Chunk freelists:
   Non-Class:  14.22 MB
       Class:  6.81 MB
        Both:  21.03 MB

MaxMetaspaceSize: 384.00 MB
CompressedClassSpaceSize: 320.00 MB
Initial GC threshold: 21.00 MB
Current GC threshold: 59.06 MB
CDS: on
 - commit_granule_bytes: 65536.
 - commit_granule_words: 8192.
 - virtual_space_node_default_size: 8388608.
 - enlarge_chunks_in_place: 1.
 - use_allocation_guard: 0.


Internal statistics:

num_allocs_failed_limit: 6.
num_arena_births: 3174.
num_arena_deaths: 0.
num_vsnodes_births: 2.
num_vsnodes_deaths: 0.
num_space_committed: 931.
num_space_uncommitted: 0.
num_chunks_returned_to_freelist: 6.
num_chunks_taken_from_freelist: 5734.
num_chunk_merges: 6.
num_chunk_splits: 3710.
num_chunks_enlarged: 2259.
num_inconsistent_stats: 0.

CodeHeap 'non-profiled nmethods': size=120000Kb used=3716Kb max_used=3716Kb free=116284Kb
 bounds [0x000002a5c40f0000, 0x000002a5c44a0000, 0x000002a5cb620000]
CodeHeap 'profiled nmethods': size=120000Kb used=13370Kb max_used=13370Kb free=106629Kb
 bounds [0x000002a5bc620000, 0x000002a5bd330000, 0x000002a5c3b50000]
CodeHeap 'non-nmethods': size=5760Kb used=2890Kb max_used=2916Kb free=2869Kb
 bounds [0x000002a5c3b50000, 0x000002a5c3e30000, 0x000002a5c40f0000]
CodeCache: size=245760Kb, used=19976Kb, max_used=20002Kb, free=225782Kb
 total_blobs=7766, nmethods=6843, adapters=827, full_count=0
Compilation: enabled, stopped_count=0, restarted_count=0

Compilation events (20 events):
Event: 41.039 Thread 0x000002a5ce588980 7329       3       org.gradle.internal.instantiation.generator.AsmBackedClassGenerator$ClassBuilderImpl$16::<init> (144 bytes)
Event: 41.041 Thread 0x000002a5ce588980 nmethod 7329 0x000002a5bd316790 code [0x000002a5bd316b80, 0x000002a5bd318fd0]
Event: 41.042 Thread 0x000002a5ce588980 7331       3       org.gradle.model.internal.asm.BytecodeFragment$$Lambda/0x000002a5d01df888::emit (5 bytes)
Event: 41.042 Thread 0x000002a5ce588980 nmethod 7331 0x000002a5bd319a10 code [0x000002a5bd319bc0, 0x000002a5bd319d20]
Event: 41.042 Thread 0x000002a5ce588980 7332       3       org.gradle.model.internal.asm.BytecodeFragment::lambda$static$0 (1 bytes)
Event: 41.042 Thread 0x000002a5ce588980 nmethod 7332 0x000002a5bd319e10 code [0x000002a5bd319fa0, 0x000002a5bd31a088]
Event: 41.045 Thread 0x000002a5ce588980 7333       3       java.util.regex.Pattern$SliceNode::<init> (10 bytes)
Event: 41.045 Thread 0x000002a5ce588980 nmethod 7333 0x000002a5bd31a110 code [0x000002a5bd31a2c0, 0x000002a5bd31a550]
Event: 41.047 Thread 0x000002a5ce588980 7335       3       org.gradle.internal.service.DefaultServiceRegistry::serviceRequested (42 bytes)
Event: 41.050 Thread 0x000002a5ce588980 nmethod 7335 0x000002a5bd31a610 code [0x000002a5bd31a9e0, 0x000002a5bd31c228]
Event: 41.050 Thread 0x000002a5ce588980 7336       3       org.gradle.internal.service.DefaultServiceRegistry::noLongerMutable (15 bytes)
Event: 41.052 Thread 0x000002a5ce588980 nmethod 7336 0x000002a5bd31ca90 code [0x000002a5bd31cd40, 0x000002a5bd31d998]
Event: 41.052 Thread 0x000002a5ce588980 7337  s    3       org.gradle.internal.classloader.VisitableURLClassLoader::getUserData (48 bytes)
Event: 41.053 Thread 0x000002a5ce588980 nmethod 7337 0x000002a5bd31de10 code [0x000002a5bd31e020, 0x000002a5bd31e648]
Event: 41.053 Thread 0x000002a5ce588980 7338       1       org.gradle.model.internal.asm.AsmClassGenerator::getGeneratedType (5 bytes)
Event: 41.053 Thread 0x000002a5ce588980 nmethod 7338 0x000002a5c4490d10 code [0x000002a5c4490ea0, 0x000002a5c4490f68]
Event: 41.067 Thread 0x000002a5ce588980 7339       3       java.lang.reflect.ProxyGenerator::addProxyMethod (190 bytes)
Event: 41.069 Thread 0x000002a5ce588980 nmethod 7339 0x000002a5bd31e810 code [0x000002a5bd31eb60, 0x000002a5bd31ff70]
Event: 41.083 Thread 0x000002a5ce588980 7340       3       java.lang.invoke.InvokerBytecodeGenerator::isStaticallyInvocableType (50 bytes)
Event: 41.084 Thread 0x000002a5ce588980 nmethod 7340 0x000002a5bd320690 code [0x000002a5bd320860, 0x000002a5bd320b68]

GC Heap History (12 events):
Event: 0.484 GC heap before
{Heap before GC invocations=0 (full 0):
 garbage-first heap   total 262144K, used 13312K [0x00000000e0000000, 0x0000000100000000)
  region size 1024K, 13 young (13312K), 0 survivors (0K)
 Metaspace       used 823K, committed 960K, reserved 393216K
  class space    used 70K, committed 128K, reserved 327680K
}
Event: 0.499 GC heap after
{Heap after GC invocations=1 (full 0):
 garbage-first heap   total 262144K, used 1280K [0x00000000e0000000, 0x0000000100000000)
  region size 1024K, 2 young (2048K), 2 survivors (2048K)
 Metaspace       used 823K, committed 960K, reserved 393216K
  class space    used 70K, committed 128K, reserved 327680K
}
Event: 2.097 GC heap before
{Heap before GC invocations=1 (full 0):
 garbage-first heap   total 262144K, used 29952K [0x00000000e0000000, 0x0000000100000000)
  region size 1024K, 27 young (27648K), 2 survivors (2048K)
 Metaspace       used 4245K, committed 4480K, reserved 393216K
  class space    used 544K, committed 640K, reserved 327680K
}
Event: 2.105 GC heap after
{Heap after GC invocations=2 (full 0):
 garbage-first heap   total 262144K, used 11205K [0x00000000e0000000, 0x0000000100000000)
  region size 1024K, 4 young (4096K), 4 survivors (4096K)
 Metaspace       used 4245K, committed 4480K, reserved 393216K
  class space    used 544K, committed 640K, reserved 327680K
}
Event: 6.428 GC heap before
{Heap before GC invocations=2 (full 0):
 garbage-first heap   total 262144K, used 110533K [0x00000000e0000000, 0x0000000100000000)
  region size 1024K, 100 young (102400K), 4 survivors (4096K)
 Metaspace       used 14495K, committed 14976K, reserved 393216K
  class space    used 2028K, committed 2240K, reserved 327680K
}
Event: 6.442 GC heap after
{Heap after GC invocations=3 (full 0):
 garbage-first heap   total 262144K, used 21557K [0x00000000e0000000, 0x0000000100000000)
  region size 1024K, 13 young (13312K), 13 survivors (13312K)
 Metaspace       used 14495K, committed 14976K, reserved 393216K
  class space    used 2028K, committed 2240K, reserved 327680K
}
Event: 10.280 GC heap before
{Heap before GC invocations=3 (full 0):
 garbage-first heap   total 262144K, used 65589K [0x00000000e0000000, 0x0000000100000000)
  region size 1024K, 58 young (59392K), 13 survivors (13312K)
 Metaspace       used 20797K, committed 21504K, reserved 393216K
  class space    used 3055K, committed 3392K, reserved 327680K
}
Event: 10.294 GC heap after
{Heap after GC invocations=4 (full 0):
 garbage-first heap   total 262144K, used 25600K [0x00000000e0000000, 0x0000000100000000)
  region size 1024K, 4 young (4096K), 4 survivors (4096K)
 Metaspace       used 20797K, committed 21504K, reserved 393216K
  class space    used 3055K, committed 3392K, reserved 327680K
}
Event: 22.336 GC heap before
{Heap before GC invocations=5 (full 0):
 garbage-first heap   total 262144K, used 116736K [0x00000000e0000000, 0x0000000100000000)
  region size 1024K, 95 young (97280K), 4 survivors (4096K)
 Metaspace       used 34789K, committed 35968K, reserved 393216K
  class space    used 5137K, committed 5696K, reserved 327680K
}
Event: 22.400 GC heap after
{Heap after GC invocations=6 (full 0):
 garbage-first heap   total 262144K, used 31195K [0x00000000e0000000, 0x0000000100000000)
  region size 1024K, 10 young (10240K), 10 survivors (10240K)
 Metaspace       used 34789K, committed 35968K, reserved 393216K
  class space    used 5137K, committed 5696K, reserved 327680K
}
Event: 28.561 GC heap before
{Heap before GC invocations=7 (full 0):
 garbage-first heap   total 262144K, used 139739K [0x00000000e0000000, 0x0000000100000000)
  region size 1024K, 110 young (112640K), 10 survivors (10240K)
 Metaspace       used 43545K, committed 44992K, reserved 393216K
  class space    used 6290K, committed 6976K, reserved 327680K
}
Event: 28.602 GC heap after
{Heap after GC invocations=8 (full 0):
 garbage-first heap   total 262144K, used 37280K [0x00000000e0000000, 0x0000000100000000)
  region size 1024K, 13 young (13312K), 13 survivors (13312K)
 Metaspace       used 43545K, committed 44992K, reserved 393216K
  class space    used 6290K, committed 6976K, reserved 327680K
}

Dll operation events (14 events):
Event: 0.020 Loaded shared library C:\Users\syahr\.vscode\extensions\redhat.java-1.54.0-win32-x64\jre\21.0.10-win32-x86_64\bin\java.dll
Event: 0.130 Loaded shared library C:\Users\syahr\.vscode\extensions\redhat.java-1.54.0-win32-x64\jre\21.0.10-win32-x86_64\bin\zip.dll
Event: 0.155 Loaded shared library C:\Users\syahr\.vscode\extensions\redhat.java-1.54.0-win32-x64\jre\21.0.10-win32-x86_64\bin\instrument.dll
Event: 0.162 Loaded shared library C:\Users\syahr\.vscode\extensions\redhat.java-1.54.0-win32-x64\jre\21.0.10-win32-x86_64\bin\net.dll
Event: 0.165 Loaded shared library C:\Users\syahr\.vscode\extensions\redhat.java-1.54.0-win32-x64\jre\21.0.10-win32-x86_64\bin\nio.dll
Event: 0.169 Loaded shared library C:\Users\syahr\.vscode\extensions\redhat.java-1.54.0-win32-x64\jre\21.0.10-win32-x86_64\bin\zip.dll
Event: 0.553 Loaded shared library C:\Users\syahr\.vscode\extensions\redhat.java-1.54.0-win32-x64\jre\21.0.10-win32-x86_64\bin\jimage.dll
Event: 0.796 Loaded shared library C:\Users\syahr\.vscode\extensions\redhat.java-1.54.0-win32-x64\jre\21.0.10-win32-x86_64\bin\verify.dll
Event: 1.217 Loaded shared library C:\Users\syahr\.gradle\native\c067742578af261105cb4f569cf0c3c89f3d7b1fecec35dd04571415982c5e48\windows-amd64\native-platform.dll
Event: 1.655 Loaded shared library C:\Users\syahr\.gradle\native\100fb08df4bc3b14c8652ba06237920a3bd2aa13389f12d3474272988ae205f9\windows-amd64\native-platform-file-events.dll
Event: 4.383 Loaded shared library C:\Users\syahr\.vscode\extensions\redhat.java-1.54.0-win32-x64\jre\21.0.10-win32-x86_64\bin\management.dll
Event: 4.391 Loaded shared library C:\Users\syahr\.vscode\extensions\redhat.java-1.54.0-win32-x64\jre\21.0.10-win32-x86_64\bin\management_ext.dll
Event: 4.848 Loaded shared library C:\Users\syahr\.vscode\extensions\redhat.java-1.54.0-win32-x64\jre\21.0.10-win32-x86_64\bin\extnet.dll
Event: 5.110 Loaded shared library C:\Users\syahr\.vscode\extensions\redhat.java-1.54.0-win32-x64\jre\21.0.10-win32-x86_64\bin\sunmscapi.dll

Deoptimization events (20 events):
Event: 39.545 Thread 0x000002a5e99dccb0 DEOPT PACKING pc=0x000002a5bcb387c6 sp=0x000000f697efd060
Event: 39.545 Thread 0x000002a5e99dccb0 DEOPT UNPACKING pc=0x000002a5c3ba86e2 sp=0x000000f697efc5e0 mode 0
Event: 39.735 Thread 0x000002a5e970b760 DEOPT PACKING pc=0x000002a5bcda415b sp=0x000000f696afe280
Event: 39.735 Thread 0x000002a5e970b760 DEOPT UNPACKING pc=0x000002a5c3ba86e2 sp=0x000000f696afd708 mode 0
Event: 40.194 Thread 0x000002a5e970b0d0 DEOPT PACKING pc=0x000002a5bcb50db9 sp=0x000000f6966f6b50
Event: 40.194 Thread 0x000002a5e970b0d0 DEOPT UNPACKING pc=0x000002a5c3ba86e2 sp=0x000000f6966f6050 mode 0
Event: 40.636 Thread 0x000002a5e970b0d0 Uncommon trap: trap_request=0xffffffc6 fr.pc=0x000002a5c431eec0 relative=0x0000000000000260
Event: 40.636 Thread 0x000002a5e970b0d0 Uncommon trap: reason=bimorphic_or_optimized_type_check action=maybe_recompile pc=0x000002a5c431eec0 method=java.util.Spliterators$IteratorSpliterator.tryAdvance(Ljava/util/function/Consumer;)Z @ 50 c2
Event: 40.636 Thread 0x000002a5e970b0d0 DEOPT PACKING pc=0x000002a5c431eec0 sp=0x000000f6966f8d30
Event: 40.636 Thread 0x000002a5e970b0d0 DEOPT UNPACKING pc=0x000002a5c3ba7ba2 sp=0x000000f6966f8cd0 mode 2
Event: 40.899 Thread 0x000002a5e970b0d0 DEOPT PACKING pc=0x000002a5bce4e68a sp=0x000000f6966f4af0
Event: 40.899 Thread 0x000002a5e970b0d0 DEOPT UNPACKING pc=0x000002a5c3ba86e2 sp=0x000000f6966f3fd0 mode 0
Event: 40.899 Thread 0x000002a5e970b0d0 Uncommon trap: trap_request=0xffffff45 fr.pc=0x000002a5c4129b08 relative=0x0000000000000e28
Event: 40.899 Thread 0x000002a5e970b0d0 Uncommon trap: reason=unstable_if action=reinterpret pc=0x000002a5c4129b08 method=java.util.Properties$LineReader.readLine()I @ 249 c2
Event: 40.899 Thread 0x000002a5e970b0d0 DEOPT PACKING pc=0x000002a5c4129b08 sp=0x000000f6966f4b30
Event: 40.899 Thread 0x000002a5e970b0d0 DEOPT UNPACKING pc=0x000002a5c3ba7ba2 sp=0x000000f6966f4ae0 mode 2
Event: 40.915 Thread 0x000002a5e970b0d0 Uncommon trap: trap_request=0xffffff45 fr.pc=0x000002a5c42a7c24 relative=0x00000000000002c4
Event: 40.915 Thread 0x000002a5e970b0d0 Uncommon trap: reason=unstable_if action=reinterpret pc=0x000002a5c42a7c24 method=java.io.WinNTFileSystem.prefixLength(Ljava/lang/String;)I @ 42 c2
Event: 40.915 Thread 0x000002a5e970b0d0 DEOPT PACKING pc=0x000002a5c42a7c24 sp=0x000000f6966f50d0
Event: 40.915 Thread 0x000002a5e970b0d0 DEOPT UNPACKING pc=0x000002a5c3ba7ba2 sp=0x000000f6966f5058 mode 2

Classes loaded (20 events):
Event: 40.905 Loading class jdk/xml/internal/XMLSecurityManager$Limit
Event: 40.905 Loading class jdk/xml/internal/XMLSecurityManager$Limit done
Event: 40.905 Loading class jdk/xml/internal/XMLSecurityManager$Processor
Event: 40.906 Loading class jdk/xml/internal/XMLSecurityManager$Processor done
Event: 40.906 Loading class jdk/xml/internal/XMLSecurityManager$NameMap
Event: 40.906 Loading class jdk/xml/internal/XMLSecurityManager$NameMap done
Event: 40.906 Loading class com/sun/org/apache/xerces/internal/utils/XMLSecurityPropertyManager
Event: 40.907 Loading class com/sun/org/apache/xerces/internal/utils/XMLSecurityPropertyManager done
Event: 40.907 Loading class com/sun/org/apache/xerces/internal/utils/XMLSecurityPropertyManager$State
Event: 40.907 Loading class com/sun/org/apache/xerces/internal/utils/XMLSecurityPropertyManager$State done
Event: 40.908 Loading class com/sun/org/apache/xerces/internal/utils/XMLSecurityPropertyManager$Property
Event: 40.908 Loading class com/sun/org/apache/xerces/internal/utils/XMLSecurityPropertyManager$Property done
Event: 40.909 Loading class javax/xml/parsers/DocumentBuilderFactory
Event: 40.910 Loading class javax/xml/parsers/DocumentBuilderFactory done
Event: 40.910 Loading class javax/xml/parsers/FactoryFinder
Event: 40.911 Loading class javax/xml/parsers/FactoryFinder done
Event: 40.911 Loading class javax/xml/parsers/FactoryFinder$1
Event: 40.911 Loading class javax/xml/parsers/FactoryFinder$1 done
Event: 40.913 Loading class com/sun/org/apache/xerces/internal/jaxp/DocumentBuilderFactoryImpl
Event: 40.914 Loading class com/sun/org/apache/xerces/internal/jaxp/DocumentBuilderFactoryImpl done

Classes unloaded (0 events):
No events

Classes redefined (0 events):
No events

Internal exceptions (20 events):
Event: 29.226 Thread 0x000002a5e970b0d0 Exception <a 'java/lang/NoSuchMethodError'{0x00000000ef6fc848}: 'java.lang.Object java.lang.invoke.Invokers$Holder.linkToTargetMethod(java.lang.Object, java.lang.Object, long, java.lang.Object)'> (0x00000000ef6fc848) 
thrown [s\src\hotspot\share\interpreter\linkResolver.cpp, line 773]
Event: 29.339 Thread 0x000002a5e970b0d0 Exception <a 'java/lang/NoSuchMethodError'{0x00000000ef313b18}: 'java.lang.Object java.lang.invoke.DirectMethodHandle$Holder.newInvokeSpecial(java.lang.Object, java.lang.Object, java.lang.Object, java.lang.Object, java.lang.Object, java.lang.Object, java.lang.Object, java.lang.Object, java.lang.Object, java.lang.Object, java.lang.Object, java.lang.Object, java.lang.Object, java.lang.Object, java.lang.Object, java.lang.Object, java.lang.Object, java.lang.Object, java.lang.Object, java.lang.Object, java.lang
Event: 29.342 Thread 0x000002a5e970b0d0 Exception <a 'java/lang/NoSuchMethodError'{0x00000000ef31b918}: 'java.lang.Object java.lang.invoke.DirectMethodHandle$Holder.invokeSpecial(java.lang.Object, java.lang.Object, java.lang.Object, java.lang.Object, java.lang.Object, java.lang.Object, java.lang.Object, java.lang.Object, java.lang.Object, java.lang.Object, java.lang.Object, java.lang.Object, java.lang.Object, java.lang.Object, java.lang.Object, java.lang.Object, java.lang.Object, java.lang.Object, java.lang.Object, java.lang.Object, java.lang.Ob
Event: 29.345 Thread 0x000002a5e970b0d0 Exception <a 'java/lang/NoSuchMethodError'{0x00000000ef321e58}: 'java.lang.Object java.lang.invoke.DelegatingMethodHandle$Holder.reinvoke_L(java.lang.Object, java.lang.Object, java.lang.Object, java.lang.Object, java.lang.Object, java.lang.Object, java.lang.Object, java.lang.Object, java.lang.Object, java.lang.Object, java.lang.Object, java.lang.Object, java.lang.Object, java.lang.Object, java.lang.Object, java.lang.Object, java.lang.Object, java.lang.Object, java.lang.Object, java.lang.Object, java.lang.O
Event: 30.010 Thread 0x000002a5e970b0d0 Exception <a 'java/lang/NoSuchMethodError'{0x00000000eea41238}: 'java.lang.Object java.lang.invoke.DirectMethodHandle$Holder.newInvokeSpecial(java.lang.Object, int, java.lang.Object)'> (0x00000000eea41238) 
thrown [s\src\hotspot\share\interpreter\linkResolver.cpp, line 773]
Event: 30.419 Thread 0x000002a5e970b0d0 Exception <a 'java/lang/NoSuchMethodError'{0x00000000ee46bc38}: 'java.lang.Object java.lang.invoke.DirectMethodHandle$Holder.newInvokeSpecial(java.lang.Object, java.lang.Object, java.lang.Object, int)'> (0x00000000ee46bc38) 
thrown [s\src\hotspot\share\interpreter\linkResolver.cpp, line 773]
Event: 30.420 Thread 0x000002a5e970b0d0 Exception <a 'java/lang/NoSuchMethodError'{0x00000000ee470990}: 'java.lang.Object java.lang.invoke.DirectMethodHandle$Holder.invokeSpecial(java.lang.Object, java.lang.Object, java.lang.Object, java.lang.Object, int)'> (0x00000000ee470990) 
thrown [s\src\hotspot\share\interpreter\linkResolver.cpp, line 773]
Event: 30.420 Thread 0x000002a5e970b0d0 Exception <a 'java/lang/NoSuchMethodError'{0x00000000ee475070}: 'java.lang.Object java.lang.invoke.Invokers$Holder.linkToTargetMethod(java.lang.Object, java.lang.Object, int, java.lang.Object)'> (0x00000000ee475070) 
thrown [s\src\hotspot\share\interpreter\linkResolver.cpp, line 773]
Event: 30.737 Thread 0x000002a5e970b0d0 Exception <a 'java/lang/NoSuchMethodError'{0x00000000ee2c8220}: 'int java.lang.invoke.DirectMethodHandle$Holder.invokeSpecialIFC(java.lang.Object, java.lang.Object, java.lang.Object)'> (0x00000000ee2c8220) 
thrown [s\src\hotspot\share\interpreter\linkResolver.cpp, line 773]
Event: 31.064 Thread 0x000002a5e970b0d0 Exception <a 'java/lang/NoSuchMethodError'{0x00000000edec6530}: 'java.lang.Object java.lang.invoke.DirectMethodHandle$Holder.invokeSpecial(java.lang.Object, java.lang.Object, java.lang.Object, java.lang.Object, java.lang.Object, long)'> (0x00000000edec6530) 
thrown [s\src\hotspot\share\interpreter\linkResolver.cpp, line 773]
Event: 31.069 Thread 0x000002a5e970b0d0 Exception <a 'java/lang/NoSuchMethodError'{0x00000000edeec2b8}: 'void java.lang.invoke.DirectMethodHandle$Holder.invokeStatic(java.lang.Object, java.lang.Object, java.lang.Object, int, java.lang.Object)'> (0x00000000edeec2b8) 
thrown [s\src\hotspot\share\interpreter\linkResolver.cpp, line 773]
Event: 31.384 Thread 0x000002a5e970b0d0 Exception <a 'sun/nio/fs/WindowsException'{0x00000000edad3460}> (0x00000000edad3460) 
thrown [s\src\hotspot\share\prims\jni.cpp, line 520]
Event: 31.626 Thread 0x000002a5e970b0d0 Exception <a 'java/lang/NoSuchMethodError'{0x00000000ed6189c8}: 'void java.lang.invoke.DirectMethodHandle$Holder.invokeVirtual(java.lang.Object, java.lang.Object)'> (0x00000000ed6189c8) 
thrown [s\src\hotspot\share\interpreter\linkResolver.cpp, line 773]
Event: 36.311 Thread 0x000002a5e970b0d0 Exception <a 'java/lang/NoSuchMethodError'{0x00000000ebec2100}: 'java.lang.Object java.lang.invoke.DirectMethodHandle$Holder.invokeSpecial(java.lang.Object, java.lang.Object, long, java.lang.Object, java.lang.Object)'> (0x00000000ebec2100) 
thrown [s\src\hotspot\share\interpreter\linkResolver.cpp, line 773]
Event: 38.659 Thread 0x000002a5e970b0d0 Exception <a 'java/lang/NoSuchMethodError'{0x00000000eb476600}: 'java.lang.Object java.lang.invoke.DirectMethodHandle$Holder.newInvokeSpecial(java.lang.Object, java.lang.Object, java.lang.Object, java.lang.Object, int, java.lang.Object)'> (0x00000000eb476600) 
thrown [s\src\hotspot\share\interpreter\linkResolver.cpp, line 773]
Event: 38.660 Thread 0x000002a5e970b0d0 Exception <a 'java/lang/NoSuchMethodError'{0x00000000eb47ef00}: 'java.lang.Object java.lang.invoke.Invokers$Holder.linkToTargetMethod(java.lang.Object, java.lang.Object, java.lang.Object, int, java.lang.Object, java.lang.Object)'> (0x00000000eb47ef00) 
thrown [s\src\hotspot\share\interpreter\linkResolver.cpp, line 773]
Event: 39.212 Thread 0x000002a5e970b0d0 Exception <a 'java/lang/NoSuchMethodError'{0x00000000eac76778}: 'java.lang.Object java.lang.invoke.DirectMethodHandle$Holder.invokeSpecialIFC(java.lang.Object, java.lang.Object, java.lang.Object)'> (0x00000000eac76778) 
thrown [s\src\hotspot\share\interpreter\linkResolver.cpp, line 773]
Event: 40.921 Thread 0x000002a5e970b0d0 Exception <a 'java/lang/NoSuchMethodError'{0x00000000e93dd210}: 'java.lang.Object java.lang.invoke.DirectMethodHandle$Holder.newInvokeSpecial(java.lang.Object, java.lang.Object, java.lang.Object, java.lang.Object, java.lang.Object, java.lang.Object, java.lang.Object, java.lang.Object, java.lang.Object, java.lang.Object, java.lang.Object, java.lang.Object, java.lang.Object, java.lang.Object, java.lang.Object, java.lang.Object)'> (0x00000000e93dd210) 
thrown [s\src\hotspot\share\interpreter\linkResolver.cpp,
Event: 40.922 Thread 0x000002a5e970b0d0 Exception <a 'java/lang/NoSuchMethodError'{0x00000000e93e3e88}: 'java.lang.Object java.lang.invoke.DirectMethodHandle$Holder.invokeSpecial(java.lang.Object, java.lang.Object, java.lang.Object, java.lang.Object, java.lang.Object, java.lang.Object, java.lang.Object, java.lang.Object, java.lang.Object, java.lang.Object, java.lang.Object, java.lang.Object, java.lang.Object, java.lang.Object, java.lang.Object, java.lang.Object, java.lang.Object)'> (0x00000000e93e3e88) 
thrown [s\src\hotspot\share\interpreter\li
Event: 40.923 Thread 0x000002a5e970b0d0 Exception <a 'java/lang/NoSuchMethodError'{0x00000000e93e9d18}: 'java.lang.Object java.lang.invoke.DelegatingMethodHandle$Holder.reinvoke_L(java.lang.Object, java.lang.Object, java.lang.Object, java.lang.Object, java.lang.Object, java.lang.Object, java.lang.Object, java.lang.Object, java.lang.Object, java.lang.Object, java.lang.Object, java.lang.Object, java.lang.Object, java.lang.Object, java.lang.Object, java.lang.Object)'> (0x00000000e93e9d18) 
thrown [s\src\hotspot\share\interpreter\linkResolver.cpp, l

ZGC Phase Switch (0 events):
No events

VM Operations (20 events):
Event: 32.513 Executing non-safepoint VM operation: HandshakeAllThreads (Deoptimize)
Event: 32.513 Executing non-safepoint VM operation: HandshakeAllThreads (Deoptimize) done
Event: 33.525 Executing safepoint VM operation: Cleanup
Event: 33.526 Executing safepoint VM operation: Cleanup done
Event: 34.526 Executing safepoint VM operation: Cleanup
Event: 34.526 Executing safepoint VM operation: Cleanup done
Event: 35.529 Executing safepoint VM operation: Cleanup
Event: 35.529 Executing safepoint VM operation: Cleanup done
Event: 36.544 Executing safepoint VM operation: Cleanup
Event: 36.544 Executing safepoint VM operation: Cleanup done
Event: 37.549 Executing safepoint VM operation: Cleanup
Event: 37.580 Executing safepoint VM operation: Cleanup done
Event: 38.550 Executing non-safepoint VM operation: HandshakeAllThreads (Deoptimize)
Event: 38.550 Executing non-safepoint VM operation: HandshakeAllThreads (Deoptimize) done
Event: 39.032 Executing safepoint VM operation: ICBufferFull
Event: 39.033 Executing safepoint VM operation: ICBufferFull done
Event: 39.972 Executing safepoint VM operation: ICBufferFull
Event: 39.972 Executing safepoint VM operation: ICBufferFull done
Event: 40.647 Executing safepoint VM operation: ICBufferFull
Event: 40.648 Executing safepoint VM operation: ICBufferFull done

Memory protections (0 events):
No events

Nmethod flushes (20 events):
Event: 22.524 Thread 0x000002a5ce532ae0 flushing  nmethod 0x000002a5bc905990
Event: 22.524 Thread 0x000002a5ce532ae0 flushing  nmethod 0x000002a5bc929e90
Event: 22.524 Thread 0x000002a5ce532ae0 flushing  nmethod 0x000002a5bc92d410
Event: 22.524 Thread 0x000002a5ce532ae0 flushing  nmethod 0x000002a5bc92dc90
Event: 22.524 Thread 0x000002a5ce532ae0 flushing  nmethod 0x000002a5bc92ee90
Event: 22.524 Thread 0x000002a5ce532ae0 flushing  nmethod 0x000002a5bc92f290
Event: 22.524 Thread 0x000002a5ce532ae0 flushing  nmethod 0x000002a5bc945b10
Event: 22.524 Thread 0x000002a5ce532ae0 flushing  nmethod 0x000002a5bc9b7290
Event: 22.524 Thread 0x000002a5ce532ae0 flushing  nmethod 0x000002a5bc9ba890
Event: 22.524 Thread 0x000002a5ce532ae0 flushing  nmethod 0x000002a5bca2c810
Event: 22.524 Thread 0x000002a5ce532ae0 flushing  nmethod 0x000002a5bca2f790
Event: 22.524 Thread 0x000002a5ce532ae0 flushing  nmethod 0x000002a5bca2ff90
Event: 22.524 Thread 0x000002a5ce532ae0 flushing  nmethod 0x000002a5bca30290
Event: 22.524 Thread 0x000002a5ce532ae0 flushing  nmethod 0x000002a5bca30b10
Event: 22.524 Thread 0x000002a5ce532ae0 flushing  nmethod 0x000002a5bca36b90
Event: 22.524 Thread 0x000002a5ce532ae0 flushing  nmethod 0x000002a5bca60410
Event: 22.524 Thread 0x000002a5ce532ae0 flushing  nmethod 0x000002a5bca68010
Event: 22.524 Thread 0x000002a5ce532ae0 flushing  nmethod 0x000002a5bcadf690
Event: 22.524 Thread 0x000002a5ce532ae0 flushing  nmethod 0x000002a5bcae4010
Event: 22.524 Thread 0x000002a5ce532ae0 flushing  nmethod 0x000002a5bcc3de90

Events (20 events):
Event: 12.352 Thread 0x000002a5e970b0d0 Thread added: 0x000002a5e9ebf020
Event: 12.863 Thread 0x000002a5e970b0d0 Thread added: 0x000002a5e9ec3ee0
Event: 13.403 Thread 0x000002a5e970b0d0 Thread added: 0x000002a5e9ec31c0
Event: 13.535 Thread 0x000002a5e970b0d0 Thread added: 0x000002a5e9ec3850
Event: 23.017 Thread 0x000002a5ce588980 Thread added: 0x000002a5e8333000
Event: 23.792 Thread 0x000002a5e8333000 Thread exited: 0x000002a5e8333000
Event: 24.012 Thread 0x000002a5ce588980 Thread added: 0x000002a5e9955a90
Event: 24.630 Thread 0x000002a5e9955a90 Thread exited: 0x000002a5e9955a90
Event: 24.694 Thread 0x000002a5ce588980 Thread added: 0x000002a5e9955a90
Event: 24.927 Thread 0x000002a5e9955a90 Thread exited: 0x000002a5e9955a90
Event: 38.421 Thread 0x000002a5e970b0d0 Thread added: 0x000002a5e99d9830
Event: 38.422 Thread 0x000002a5e970b0d0 Thread added: 0x000002a5e99d7760
Event: 38.422 Thread 0x000002a5e970b0d0 Thread added: 0x000002a5e99d91a0
Event: 38.774 Thread 0x000002a5e970b0d0 Thread added: 0x000002a5e99db270
Event: 38.780 Thread 0x000002a5e970b0d0 Thread added: 0x000002a5e99d8480
Event: 38.784 Thread 0x000002a5e970b0d0 Thread added: 0x000002a5e99d7df0
Event: 39.214 Thread 0x000002a5e970b0d0 Thread added: 0x000002a5e99dd340
Event: 39.216 Thread 0x000002a5e970b0d0 Thread added: 0x000002a5e99dccb0
Event: 39.224 Thread 0x000002a5e970b0d0 Thread added: 0x000002a5e99da550
Event: 41.080 Thread 0x000002a5e970b0d0 Thread added: 0x000002a5e99db900


Dynamic libraries:
0x00007ff6d37a0000 - 0x00007ff6d37ae000 	C:\Users\syahr\.vscode\extensions\redhat.java-1.54.0-win32-x64\jre\21.0.10-win32-x86_64\bin\java.exe
0x00007ffda7ae0000 - 0x00007ffda7d47000 	C:\WINDOWS\SYSTEM32\ntdll.dll
0x00007ffda5d70000 - 0x00007ffda5e39000 	C:\WINDOWS\System32\KERNEL32.DLL
0x00007ffda4510000 - 0x00007ffda4901000 	C:\WINDOWS\System32\KERNELBASE.dll
0x00007ffda43c0000 - 0x00007ffda450b000 	C:\WINDOWS\System32\ucrtbase.dll
0x00007ffd69460000 - 0x00007ffd69478000 	C:\Users\syahr\.vscode\extensions\redhat.java-1.54.0-win32-x64\jre\21.0.10-win32-x86_64\bin\jli.dll
0x00007ffd6ba40000 - 0x00007ffd6ba5e000 	C:\Users\syahr\.vscode\extensions\redhat.java-1.54.0-win32-x64\jre\21.0.10-win32-x86_64\bin\VCRUNTIME140.dll
0x00007ffda5990000 - 0x00007ffda5b55000 	C:\WINDOWS\System32\USER32.dll
0x00007ffda49d0000 - 0x00007ffda49f7000 	C:\WINDOWS\System32\win32u.dll
0x00007ffda5960000 - 0x00007ffda598b000 	C:\WINDOWS\System32\GDI32.dll
0x00007ffda55d0000 - 0x00007ffda56fb000 	C:\WINDOWS\System32\gdi32full.dll
0x00007ffda53b0000 - 0x00007ffda5453000 	C:\WINDOWS\System32\msvcp_win.dll
0x00007ffd8ff60000 - 0x00007ffd901f3000 	C:\WINDOWS\WinSxS\amd64_microsoft.windows.common-controls_6595b64144ccf1df_6.0.26100.8037_none_3e092faae333b53b\COMCTL32.dll
0x00007ffda6d50000 - 0x00007ffda6df9000 	C:\WINDOWS\System32\msvcrt.dll
0x00007ffda7260000 - 0x00007ffda7291000 	C:\WINDOWS\System32\IMM32.DLL
0x00007ffd977e0000 - 0x00007ffd977ec000 	C:\Users\syahr\.vscode\extensions\redhat.java-1.54.0-win32-x64\jre\21.0.10-win32-x86_64\bin\vcruntime140_1.dll
0x00007ffd436a0000 - 0x00007ffd4372d000 	C:\Users\syahr\.vscode\extensions\redhat.java-1.54.0-win32-x64\jre\21.0.10-win32-x86_64\bin\msvcp140.dll
0x00007ffd0a850000 - 0x00007ffd0b5f1000 	C:\Users\syahr\.vscode\extensions\redhat.java-1.54.0-win32-x64\jre\21.0.10-win32-x86_64\bin\server\jvm.dll
0x00007ffda73b0000 - 0x00007ffda746b000 	C:\WINDOWS\System32\ADVAPI32.dll
0x00007ffda5880000 - 0x00007ffda5927000 	C:\WINDOWS\System32\sechost.dll
0x00007ffda7900000 - 0x00007ffda7a18000 	C:\WINDOWS\System32\RPCRT4.dll
0x00007ffda7330000 - 0x00007ffda73a4000 	C:\WINDOWS\System32\WS2_32.dll
0x00007ffda4240000 - 0x00007ffda429e000 	C:\WINDOWS\SYSTEM32\POWRPROF.dll
0x00007ffd91f80000 - 0x00007ffd91fb5000 	C:\WINDOWS\SYSTEM32\WINMM.dll
0x00007ffd96ad0000 - 0x00007ffd96adb000 	C:\WINDOWS\SYSTEM32\VERSION.dll
0x00007ffda4220000 - 0x00007ffda4234000 	C:\WINDOWS\SYSTEM32\UMPDC.dll
0x00007ffda3130000 - 0x00007ffda314b000 	C:\WINDOWS\SYSTEM32\kernel.appcore.dll
0x00007ffd95000000 - 0x00007ffd9500a000 	C:\Users\syahr\.vscode\extensions\redhat.java-1.54.0-win32-x64\jre\21.0.10-win32-x86_64\bin\jimage.dll
0x00007ffda2210000 - 0x00007ffda2452000 	C:\WINDOWS\SYSTEM32\DBGHELP.DLL
0x00007ffda68c0000 - 0x00007ffda6c42000 	C:\WINDOWS\System32\combase.dll
0x00007ffda7110000 - 0x00007ffda71e7000 	C:\WINDOWS\System32\OLEAUT32.dll
0x00007ffd7ef90000 - 0x00007ffd7efcb000 	C:\WINDOWS\SYSTEM32\dbgcore.DLL
0x00007ffda5270000 - 0x00007ffda5315000 	C:\WINDOWS\System32\bcryptPrimitives.dll
0x00007ffd97d80000 - 0x00007ffd97d8f000 	C:\Users\syahr\.vscode\extensions\redhat.java-1.54.0-win32-x64\jre\21.0.10-win32-x86_64\bin\instrument.dll
0x00007ffd69130000 - 0x00007ffd69150000 	C:\Users\syahr\.vscode\extensions\redhat.java-1.54.0-win32-x64\jre\21.0.10-win32-x86_64\bin\java.dll
0x00007ffda5ea0000 - 0x00007ffda65ff000 	C:\WINDOWS\System32\SHELL32.dll
0x00007ffda5460000 - 0x00007ffda55ca000 	C:\WINDOWS\System32\wintypes.dll
0x00007ffda4a00000 - 0x00007ffda5264000 	C:\WINDOWS\System32\windows.storage.dll
0x00007ffda6c50000 - 0x00007ffda6d47000 	C:\WINDOWS\System32\SHCORE.dll
0x00007ffda71f0000 - 0x00007ffda7257000 	C:\WINDOWS\System32\shlwapi.dll
0x00007ffda42e0000 - 0x00007ffda4309000 	C:\WINDOWS\SYSTEM32\profapi.dll
0x00007ffd684d0000 - 0x00007ffd684e8000 	C:\Users\syahr\.vscode\extensions\redhat.java-1.54.0-win32-x64\jre\21.0.10-win32-x86_64\bin\zip.dll
0x00007ffd88650000 - 0x00007ffd88660000 	C:\Users\syahr\.vscode\extensions\redhat.java-1.54.0-win32-x64\jre\21.0.10-win32-x86_64\bin\net.dll
0x00007ffd95b10000 - 0x00007ffd95c37000 	C:\WINDOWS\SYSTEM32\WINHTTP.dll
0x00007ffda36c0000 - 0x00007ffda372b000 	C:\WINDOWS\system32\mswsock.dll
0x00007ffd673a0000 - 0x00007ffd673b6000 	C:\Users\syahr\.vscode\extensions\redhat.java-1.54.0-win32-x64\jre\21.0.10-win32-x86_64\bin\nio.dll
0x00007ffd7d6f0000 - 0x00007ffd7d700000 	C:\Users\syahr\.vscode\extensions\redhat.java-1.54.0-win32-x64\jre\21.0.10-win32-x86_64\bin\verify.dll
0x00007ffd7bdd0000 - 0x00007ffd7bdf7000 	C:\Users\syahr\.gradle\native\c067742578af261105cb4f569cf0c3c89f3d7b1fecec35dd04571415982c5e48\windows-amd64\native-platform.dll
0x00007ffd3ba70000 - 0x00007ffd3bbb4000 	C:\Users\syahr\.gradle\native\100fb08df4bc3b14c8652ba06237920a3bd2aa13389f12d3474272988ae205f9\windows-amd64\native-platform-file-events.dll
0x00007ffd7bdc0000 - 0x00007ffd7bdca000 	C:\Users\syahr\.vscode\extensions\redhat.java-1.54.0-win32-x64\jre\21.0.10-win32-x86_64\bin\management.dll
0x00007ffd789e0000 - 0x00007ffd789ec000 	C:\Users\syahr\.vscode\extensions\redhat.java-1.54.0-win32-x64\jre\21.0.10-win32-x86_64\bin\management_ext.dll
0x00007ffda6f60000 - 0x00007ffda6f68000 	C:\WINDOWS\System32\PSAPI.DLL
0x00007ffda39a0000 - 0x00007ffda39bb000 	C:\WINDOWS\SYSTEM32\CRYPTSP.dll
0x00007ffda3090000 - 0x00007ffda30c9000 	C:\WINDOWS\system32\rsaenh.dll
0x00007ffda3770000 - 0x00007ffda37a2000 	C:\WINDOWS\SYSTEM32\USERENV.dll
0x00007ffda42b0000 - 0x00007ffda42da000 	C:\WINDOWS\SYSTEM32\bcrypt.dll
0x00007ffda39c0000 - 0x00007ffda39cc000 	C:\WINDOWS\SYSTEM32\CRYPTBASE.dll
0x00007ffda2ba0000 - 0x00007ffda2bd3000 	C:\WINDOWS\SYSTEM32\IPHLPAPI.DLL
0x00007ffda5d60000 - 0x00007ffda5d6a000 	C:\WINDOWS\System32\NSI.dll
0x00007ffd7d770000 - 0x00007ffd7d779000 	C:\Users\syahr\.vscode\extensions\redhat.java-1.54.0-win32-x64\jre\21.0.10-win32-x86_64\bin\extnet.dll
0x00007ffd97d50000 - 0x00007ffd97d5e000 	C:\Users\syahr\.vscode\extensions\redhat.java-1.54.0-win32-x64\jre\21.0.10-win32-x86_64\bin\sunmscapi.dll
0x00007ffda5700000 - 0x00007ffda5877000 	C:\WINDOWS\System32\CRYPT32.dll
0x00007ffda3bc0000 - 0x00007ffda3bf0000 	C:\WINDOWS\SYSTEM32\ncrypt.dll
0x00007ffda3b70000 - 0x00007ffda3baf000 	C:\WINDOWS\SYSTEM32\NTASN1.dll
0x00007ffd77a80000 - 0x00007ffd77a88000 	C:\WINDOWS\system32\wshunix.dll
0x00007ffda2c00000 - 0x00007ffda2d2a000 	C:\WINDOWS\SYSTEM32\DNSAPI.dll
0x00007ffd98e00000 - 0x00007ffd98e0b000 	C:\Windows\System32\rasadhlp.dll
0x00007ffd95200000 - 0x00007ffd95286000 	C:\WINDOWS\System32\fwpuclnt.dll

JVMTI agents:
C:\Users\syahr\.gradle\wrapper\dists\gradle-8.9-bin\90cnw93cvbtalezasaz0blq0a\gradle-8.9\lib\agents\gradle-instrumentation-agent-8.9.jar path:C:\Users\syahr\.vscode\extensions\redhat.java-1.54.0-win32-x64\jre\21.0.10-win32-x86_64\bin\instrument.dll, loaded, initialized, instrumentlib options:none

dbghelp: loaded successfully - version: 4.0.5 - missing functions: none
symbol engine: initialized successfully - sym options: 0x614 - pdb path: .;C:\Users\syahr\.vscode\extensions\redhat.java-1.54.0-win32-x64\jre\21.0.10-win32-x86_64\bin;C:\WINDOWS\SYSTEM32;C:\WINDOWS\WinSxS\amd64_microsoft.windows.common-controls_6595b64144ccf1df_6.0.26100.8037_none_3e092faae333b53b;C:\Users\syahr\.vscode\extensions\redhat.java-1.54.0-win32-x64\jre\21.0.10-win32-x86_64\bin\server;C:\Users\syahr\.gradle\native\c067742578af261105cb4f569cf0c3c89f3d7b1fecec35dd04571415982c5e48\windows-amd64;C:\Users\syahr\.gradle\native\100fb08df4bc3b14c8652ba06237920a3bd2aa13389f12d3474272988ae205f9\windows-amd64

VM Arguments:
jvm_args: --add-opens=java.base/java.util=ALL-UNNAMED --add-opens=java.base/java.lang=ALL-UNNAMED --add-opens=java.base/java.lang.invoke=ALL-UNNAMED --add-opens=java.prefs/java.util.prefs=ALL-UNNAMED --add-exports=jdk.compiler/com.sun.tools.javac.api=ALL-UNNAMED --add-exports=jdk.compiler/com.sun.tools.javac.util=ALL-UNNAMED --add-opens=java.base/java.nio.charset=ALL-UNNAMED --add-opens=java.base/java.net=ALL-UNNAMED --add-opens=java.base/java.util.concurrent.atomic=ALL-UNNAMED -XX:MaxMetaspaceSize=384m -XX:+HeapDumpOnOutOfMemoryError -Xms256m -Xmx512m -Dfile.encoding=utf8 -Duser.country=US -Duser.language=en -Duser.variant -javaagent:C:\Users\syahr\.gradle\wrapper\dists\gradle-8.9-bin\90cnw93cvbtalezasaz0blq0a\gradle-8.9\lib\agents\gradle-instrumentation-agent-8.9.jar 
java_command: org.gradle.launcher.daemon.bootstrap.GradleDaemon 8.9
java_class_path (initial): C:\Users\syahr\.gradle\wrapper\dists\gradle-8.9-bin\90cnw93cvbtalezasaz0blq0a\gradle-8.9\lib\gradle-daemon-main-8.9.jar
Launcher Type: SUN_STANDARD

[Global flags]
     intx CICompilerCount                          = 3                                         {product} {ergonomic}
   size_t CompressedClassSpaceSize                 = 335544320                                 {product} {ergonomic}
     uint ConcGCThreads                            = 1                                         {product} {ergonomic}
     uint G1ConcRefinementThreads                  = 4                                         {product} {ergonomic}
   size_t G1HeapRegionSize                         = 1048576                                   {product} {ergonomic}
    uintx GCDrainStackTargetSize                   = 64                                        {product} {ergonomic}
     bool HeapDumpOnOutOfMemoryError               = true                                   {manageable} {command line}
   size_t InitialHeapSize                          = 268435456                                 {product} {command line}
   size_t MarkStackSize                            = 4194304                                   {product} {ergonomic}
   size_t MaxHeapSize                              = 536870912                                 {product} {command line}
   size_t MaxMetaspaceSize                         = 402653184                                 {product} {command line}
   size_t MaxNewSize                               = 321912832                                 {product} {ergonomic}
   size_t MinHeapDeltaBytes                        = 1048576                                   {product} {ergonomic}
   size_t MinHeapSize                              = 268435456                                 {product} {command line}
    uintx NonNMethodCodeHeapSize                   = 5832780                                {pd product} {ergonomic}
    uintx NonProfiledCodeHeapSize                  = 122912730                              {pd product} {ergonomic}
    uintx ProfiledCodeHeapSize                     = 122912730                              {pd product} {ergonomic}
    uintx ReservedCodeCacheSize                    = 251658240                              {pd product} {ergonomic}
     bool SegmentedCodeCache                       = true                                      {product} {ergonomic}
   size_t SoftMaxHeapSize                          = 536870912                              {manageable} {ergonomic}
     bool UseCompressedOops                        = true                           {product lp64_product} {ergonomic}
     bool UseG1GC                                  = true                                      {product} {ergonomic}
     bool UseLargePagesIndividualAllocation        = false                                  {pd product} {ergonomic}

Logging:
Log output configuration:
 #0: stdout all=warning uptime,level,tags foldmultilines=false
 #1: stderr all=off uptime,level,tags foldmultilines=false

Release file:
JAVA_VERSION="21.0.10" 
MODULES="java.base java.compiler java.datatransfer java.xml java.prefs java.desktop java.instrument java.logging java.management java.security.sasl java.naming java.rmi java.management.rmi java.net.http java.scripting java.security.jgss java.transaction.xa java.sql java.sql.rowset java.xml.crypto java.se java.smartcardio jdk.accessibility jdk.internal.jvmstat jdk.attach jdk.charsets jdk.internal.opt jdk.zipfs jdk.compiler jdk.crypto.ec jdk.crypto.cryptoki jdk.crypto.mscapi jdk.dynalink jdk.internal.ed jdk.editpad jdk.hotspot.agent jdk.httpserver jdk.internal.le jdk.internal.vm.ci jdk.internal.vm.compiler jdk.internal.vm.compiler.management jdk.jartool jdk.javadoc jdk.jcmd jdk.management jdk.management.agent jdk.jconsole jdk.jdeps jdk.jdwp.agent jdk.jdi jdk.jfr jdk.jshell jdk.jsobject jdk.jstatd jdk.localedata jdk.management.jfr jdk.naming.dns jdk.naming.rmi jdk.net jdk.nio.mapmode jdk.random jdk.sctp jdk.security.auth jdk.security.jgss jdk.unsupported jdk.unsupported.desktop jdk.xml.dom" 

Environment Variables:
PATH=C:\Users\syahr\AppData\Local\Programs\Microsoft VS Code;C:\Program Files\Common Files\Oracle\Java\javapath;C:\WINDOWS\system32;C:\WINDOWS;C:\WINDOWS\System32\Wbem;C:\WINDOWS\System32\WindowsPowerShell\v1.0\;C:\WINDOWS\System32\OpenSSH\;C:\Program Files\Git\cmd;C:\Program Files\MySQL\MySQL Server 8.0\bin;C:\Program Files\dotnet\;C:\Program Files\nodejs\;C:\Users\syahr\AppData\Local\Programs\Python\Launcher\;C:\Users\syahr\AppData\Local\Programs\Python\Python313\Scripts\;C:\Users\syahr\AppData\Local\Programs\Python\Python313\;C:\Users\syahr\AppData\Local\Microsoft\WindowsApps;C:\Users\syahr\AppData\Local\Programs\Microsoft VS Code\bin;C:\src\flutter\bin;C:\Users\syahr\AppData\Roaming\npm
USERNAME=syahr
OS=Windows_NT
PROCESSOR_IDENTIFIER=Intel64 Family 6 Model 126 Stepping 5, GenuineIntel
TMP=C:\Users\syahr\AppData\Local\Temp
TEMP=C:\Users\syahr\AppData\Local\Temp




Periodic native trim disabled

---------------  S Y S T E M  ---------------

OS:
 Windows 11 , 64 bit Build 26100 (10.0.26100.7920)
OS uptime: 1 days 3:17 hours
Hyper-V role detected

CPU: total 4 (initial active 4) (2 cores per cpu, 2 threads per core) family 6 model 126 stepping 5 microcode 0xa0, cx8, cmov, fxsr, ht, mmx, 3dnowpref, sse, sse2, sse3, ssse3, sse4.1, sse4.2, popcnt, lzcnt, tsc, tscinvbit, avx, avx2, aes, erms, clmul, bmi1, bmi2, adx, avx512f, avx512dq, avx512cd, avx512bw, avx512vl, sha, fma, vzeroupper, avx512_vpopcntdq, avx512_vpclmulqdq, avx512_vaes, avx512_vnni, clflush, clflushopt, avx512_vbmi2, avx512_vbmi, hv, rdtscp, rdpid, fsrm, gfni, avx512_bitalg, f16c, avx512_ifma
Processor Information for the first 4 processors :
  Max Mhz: 1201, Current Mhz: 1000, Mhz Limit: 1201

Memory: 4k page, system-wide physical 3836M (253M free)
TotalPageFile size 15612M (AvailPageFile size 84M)
current process WorkingSet (physical memory assigned to process): 262M, peak: 294M
current process commit charge ("private bytes"): 465M, peak: 465M

vm_info: OpenJDK 64-Bit Server VM (21.0.10+7-LTS) for windows-amd64 JRE (21.0.10+7-LTS), built on 2026-01-20T00:00:00Z by "admin" with MS VC++ 17.12 (VS2022)

END.
