#
# There is insufficient memory for the Java Runtime Environment to continue.
# Native memory allocation (mmap) failed to map 16777216 bytes. Error detail: G1 virtual space
# Possible reasons:
#   The system is out of physical RAM or swap space
#   This process is running with CompressedOops enabled, and the Java Heap may be blocking the growth of the native heap
# Possible solutions:
#   Reduce memory load on the system
#   Increase physical memory or swap space
#   Check if swap backing store is full
#   Decrease Java heap size (-Xmx/-Xms)
#   Decrease number of Java threads
#   Decrease Java thread stack sizes (-Xss)
#   Set larger code cache with -XX:ReservedCodeCacheSize=
#   JVM is running with Zero Based Compressed Oops mode in which the Java heap is
#     placed in the first 32GB address space. The Java Heap base address is the
#     maximum limit for the native heap growth. Please use -XX:HeapBaseMinAddress
#     to set the Java Heap base and to place the Java Heap above 32GB virtual address.
# This output file may be truncated or incomplete.
#
#  Out of Memory Error (os_windows.cpp:3714), pid=12036, tid=21684
#
# JRE version: OpenJDK Runtime Environment Temurin-21.0.10+7 (21.0.10+7) (build 21.0.10+7-LTS)
# Java VM: OpenJDK 64-Bit Server VM Temurin-21.0.10+7 (21.0.10+7-LTS, mixed mode, sharing, tiered, compressed oops, compressed class ptrs, g1 gc, windows-amd64)
# No core dump will be written. Minidumps are not enabled by default on client versions of Windows
#

---------------  S U M M A R Y ------------

Command Line: --add-opens=java.base/java.lang=ALL-UNNAMED --add-opens=java.base/java.lang.invoke=ALL-UNNAMED --add-opens=java.base/java.util=ALL-UNNAMED --add-opens=java.prefs/java.util.prefs=ALL-UNNAMED --add-exports=jdk.compiler/com.sun.tools.javac.api=ALL-UNNAMED --add-exports=jdk.compiler/com.sun.tools.javac.util=ALL-UNNAMED --add-opens=java.base/java.util=ALL-UNNAMED --add-opens=java.prefs/java.util.prefs=ALL-UNNAMED --add-opens=java.base/java.nio.charset=ALL-UNNAMED --add-opens=java.base/java.net=ALL-UNNAMED --add-opens=java.base/java.util.concurrent.atomic=ALL-UNNAMED --add-opens=java.xml/javax.xml.namespace=ALL-UNNAMED -XX:MaxMetaspaceSize=4G -XX:ReservedCodeCacheSize=512m -XX:+HeapDumpOnOutOfMemoryError -Xmx8G -Dfile.encoding=UTF-8 -Duser.country=US -Duser.language=en -Duser.variant -javaagent:C:\Users\syahr\.gradle\wrapper\dists\gradle-8.14-all\c2qonpi39x1mddn7hk5gh9iqj\gradle-8.14\lib\agents\gradle-instrumentation-agent-8.14.jar org.gradle.launcher.daemon.bootstrap.GradleDaemon 8.14

Host: Intel(R) Core(TM) i3-1005G1 CPU @ 1.20GHz, 4 cores, 3G,  Windows 11 , 64 bit Build 26100 (10.0.26100.7920)
Time: Sat May  9 23:20:06 2026 SE Asia Standard Time elapsed time: 352.899304 seconds (0d 0h 5m 52s)

---------------  T H R E A D  ---------------

Current thread (0x0000028def5929f0):  VMThread "VM Thread"          [id=21684, stack(0x000000e7c7a00000,0x000000e7c7b00000) (1024K)]

Stack: [0x000000e7c7a00000,0x000000e7c7b00000]
Native frames: (J=compiled Java code, j=interpreted, Vv=VM code, C=native code)
V  [jvm.dll+0x6d7a39]
V  [jvm.dll+0x8b4b26]
V  [jvm.dll+0x8b70de]
V  [jvm.dll+0x8b77c3]
V  [jvm.dll+0x284346]
V  [jvm.dll+0x6d4355]
V  [jvm.dll+0x6c808a]
V  [jvm.dll+0x35edb8]
V  [jvm.dll+0x3669f6]
V  [jvm.dll+0x3b7afe]
V  [jvm.dll+0x3b7da8]
V  [jvm.dll+0x332fbc]
V  [jvm.dll+0x3357d6]
V  [jvm.dll+0x33f7cd]
V  [jvm.dll+0x374e8f]
V  [jvm.dll+0x8bd4b0]
V  [jvm.dll+0x8be824]
V  [jvm.dll+0x8bed50]
V  [jvm.dll+0x8beff3]
V  [jvm.dll+0x85f59d]
V  [jvm.dll+0x6d626d]
C  [ucrtbase.dll+0x37b0]
C  [KERNEL32.DLL+0x2e8d7]
C  [ntdll.dll+0x8c48c]

VM_Operation (0x000000e7c75ffb40): G1PauseRemark, mode: safepoint, requested by thread 0x0000028dc00c8ed0


---------------  P R O C E S S  ---------------

Threads class SMR info:
_java_thread_list=0x0000028e3acd3a00, length=66, elements={
0x0000028dc000e760, 0x0000028def5b3890, 0x0000028def5b8e80, 0x0000028def5bc7f0,
0x0000028def5bf3d0, 0x0000028def5be440, 0x0000028def5c4530, 0x0000028def5ccee0,
0x0000028def5d2d70, 0x0000028defb5b740, 0x0000028defb4a2c0, 0x0000028e36651b60,
0x0000028defae32f0, 0x0000028e3679ae30, 0x0000028e368a31c0, 0x0000028e368a1780,
0x0000028e368a1e10, 0x0000028e372f1f50, 0x0000028e372f4d40, 0x0000028e372f4020,
0x0000028e372f46b0, 0x0000028e372f53d0, 0x0000028e37017650, 0x0000028e3a894580,
0x0000028e3a8931d0, 0x0000028e39437130, 0x0000028e39436aa0, 0x0000028e394377c0,
0x0000028e3aac5b40, 0x0000028e3aac61d0, 0x0000028e3aac4e20, 0x0000028e3aac54b0,
0x0000028e3aac6860, 0x0000028e3aac6ef0, 0x0000028e3a88dc80, 0x0000028e3a88cf60,
0x0000028e3a8903e0, 0x0000028e3a88fd50, 0x0000028e3a88e310, 0x0000028e3a890a70,
0x0000028e3a88f030, 0x0000028e3a88d5f0, 0x0000028e3a891100, 0x0000028e3a891790,
0x0000028e3a891e20, 0x0000028e3a88e9a0, 0x0000028e3a8924b0, 0x0000028e3a88f6c0,
0x0000028e3a893ef0, 0x0000028e39439200, 0x0000028e394384e0, 0x0000028e39438b70,
0x0000028e39435d80, 0x0000028e39439890, 0x0000028e39436410, 0x0000028e3943ac40,
0x0000028e3943a5b0, 0x0000028e3943cd10, 0x0000028e3943b960, 0x0000028e37016fc0,
0x0000028e37016930, 0x0000028e370162a0, 0x0000028e37014ef0, 0x0000028e37017ce0,
0x0000028e3701be80, 0x0000028e3701c510
}

Java Threads: ( => current thread )
  0x0000028dc000e760 JavaThread "main"                              [_thread_blocked, id=11980, stack(0x000000e7c7300000,0x000000e7c7400000) (1024K)]
  0x0000028def5b3890 JavaThread "Reference Handler"          daemon [_thread_blocked, id=21808, stack(0x000000e7c7b00000,0x000000e7c7c00000) (1024K)]
  0x0000028def5b8e80 JavaThread "Finalizer"                  daemon [_thread_blocked, id=15480, stack(0x000000e7c7c00000,0x000000e7c7d00000) (1024K)]
  0x0000028def5bc7f0 JavaThread "Signal Dispatcher"          daemon [_thread_blocked, id=18176, stack(0x000000e7c7d00000,0x000000e7c7e00000) (1024K)]
  0x0000028def5bf3d0 JavaThread "Attach Listener"            daemon [_thread_blocked, id=3888, stack(0x000000e7c7e00000,0x000000e7c7f00000) (1024K)]
  0x0000028def5be440 JavaThread "Service Thread"             daemon [_thread_blocked, id=15812, stack(0x000000e7c7f00000,0x000000e7c8000000) (1024K)]
  0x0000028def5c4530 JavaThread "Monitor Deflation Thread"   daemon [_thread_blocked, id=22212, stack(0x000000e7c8000000,0x000000e7c8100000) (1024K)]
  0x0000028def5ccee0 JavaThread "C2 CompilerThread0"         daemon [_thread_blocked, id=18256, stack(0x000000e7c8100000,0x000000e7c8200000) (1024K)]
  0x0000028def5d2d70 JavaThread "C1 CompilerThread0"         daemon [_thread_blocked, id=7800, stack(0x000000e7c8200000,0x000000e7c8300000) (1024K)]
  0x0000028defb5b740 JavaThread "Common-Cleaner"             daemon [_thread_blocked, id=9960, stack(0x000000e7c8300000,0x000000e7c8400000) (1024K)]
  0x0000028defb4a2c0 JavaThread "Notification Thread"        daemon [_thread_blocked, id=10124, stack(0x000000e7c8400000,0x000000e7c8500000) (1024K)]
  0x0000028e36651b60 JavaThread "Daemon health stats"               [_thread_blocked, id=23472, stack(0x000000e7c8900000,0x000000e7c8a00000) (1024K)]
  0x0000028defae32f0 JavaThread "Incoming local TCP Connector on port 60922"        [_thread_in_native, id=22172, stack(0x000000e7c8800000,0x000000e7c8900000) (1024K)]
  0x0000028e3679ae30 JavaThread "Daemon periodic checks"            [_thread_blocked, id=5596, stack(0x000000e7c8a00000,0x000000e7c8b00000) (1024K)]
  0x0000028e368a31c0 JavaThread "Cache worker for journal cache (C:\Users\syahr\.gradle\caches\journal-1)"        [_thread_blocked, id=21404, stack(0x000000e7c9200000,0x000000e7c9300000) (1024K)]
  0x0000028e368a1780 JavaThread "File lock request listener"        [_thread_in_native, id=13564, stack(0x000000e7c9300000,0x000000e7c9400000) (1024K)]
  0x0000028e368a1e10 JavaThread "Cache worker for file hash cache (C:\Users\syahr\.gradle\caches\8.14\fileHashes)"        [_thread_blocked, id=20564, stack(0x000000e7c9400000,0x000000e7c9500000) (1024K)]
  0x0000028e372f1f50 JavaThread "File watcher server"        daemon [_thread_in_native, id=21464, stack(0x000000e7c9700000,0x000000e7c9800000) (1024K)]
  0x0000028e372f4d40 JavaThread "File watcher consumer"      daemon [_thread_blocked, id=7396, stack(0x000000e7c9800000,0x000000e7c9900000) (1024K)]
  0x0000028e372f4020 JavaThread "jar transforms"                    [_thread_blocked, id=5368, stack(0x000000e7c9900000,0x000000e7c9a00000) (1024K)]
  0x0000028e372f46b0 JavaThread "jar transforms Thread 2"           [_thread_blocked, id=11580, stack(0x000000e7c9a00000,0x000000e7c9b00000) (1024K)]
  0x0000028e372f53d0 JavaThread "Cache worker for file content cache (C:\Users\syahr\.gradle\caches\8.14\fileContent)"        [_thread_blocked, id=12740, stack(0x000000e7c9c00000,0x000000e7c9d00000) (1024K)]
  0x0000028e37017650 JavaThread "Memory manager"                    [_thread_blocked, id=7068, stack(0x000000e7ca900000,0x000000e7caa00000) (1024K)]
  0x0000028e3a894580 JavaThread "RMI Scheduler(0)"           daemon [_thread_blocked, id=19700, stack(0x000000e7cbc00000,0x000000e7cbd00000) (1024K)]
  0x0000028e3a8931d0 JavaThread "RMI RenewClean-[127.0.0.1:17444,org.jetbrains.kotlin.daemon.common.LoopbackNetworkInterface$ClientLoopbackSocketFactory@2b7ee073]" daemon [_thread_blocked, id=22080, stack(0x000000e7cbd00000,0x000000e7cbe00000) (1024K)]
  0x0000028e39437130 JavaThread "RMI GC Daemon"              daemon [_thread_blocked, id=5024, stack(0x000000e7cbe00000,0x000000e7cbf00000) (1024K)]
  0x0000028e39436aa0 JavaThread "RMI TCP Accept-0"           daemon [_thread_in_native, id=1588, stack(0x000000e7cbf00000,0x000000e7cc000000) (1024K)]
  0x0000028e394377c0 JavaThread "RMI Reaper"                        [_thread_blocked, id=19924, stack(0x000000e7cc000000,0x000000e7cc100000) (1024K)]
  0x0000028e3aac5b40 JavaThread "Daemon Thread 2"                   [_thread_blocked, id=15752, stack(0x000000e7c7000000,0x000000e7c7100000) (1024K)]
  0x0000028e3aac61d0 JavaThread "Handler for socket connection from /127.0.0.1:60922 to /127.0.0.1:59401"        [_thread_in_native, id=8544, stack(0x000000e7c7200000,0x000000e7c7300000) (1024K)]
  0x0000028e3aac4e20 JavaThread "Cancel handler"                    [_thread_blocked, id=21688, stack(0x000000e7c8b00000,0x000000e7c8c00000) (1024K)]
  0x0000028e3aac54b0 JavaThread "Daemon worker Thread 2"            [_thread_blocked, id=21772, stack(0x000000e7c8c00000,0x000000e7c8d00000) (1024K)]
  0x0000028e3aac6860 JavaThread "Asynchronous log dispatcher for DefaultDaemonConnection: socket connection from /127.0.0.1:60922 to /127.0.0.1:59401"        [_thread_blocked, id=19140, stack(0x000000e7c8d00000,0x000000e7c8e00000) (1024K)]
  0x0000028e3aac6ef0 JavaThread "Stdin handler"                     [_thread_blocked, id=5028, stack(0x000000e7c8e00000,0x000000e7c8f00000) (1024K)]
  0x0000028e3a88dc80 JavaThread "Daemon client event forwarder"        [_thread_blocked, id=22088, stack(0x000000e7c8f00000,0x000000e7c9000000) (1024K)]
  0x0000028e3a88cf60 JavaThread "Cache worker for file hash cache (D:\semester4\reworth_pblsem4\mobile_reworth\android\.gradle\8.14\fileHashes)"        [_thread_blocked, id=16684, stack(0x000000e7c9000000,0x000000e7c9100000) (1024K)]
  0x0000028e3a8903e0 JavaThread "Cache worker for Build Output Cleanup Cache (D:\semester4\reworth_pblsem4\mobile_reworth\android\.gradle\buildOutputCleanup)"        [_thread_blocked, id=14844, stack(0x000000e7c9100000,0x000000e7c9200000) (1024K)]
  0x0000028e3a88fd50 JavaThread "Cache worker for checksums cache (D:\semester4\reworth_pblsem4\mobile_reworth\android\.gradle\8.14\checksums)"        [_thread_blocked, id=23300, stack(0x000000e7c9500000,0x000000e7c9600000) (1024K)]
  0x0000028e3a88e310 JavaThread "Cache worker for cache directory md-supplier (C:\Users\syahr\.gradle\caches\8.14\md-supplier)"        [_thread_blocked, id=23180, stack(0x000000e7c9600000,0x000000e7c9700000) (1024K)]
  0x0000028e3a890a70 JavaThread "Cache worker for cache directory md-rule (C:\Users\syahr\.gradle\caches\8.14\md-rule)"        [_thread_blocked, id=10792, stack(0x000000e7c9b00000,0x000000e7c9c00000) (1024K)]
  0x0000028e3a88f030 JavaThread "Cache worker for Build Output Cleanup Cache (C:\src\flutter\packages\flutter_tools\gradle\.gradle\buildOutputCleanup)"        [_thread_blocked, id=9208, stack(0x000000e7c9d00000,0x000000e7c9e00000) (1024K)]
  0x0000028e3a88d5f0 JavaThread "Unconstrained build operations"        [_thread_blocked, id=22892, stack(0x000000e7c9e00000,0x000000e7c9f00000) (1024K)]
  0x0000028e3a891100 JavaThread "Unconstrained build operations Thread 2"        [_thread_blocked, id=17904, stack(0x000000e7c9f00000,0x000000e7ca000000) (1024K)]
  0x0000028e3a891790 JavaThread "Unconstrained build operations Thread 3"        [_thread_blocked, id=22884, stack(0x000000e7ca000000,0x000000e7ca100000) (1024K)]
  0x0000028e3a891e20 JavaThread "Unconstrained build operations Thread 4"        [_thread_blocked, id=3112, stack(0x000000e7ca100000,0x000000e7ca200000) (1024K)]
  0x0000028e3a88e9a0 JavaThread "Unconstrained build operations Thread 5"        [_thread_blocked, id=7408, stack(0x000000e7ca200000,0x000000e7ca300000) (1024K)]
  0x0000028e3a8924b0 JavaThread "Unconstrained build operations Thread 6"        [_thread_blocked, id=21908, stack(0x000000e7ca300000,0x000000e7ca400000) (1024K)]
  0x0000028e3a88f6c0 JavaThread "build event listener"              [_thread_blocked, id=21540, stack(0x000000e7ca400000,0x000000e7ca500000) (1024K)]
  0x0000028e3a893ef0 JavaThread "included builds"                   [_thread_blocked, id=20644, stack(0x000000e7ca500000,0x000000e7ca600000) (1024K)]
  0x0000028e39439200 JavaThread "Execution worker"                  [_thread_blocked, id=11504, stack(0x000000e7ca600000,0x000000e7ca700000) (1024K)]
  0x0000028e394384e0 JavaThread "Execution worker Thread 2"         [_thread_blocked, id=4944, stack(0x000000e7ca700000,0x000000e7ca800000) (1024K)]
  0x0000028e39438b70 JavaThread "Execution worker Thread 3"         [_thread_blocked, id=3156, stack(0x000000e7ca800000,0x000000e7ca900000) (1024K)]
  0x0000028e39435d80 JavaThread "Cache worker for execution history cache (C:\src\flutter\packages\flutter_tools\gradle\.gradle\8.14\executionHistory)"        [_thread_blocked, id=7752, stack(0x000000e7caa00000,0x000000e7cab00000) (1024K)]
  0x0000028e39439890 JavaThread "Unconstrained build operations Thread 7"        [_thread_blocked, id=2524, stack(0x000000e7cab00000,0x000000e7cac00000) (1024K)]
  0x0000028e39436410 JavaThread "Unconstrained build operations Thread 8"        [_thread_blocked, id=6404, stack(0x000000e7cac00000,0x000000e7cad00000) (1024K)]
  0x0000028e3943ac40 JavaThread "Unconstrained build operations Thread 9"        [_thread_blocked, id=9708, stack(0x000000e7cad00000,0x000000e7cae00000) (1024K)]
  0x0000028e3943a5b0 JavaThread "Unconstrained build operations Thread 10"        [_thread_blocked, id=20584, stack(0x000000e7cae00000,0x000000e7caf00000) (1024K)]
  0x0000028e3943cd10 JavaThread "Unconstrained build operations Thread 11"        [_thread_blocked, id=17656, stack(0x000000e7caf00000,0x000000e7cb000000) (1024K)]
  0x0000028e3943b960 JavaThread "Unconstrained build operations Thread 12"        [_thread_blocked, id=17848, stack(0x000000e7cb000000,0x000000e7cb100000) (1024K)]
  0x0000028e37016fc0 JavaThread "Unconstrained build operations Thread 13"        [_thread_blocked, id=10576, stack(0x000000e7cb100000,0x000000e7cb200000) (1024K)]
  0x0000028e37016930 JavaThread "Unconstrained build operations Thread 14"        [_thread_blocked, id=23348, stack(0x000000e7cb200000,0x000000e7cb300000) (1024K)]
  0x0000028e370162a0 JavaThread "WorkerExecutor Queue"              [_thread_blocked, id=23168, stack(0x000000e7cb300000,0x000000e7cb400000) (1024K)]
  0x0000028e37014ef0 JavaThread "RMI TCP Connection(3)-127.0.0.1" daemon [_thread_in_native, id=23476, stack(0x000000e7cb500000,0x000000e7cb600000) (1024K)]
  0x0000028e37017ce0 JavaThread "Unconstrained build operations Thread 15"        [_thread_blocked, id=944, stack(0x000000e7c7100000,0x000000e7c7200000) (1024K)]
  0x0000028e3701be80 JavaThread "Unconstrained build operations Thread 16"        [_thread_blocked, id=18948, stack(0x000000e7cb400000,0x000000e7cb500000) (1024K)]
  0x0000028e3701c510 JavaThread "Unconstrained build operations Thread 17"        [_thread_blocked, id=14832, stack(0x000000e7cb800000,0x000000e7cb900000) (1024K)]
Total: 66

Other Threads:
=>0x0000028def5929f0 VMThread "VM Thread"                           [id=21684, stack(0x000000e7c7a00000,0x000000e7c7b00000) (1024K)]
  0x0000028def582a40 WatcherThread "VM Periodic Task Thread"        [id=15420, stack(0x000000e7c7900000,0x000000e7c7a00000) (1024K)]
  0x0000028dc00b7bc0 WorkerThread "GC Thread#0"                     [id=17660, stack(0x000000e7c7400000,0x000000e7c7500000) (1024K)]
  0x0000028defc0a920 WorkerThread "GC Thread#1"                     [id=13332, stack(0x000000e7c8500000,0x000000e7c8600000) (1024K)]
  0x0000028defc2b170 WorkerThread "GC Thread#2"                     [id=11516, stack(0x000000e7c8600000,0x000000e7c8700000) (1024K)]
  0x0000028e35c922b0 WorkerThread "GC Thread#3"                     [id=3020, stack(0x000000e7c8700000,0x000000e7c8800000) (1024K)]
  0x0000028dc00c8ed0 ConcurrentGCThread "G1 Main Marker"            [id=1524, stack(0x000000e7c7500000,0x000000e7c7600000) (1024K)]
  0x0000028dc00ca770 WorkerThread "G1 Conc#0"                       [id=21344, stack(0x000000e7c7600000,0x000000e7c7700000) (1024K)]
  0x0000028def4572b0 ConcurrentGCThread "G1 Refine#0"               [id=20176, stack(0x000000e7c7700000,0x000000e7c7800000) (1024K)]
  0x0000028def457be0 ConcurrentGCThread "G1 Service"                [id=16864, stack(0x000000e7c7800000,0x000000e7c7900000) (1024K)]
Total: 10

Threads with active compile tasks:
Total: 0

VM state: at safepoint (normal execution)

VM Mutex/Monitor currently owned by a thread:  ([mutex/lock_event])
[0x00007ffd0b50e560] Threads_lock - owner thread: 0x0000028def5929f0
[0x00007ffd0b50e660] Heap_lock - owner thread: 0x0000028dc00c8ed0

Heap address: 0x0000000600000000, size: 8192 MB, Compressed Oops mode: Zero based, Oop shift amount: 3

CDS archive(s) mapped at: [0x0000028df0000000-0x0000028df0ba0000-0x0000028df0ba0000), size 12189696, SharedBaseAddress: 0x0000028df0000000, ArchiveRelocationMode: 1.
Compressed class space mapped at: 0x0000028df1000000-0x0000028e31000000, reserved size: 1073741824
Narrow klass base: 0x0000028df0000000, Narrow klass shift: 0, Narrow klass range: 0x100000000

GC Precious Log:
 CardTable entry size: 512
 Card Set container configuration: InlinePtr #cards 4 size 8 Array Of Cards #cards 32 size 80 Howl #buckets 8 coarsen threshold 7372 Howl Bitmap #cards 1024 size 144 coarsen threshold 921 Card regions per heap region 1 cards per card region 8192
 CPUs: 4 total, 4 available
 Memory: 3836M
 Large Page Support: Disabled
 NUMA Support: Disabled
 Compressed Oops: Enabled (Zero based)
 Heap Region Size: 4M
 Heap Min Capacity: 8M
 Heap Initial Capacity: 60M
 Heap Max Capacity: 8G
 Pre-touch: Disabled
 Parallel Workers: 4
 Concurrent Workers: 1
 Concurrent Refinement Workers: 4
 Periodic GC: Disabled

Heap:
 garbage-first heap   total 208896K, used 143977K [0x0000000600000000, 0x0000000800000000)
  region size 4096K, 7 young (28672K), 3 survivors (12288K)
 Metaspace       used 109792K, committed 112320K, reserved 1179648K
  class space    used 15621K, committed 16832K, reserved 1048576K

Heap Regions: E=young(eden), S=young(survivor), O=old, HS=humongous(starts), HC=humongous(continues), CS=collection set, F=free, TAMS=top-at-mark-start, PB=parsable bottom
|   0|0x0000000600000000, 0x0000000600400000, 0x0000000600400000|100%|HS|  |TAMS 0x0000000600400000| PB 0x0000000600000000| Complete 
|   1|0x0000000600400000, 0x0000000600800000, 0x0000000600800000|100%| O|  |TAMS 0x0000000600800000| PB 0x0000000600800000| Untracked 
|   2|0x0000000600800000, 0x0000000600c00000, 0x0000000600c00000|100%| O|  |TAMS 0x0000000600c00000| PB 0x0000000600c00000| Untracked 
|   3|0x0000000600c00000, 0x0000000601000000, 0x0000000601000000|100%|HS|  |TAMS 0x0000000601000000| PB 0x0000000600c00000| Complete 
|   4|0x0000000601000000, 0x0000000601400000, 0x0000000601400000|100%| O|  |TAMS 0x0000000601400000| PB 0x0000000601400000| Untracked 
|   5|0x0000000601400000, 0x0000000601800000, 0x0000000601800000|100%| O|  |TAMS 0x0000000601800000| PB 0x0000000601800000| Updating 
|   6|0x0000000601800000, 0x0000000601c00000, 0x0000000601c00000|100%| O|  |TAMS 0x0000000601c00000| PB 0x0000000601c00000| Untracked 
|   7|0x0000000601c00000, 0x0000000602000000, 0x0000000602000000|100%| O|  |TAMS 0x0000000602000000| PB 0x0000000602000000| Untracked 
|   8|0x0000000602000000, 0x0000000602400000, 0x0000000602400000|100%| O|  |TAMS 0x0000000602400000| PB 0x0000000602400000| Untracked 
|   9|0x0000000602400000, 0x0000000602800000, 0x0000000602800000|100%| O|  |TAMS 0x0000000602800000| PB 0x0000000602800000| Updating 
|  10|0x0000000602800000, 0x0000000602c00000, 0x0000000602c00000|100%| O|  |TAMS 0x0000000602c00000| PB 0x0000000602c00000| Untracked 
|  11|0x0000000602c00000, 0x0000000603000000, 0x0000000603000000|100%|HS|  |TAMS 0x0000000603000000| PB 0x0000000602c00000| Complete 
|  12|0x0000000603000000, 0x0000000603400000, 0x0000000603400000|100%| O|  |TAMS 0x0000000603400000| PB 0x0000000603400000| Untracked 
|  13|0x0000000603400000, 0x0000000603800000, 0x0000000603800000|100%| O|  |TAMS 0x0000000603800000| PB 0x0000000603800000| Untracked 
|  14|0x0000000603800000, 0x0000000603c00000, 0x0000000603c00000|100%| O|  |TAMS 0x0000000603c00000| PB 0x0000000603c00000| Untracked 
|  15|0x0000000603c00000, 0x0000000604000000, 0x0000000604000000|100%| O|  |TAMS 0x0000000604000000| PB 0x0000000604000000| Untracked 
|  16|0x0000000604000000, 0x0000000604400000, 0x0000000604400000|100%| O|  |TAMS 0x0000000604400000| PB 0x0000000604400000| Untracked 
|  17|0x0000000604400000, 0x0000000604800000, 0x0000000604800000|100%| O|  |TAMS 0x0000000604800000| PB 0x0000000604800000| Updating 
|  18|0x0000000604800000, 0x0000000604c00000, 0x0000000604c00000|100%| O|  |TAMS 0x0000000604c00000| PB 0x0000000604c00000| Updating 
|  19|0x0000000604c00000, 0x0000000605000000, 0x0000000605000000|100%| O|  |TAMS 0x0000000605000000| PB 0x0000000605000000| Updating 
|  20|0x0000000605000000, 0x0000000605400000, 0x0000000605400000|100%| O|  |TAMS 0x0000000605400000| PB 0x0000000605400000| Untracked 
|  21|0x0000000605400000, 0x0000000605800000, 0x0000000605800000|100%| O|  |TAMS 0x0000000605800000| PB 0x0000000605800000| Untracked 
|  22|0x0000000605800000, 0x0000000605aebf30, 0x0000000605c00000| 73%| O|  |TAMS 0x0000000605800000| PB 0x0000000605800000| Updating 
|  23|0x0000000605c00000, 0x0000000606000000, 0x0000000606000000|100%| O|  |TAMS 0x0000000606000000| PB 0x0000000606000000| Updating 
|  24|0x0000000606000000, 0x0000000606400000, 0x0000000606400000|100%| O|  |TAMS 0x0000000606400000| PB 0x0000000606400000| Untracked 
|  25|0x0000000606400000, 0x0000000606800000, 0x0000000606800000|100%| O|  |TAMS 0x0000000606800000| PB 0x0000000606800000| Untracked 
|  26|0x0000000606800000, 0x0000000606c00000, 0x0000000606c00000|100%| O|  |TAMS 0x0000000606c00000| PB 0x0000000606c00000| Updating 
|  27|0x0000000606c00000, 0x0000000607000000, 0x0000000607000000|100%| O|  |TAMS 0x0000000606e08a48| PB 0x0000000606e08a48| Untracked 
|  28|0x0000000607000000, 0x00000006071ae5a0, 0x0000000607400000| 42%| S|CS|TAMS 0x0000000607000000| PB 0x0000000607000000| Complete 
|  29|0x0000000607400000, 0x0000000607800000, 0x0000000607800000|100%| S|CS|TAMS 0x0000000607400000| PB 0x0000000607400000| Complete 
|  30|0x0000000607800000, 0x0000000607800000, 0x0000000607c00000|  0%| F|  |TAMS 0x0000000607800000| PB 0x0000000607800000| Untracked 
|  31|0x0000000607c00000, 0x0000000607c00000, 0x0000000608000000|  0%| F|  |TAMS 0x0000000607c00000| PB 0x0000000607c00000| Untracked 
|  32|0x0000000608000000, 0x0000000608000000, 0x0000000608400000|  0%| F|  |TAMS 0x0000000608000000| PB 0x0000000608000000| Untracked 
|  33|0x0000000608400000, 0x0000000608800000, 0x0000000608800000|100%| S|CS|TAMS 0x0000000608400000| PB 0x0000000608400000| Complete 
|  34|0x0000000608800000, 0x0000000608800000, 0x0000000608c00000|  0%| F|  |TAMS 0x0000000608800000| PB 0x0000000608800000| Untracked 
|  35|0x0000000608c00000, 0x0000000608c00000, 0x0000000609000000|  0%| F|  |TAMS 0x0000000608c00000| PB 0x0000000608c00000| Untracked 
|  36|0x0000000609000000, 0x0000000609000000, 0x0000000609400000|  0%| F|  |TAMS 0x0000000609000000| PB 0x0000000609000000| Untracked 
|  37|0x0000000609400000, 0x0000000609400000, 0x0000000609800000|  0%| F|  |TAMS 0x0000000609400000| PB 0x0000000609400000| Untracked 
|  38|0x0000000609800000, 0x0000000609800000, 0x0000000609c00000|  0%| F|  |TAMS 0x0000000609800000| PB 0x0000000609800000| Untracked 
|  39|0x0000000609c00000, 0x0000000609c00000, 0x000000060a000000|  0%| F|  |TAMS 0x0000000609c00000| PB 0x0000000609c00000| Untracked 
|  40|0x000000060a000000, 0x000000060a000000, 0x000000060a400000|  0%| F|  |TAMS 0x000000060a000000| PB 0x000000060a000000| Untracked 
|  41|0x000000060a400000, 0x000000060a400000, 0x000000060a800000|  0%| F|  |TAMS 0x000000060a400000| PB 0x000000060a400000| Untracked 
|  42|0x000000060a800000, 0x000000060a800000, 0x000000060ac00000|  0%| F|  |TAMS 0x000000060a800000| PB 0x000000060a800000| Untracked 
|  43|0x000000060ac00000, 0x000000060ac00000, 0x000000060b000000|  0%| F|  |TAMS 0x000000060ac00000| PB 0x000000060ac00000| Untracked 
|  44|0x000000060b000000, 0x000000060b000000, 0x000000060b400000|  0%| F|  |TAMS 0x000000060b000000| PB 0x000000060b000000| Untracked 
|  45|0x000000060b400000, 0x000000060b70f620, 0x000000060b800000| 76%| E|  |TAMS 0x000000060b400000| PB 0x000000060b400000| Complete 
|  46|0x000000060b800000, 0x000000060bc00000, 0x000000060bc00000|100%| E|CS|TAMS 0x000000060b800000| PB 0x000000060b800000| Complete 
|2044|0x00000007ff000000, 0x00000007ff400000, 0x00000007ff400000|100%| E|CS|TAMS 0x00000007ff000000| PB 0x00000007ff000000| Complete 
|2045|0x00000007ff400000, 0x00000007ff800000, 0x00000007ff800000|100%| O|  |TAMS 0x00000007ff800000| PB 0x00000007ff800000| Updating 
|2046|0x00000007ff800000, 0x00000007ffc00000, 0x00000007ffc00000|100%| E|CS|TAMS 0x00000007ff800000| PB 0x00000007ff800000| Complete 
|2047|0x00000007ffc00000, 0x0000000800000000, 0x0000000800000000|100%| O|  |TAMS 0x0000000800000000| PB 0x0000000800000000| Updating 

Card table byte_map: [0x0000028de4320000,0x0000028de5320000] _byte_map_base: 0x0000028de1320000

Marking Bits: (CMBitMap*) 0x0000028dc00b85f0
 Bits: [0x0000028de5320000, 0x0000028ded320000)

Polling page: 0x0000028dbde80000

Metaspace:

Usage:
  Non-class:     91.96 MB used.
      Class:     15.26 MB used.
       Both:    107.22 MB used.

Virtual space:
  Non-class space:      128.00 MB reserved,      93.25 MB ( 73%) committed,  2 nodes.
      Class space:        1.00 GB reserved,      16.44 MB (  2%) committed,  1 nodes.
             Both:        1.12 GB reserved,     109.69 MB ( 10%) committed. 

Chunk freelists:
   Non-Class:  2.67 MB
       Class:  15.38 MB
        Both:  18.05 MB

MaxMetaspaceSize: 4.00 GB
CompressedClassSpaceSize: 1.00 GB
Initial GC threshold: 21.00 MB
Current GC threshold: 170.44 MB
CDS: on
 - commit_granule_bytes: 65536.
 - commit_granule_words: 8192.
 - virtual_space_node_default_size: 8388608.
 - enlarge_chunks_in_place: 1.
 - use_allocation_guard: 0.


Internal statistics:

num_allocs_failed_limit: 3.
num_arena_births: 4642.
num_arena_deaths: 0.
num_vsnodes_births: 3.
num_vsnodes_deaths: 0.
num_space_committed: 1755.
num_space_uncommitted: 0.
num_chunks_returned_to_freelist: 3.
num_chunks_taken_from_freelist: 9945.
num_chunk_merges: 3.
num_chunk_splits: 6409.
num_chunks_enlarged: 3925.
num_inconsistent_stats: 0.

CodeHeap 'non-profiled nmethods': size=259264Kb used=7740Kb max_used=7837Kb free=251523Kb
 bounds [0x0000028dd34e0000, 0x0000028dd3c90000, 0x0000028de3210000]
CodeHeap 'profiled nmethods': size=259264Kb used=25594Kb max_used=26139Kb free=233669Kb
 bounds [0x0000028dc3210000, 0x0000028dc4ba0000, 0x0000028dd2f40000]
CodeHeap 'non-nmethods': size=5760Kb used=3067Kb max_used=3104Kb free=2692Kb
 bounds [0x0000028dd2f40000, 0x0000028dd3260000, 0x0000028dd34e0000]
CodeCache: size=524288Kb, used=36401Kb, max_used=37080Kb, free=487884Kb
 total_blobs=14134, nmethods=13076, adapters=962, full_count=0
Compilation: enabled, stopped_count=0, restarted_count=0

Compilation events (20 events):
Event: 352.409 Thread 0x0000028def5d2d70 nmethod 15288 0x0000028dc4b92290 code [0x0000028dc4b92500, 0x0000028dc4b93168]
Event: 352.409 Thread 0x0000028def5d2d70 15289   !   3       org.gradle.internal.fingerprint.impl.AbstractFingerprintingStrategy::getNormalizedContentHash (39 bytes)
Event: 352.410 Thread 0x0000028def5d2d70 nmethod 15289 0x0000028dc4b93510 code [0x0000028dc4b93720, 0x0000028dc4b93c58]
Event: 352.410 Thread 0x0000028def5d2d70 15290       3       org.gradle.internal.fingerprint.hashing.FileSystemLocationSnapshotHasher$1::hash (7 bytes)
Event: 352.411 Thread 0x0000028def5d2d70 nmethod 15290 0x0000028dc4b93f10 code [0x0000028dc4b940c0, 0x0000028dc4b94298]
Event: 352.423 Thread 0x0000028def5ccee0 nmethod 15291 0x0000028dd3c86510 code [0x0000028dd3c86720, 0x0000028dd3c87090]
Event: 352.427 Thread 0x0000028def5d2d70 15292       3       com.google.common.collect.Iterators$5::computeNext (45 bytes)
Event: 352.428 Thread 0x0000028def5d2d70 nmethod 15292 0x0000028dc4b94390 code [0x0000028dc4b94580, 0x0000028dc4b94af0]
Event: 352.429 Thread 0x0000028def5d2d70 15293       3       org.gradle.internal.snapshot.impl.DefaultIsolatableFactory$IsolatableVisitor::fileValue (9 bytes)
Event: 352.432 Thread 0x0000028def5d2d70 nmethod 15293 0x0000028dc4b94c90 code [0x0000028dc4b94e40, 0x0000028dc4b95148]
Event: 352.432 Thread 0x0000028def5d2d70 15294       3       org.gradle.internal.snapshot.impl.FileValueSnapshot::<init> (9 bytes)
Event: 352.432 Thread 0x0000028def5d2d70 nmethod 15294 0x0000028dc4b95290 code [0x0000028dc4b95440, 0x0000028dc4b95690]
Event: 352.432 Thread 0x0000028def5d2d70 15295       3       org.gradle.internal.snapshot.impl.FileValueSnapshot::hashCode (5 bytes)
Event: 352.433 Thread 0x0000028def5d2d70 nmethod 15295 0x0000028dc4b95790 code [0x0000028dc4b95940, 0x0000028dc4b95b78]
Event: 352.433 Thread 0x0000028def5d2d70 15297       3       org.gradle.internal.snapshot.impl.FileValueSnapshot::isolate (15 bytes)
Event: 352.433 Thread 0x0000028def5d2d70 nmethod 15297 0x0000028dc4b95c90 code [0x0000028dc4b95e60, 0x0000028dc4b96190]
Event: 352.433 Thread 0x0000028def5d2d70 15296       3       org.gradle.internal.snapshot.impl.FileValueSnapshot::isolate (5 bytes)
Event: 352.433 Thread 0x0000028def5d2d70 nmethod 15296 0x0000028dc4b96290 code [0x0000028dc4b96460, 0x0000028dc4b967f8]
Event: 352.433 Thread 0x0000028def5d2d70 15298       3       org.gradle.internal.snapshot.impl.FileValueSnapshot::getValue (5 bytes)
Event: 352.433 Thread 0x0000028def5d2d70 nmethod 15298 0x0000028dc4b96910 code [0x0000028dc4b96aa0, 0x0000028dc4b96bc8]

GC Heap History (20 events):
Event: 145.671 GC heap before
{Heap before GC invocations=48 (full 0):
 garbage-first heap   total 143360K, used 123097K [0x0000000600000000, 0x0000000800000000)
  region size 4096K, 12 young (49152K), 2 survivors (8192K)
 Metaspace       used 80698K, committed 82944K, reserved 1179648K
  class space    used 11661K, committed 12800K, reserved 1048576K
}
Event: 145.687 GC heap after
{Heap after GC invocations=49 (full 0):
 garbage-first heap   total 151552K, used 102396K [0x0000000600000000, 0x0000000800000000)
  region size 4096K, 2 young (8192K), 2 survivors (8192K)
 Metaspace       used 80698K, committed 82944K, reserved 1179648K
  class space    used 11661K, committed 12800K, reserved 1048576K
}
Event: 146.467 GC heap before
{Heap before GC invocations=50 (full 0):
 garbage-first heap   total 172032K, used 126972K [0x0000000600000000, 0x0000000800000000)
  region size 4096K, 9 young (36864K), 2 survivors (8192K)
 Metaspace       used 83425K, committed 85696K, reserved 1179648K
  class space    used 11965K, committed 13120K, reserved 1048576K
}
Event: 146.475 GC heap after
{Heap after GC invocations=51 (full 0):
 garbage-first heap   total 172032K, used 104061K [0x0000000600000000, 0x0000000800000000)
  region size 4096K, 1 young (4096K), 1 survivors (4096K)
 Metaspace       used 83425K, committed 85696K, reserved 1179648K
  class space    used 11965K, committed 13120K, reserved 1048576K
}
Event: 147.574 GC heap before
{Heap before GC invocations=51 (full 0):
 garbage-first heap   total 172032K, used 136829K [0x0000000600000000, 0x0000000800000000)
  region size 4096K, 10 young (40960K), 1 survivors (4096K)
 Metaspace       used 85861K, committed 88192K, reserved 1179648K
  class space    used 12264K, committed 13440K, reserved 1048576K
}
Event: 147.589 GC heap after
{Heap after GC invocations=52 (full 0):
 garbage-first heap   total 172032K, used 107944K [0x0000000600000000, 0x0000000800000000)
  region size 4096K, 2 young (8192K), 2 survivors (8192K)
 Metaspace       used 85861K, committed 88192K, reserved 1179648K
  class space    used 12264K, committed 13440K, reserved 1048576K
}
Event: 148.892 GC heap before
{Heap before GC invocations=52 (full 0):
 garbage-first heap   total 172032K, used 144808K [0x0000000600000000, 0x0000000800000000)
  region size 4096K, 11 young (45056K), 2 survivors (8192K)
 Metaspace       used 88669K, committed 91008K, reserved 1179648K
  class space    used 12623K, committed 13760K, reserved 1048576K
}
Event: 148.903 GC heap after
{Heap after GC invocations=53 (full 0):
 garbage-first heap   total 208896K, used 110338K [0x0000000600000000, 0x0000000800000000)
  region size 4096K, 1 young (4096K), 1 survivors (4096K)
 Metaspace       used 88669K, committed 91008K, reserved 1179648K
  class space    used 12623K, committed 13760K, reserved 1048576K
}
Event: 151.202 GC heap before
{Heap before GC invocations=54 (full 0):
 garbage-first heap   total 208896K, used 171778K [0x0000000600000000, 0x0000000800000000)
  region size 4096K, 16 young (65536K), 1 survivors (4096K)
 Metaspace       used 93502K, committed 95808K, reserved 1179648K
  class space    used 13270K, committed 14400K, reserved 1048576K
}
Event: 151.207 GC heap after
{Heap after GC invocations=55 (full 0):
 garbage-first heap   total 208896K, used 112235K [0x0000000600000000, 0x0000000800000000)
  region size 4096K, 1 young (4096K), 1 survivors (4096K)
 Metaspace       used 93502K, committed 95808K, reserved 1179648K
  class space    used 13270K, committed 14400K, reserved 1048576K
}
Event: 153.258 GC heap before
{Heap before GC invocations=55 (full 0):
 garbage-first heap   total 208896K, used 181867K [0x0000000600000000, 0x0000000800000000)
  region size 4096K, 18 young (73728K), 1 survivors (4096K)
 Metaspace       used 96841K, committed 99200K, reserved 1179648K
  class space    used 13737K, committed 14912K, reserved 1048576K
}
Event: 153.279 GC heap after
{Heap after GC invocations=56 (full 0):
 garbage-first heap   total 208896K, used 117797K [0x0000000600000000, 0x0000000800000000)
  region size 4096K, 3 young (12288K), 3 survivors (12288K)
 Metaspace       used 96841K, committed 99200K, reserved 1179648K
  class space    used 13737K, committed 14912K, reserved 1048576K
}
Event: 155.044 GC heap before
{Heap before GC invocations=56 (full 0):
 garbage-first heap   total 208896K, used 183333K [0x0000000600000000, 0x0000000800000000)
  region size 4096K, 19 young (77824K), 3 survivors (12288K)
 Metaspace       used 101814K, committed 104192K, reserved 1179648K
  class space    used 14586K, committed 15744K, reserved 1048576K
}
Event: 155.066 GC heap after
{Heap after GC invocations=57 (full 0):
 garbage-first heap   total 208896K, used 120391K [0x0000000600000000, 0x0000000800000000)
  region size 4096K, 2 young (8192K), 2 survivors (8192K)
 Metaspace       used 101814K, committed 104192K, reserved 1179648K
  class space    used 14586K, committed 15744K, reserved 1048576K
}
Event: 161.531 GC heap before
{Heap before GC invocations=58 (full 0):
 garbage-first heap   total 208896K, used 190023K [0x0000000600000000, 0x0000000800000000)
  region size 4096K, 19 young (77824K), 2 survivors (8192K)
 Metaspace       used 106209K, committed 108736K, reserved 1179648K
  class space    used 15206K, committed 16448K, reserved 1048576K
}
Event: 161.592 GC heap after
{Heap after GC invocations=59 (full 0):
 garbage-first heap   total 208896K, used 123702K [0x0000000600000000, 0x0000000800000000)
  region size 4096K, 2 young (8192K), 2 survivors (8192K)
 Metaspace       used 106209K, committed 108736K, reserved 1179648K
  class space    used 15206K, committed 16448K, reserved 1048576K
}
Event: 266.422 GC heap before
{Heap before GC invocations=59 (full 0):
 garbage-first heap   total 208896K, used 189238K [0x0000000600000000, 0x0000000800000000)
  region size 4096K, 18 young (73728K), 2 survivors (8192K)
 Metaspace       used 108404K, committed 110912K, reserved 1179648K
  class space    used 15494K, committed 16704K, reserved 1048576K
}
Event: 266.631 GC heap after
{Heap after GC invocations=60 (full 0):
 garbage-first heap   total 208896K, used 127451K [0x0000000600000000, 0x0000000800000000)
  region size 4096K, 3 young (12288K), 3 survivors (12288K)
 Metaspace       used 108404K, committed 110912K, reserved 1179648K
  class space    used 15494K, committed 16704K, reserved 1048576K
}
Event: 350.766 GC heap before
{Heap before GC invocations=60 (full 0):
 garbage-first heap   total 208896K, used 184795K [0x0000000600000000, 0x0000000800000000)
  region size 4096K, 18 young (73728K), 3 survivors (12288K)
 Metaspace       used 109676K, committed 112192K, reserved 1179648K
  class space    used 15619K, committed 16832K, reserved 1048576K
}
Event: 351.032 GC heap after
{Heap after GC invocations=61 (full 0):
 garbage-first heap   total 208896K, used 131689K [0x0000000600000000, 0x0000000800000000)
  region size 4096K, 3 young (12288K), 3 survivors (12288K)
 Metaspace       used 109676K, committed 112192K, reserved 1179648K
  class space    used 15619K, committed 16832K, reserved 1048576K
}

Dll operation events (15 events):
Event: 0.030 Loaded shared library C:\Users\syahr\.vscode\extensions\redhat.java-1.54.0-win32-x64\jre\21.0.10-win32-x86_64\bin\java.dll
Event: 0.165 Loaded shared library C:\Users\syahr\.vscode\extensions\redhat.java-1.54.0-win32-x64\jre\21.0.10-win32-x86_64\bin\zip.dll
Event: 0.228 Loaded shared library C:\Users\syahr\.vscode\extensions\redhat.java-1.54.0-win32-x64\jre\21.0.10-win32-x86_64\bin\instrument.dll
Event: 0.238 Loaded shared library C:\Users\syahr\.vscode\extensions\redhat.java-1.54.0-win32-x64\jre\21.0.10-win32-x86_64\bin\net.dll
Event: 0.244 Loaded shared library C:\Users\syahr\.vscode\extensions\redhat.java-1.54.0-win32-x64\jre\21.0.10-win32-x86_64\bin\nio.dll
Event: 0.251 Loaded shared library C:\Users\syahr\.vscode\extensions\redhat.java-1.54.0-win32-x64\jre\21.0.10-win32-x86_64\bin\zip.dll
Event: 0.957 Loaded shared library C:\Users\syahr\.vscode\extensions\redhat.java-1.54.0-win32-x64\jre\21.0.10-win32-x86_64\bin\jimage.dll
Event: 2.020 Loaded shared library C:\Users\syahr\.vscode\extensions\redhat.java-1.54.0-win32-x64\jre\21.0.10-win32-x86_64\bin\verify.dll
Event: 2.301 Loaded shared library C:\Users\syahr\.gradle\native\1def1411415f61bf3af743bc5b6707747c0891f09f0c88961ee8f79bc544acac\windows-amd64\native-platform.dll
Event: 2.861 Loaded shared library C:\Users\syahr\.gradle\native\0.2.7\x86_64-windows-gnu\gradle-fileevents.dll
Event: 7.508 Loaded shared library C:\Users\syahr\.vscode\extensions\redhat.java-1.54.0-win32-x64\jre\21.0.10-win32-x86_64\bin\management.dll
Event: 7.520 Loaded shared library C:\Users\syahr\.vscode\extensions\redhat.java-1.54.0-win32-x64\jre\21.0.10-win32-x86_64\bin\management_ext.dll
Event: 8.087 Loaded shared library C:\Users\syahr\.vscode\extensions\redhat.java-1.54.0-win32-x64\jre\21.0.10-win32-x86_64\bin\extnet.dll
Event: 8.944 Loaded shared library C:\Users\syahr\.vscode\extensions\redhat.java-1.54.0-win32-x64\jre\21.0.10-win32-x86_64\bin\sunmscapi.dll
Event: 52.543 Loaded shared library C:\Users\syahr\.vscode\extensions\redhat.java-1.54.0-win32-x64\jre\21.0.10-win32-x86_64\bin\rmi.dll

Deoptimization events (20 events):
Event: 350.270 Thread 0x0000028e3a893ef0 Uncommon trap: trap_request=0xffffffc6 fr.pc=0x0000028dd3b705ac relative=0x000000000000008c
Event: 350.270 Thread 0x0000028e3a893ef0 Uncommon trap: reason=bimorphic_or_optimized_type_check action=maybe_recompile pc=0x0000028dd3b705ac method=com.google.common.collect.AbstractMapBasedMultimap$KeySet$1.hasNext()Z @ 4 c2
Event: 350.270 Thread 0x0000028e3a893ef0 DEOPT PACKING pc=0x0000028dd3b705ac sp=0x000000e7ca5fa1b0
Event: 350.270 Thread 0x0000028e3a893ef0 DEOPT UNPACKING pc=0x0000028dd2f97ba2 sp=0x000000e7ca5fa138 mode 2
Event: 351.052 Thread 0x0000028e37017ce0 Uncommon trap: trap_request=0xffffff45 fr.pc=0x0000028dd37b2f00 relative=0x0000000000000140
Event: 351.052 Thread 0x0000028e37017ce0 Uncommon trap: reason=unstable_if action=reinterpret pc=0x0000028dd37b2f00 method=java.lang.ThreadLocal.get(Ljava/lang/Thread;)Ljava/lang/Object; @ 7 c2
Event: 351.052 Thread 0x0000028e37017ce0 DEOPT PACKING pc=0x0000028dd37b2f00 sp=0x000000e7cb4fe6e0
Event: 351.052 Thread 0x0000028e37017ce0 DEOPT UNPACKING pc=0x0000028dd2f97ba2 sp=0x000000e7cb4fe608 mode 2
Event: 351.217 Thread 0x0000028e3aac54b0 Uncommon trap: trap_request=0xffffffbe fr.pc=0x0000028dd3a28e68 relative=0x0000000000000268
Event: 351.217 Thread 0x0000028e3aac54b0 Uncommon trap: reason=profile_predicate action=maybe_recompile pc=0x0000028dd3a28e68 method=java.util.Collections.indexedBinarySearch(Ljava/util/List;Ljava/lang/Object;Ljava/util/Comparator;)I @ 15 c2
Event: 351.217 Thread 0x0000028e3aac54b0 DEOPT PACKING pc=0x0000028dd3a28e68 sp=0x000000e7c8cf7cc0
Event: 351.218 Thread 0x0000028e3aac54b0 DEOPT UNPACKING pc=0x0000028dd2f97ba2 sp=0x000000e7c8cf7c58 mode 2
Event: 351.388 Thread 0x0000028e3aac54b0 Uncommon trap: trap_request=0xffffffbe fr.pc=0x0000028dd3a28e68 relative=0x0000000000000268
Event: 351.388 Thread 0x0000028e3aac54b0 Uncommon trap: reason=profile_predicate action=maybe_recompile pc=0x0000028dd3a28e68 method=java.util.Collections.indexedBinarySearch(Ljava/util/List;Ljava/lang/Object;Ljava/util/Comparator;)I @ 15 c2
Event: 351.388 Thread 0x0000028e3aac54b0 DEOPT PACKING pc=0x0000028dd3a28e68 sp=0x000000e7c8cf7cc0
Event: 351.388 Thread 0x0000028e3aac54b0 DEOPT UNPACKING pc=0x0000028dd2f97ba2 sp=0x000000e7c8cf7c58 mode 2
Event: 352.196 Thread 0x0000028e3701be80 Uncommon trap: trap_request=0xffffff45 fr.pc=0x0000028dd3c2f520 relative=0x00000000000016c0
Event: 352.196 Thread 0x0000028e3701be80 Uncommon trap: reason=unstable_if action=reinterpret pc=0x0000028dd3c2f520 method=java.util.concurrent.locks.AbstractQueuedSynchronizer.acquire(Ljava/util/concurrent/locks/AbstractQueuedSynchronizer$Node;IZZZJ)I @ 83 c2
Event: 352.196 Thread 0x0000028e3701be80 DEOPT PACKING pc=0x0000028dd3c2f520 sp=0x000000e7cb4fdee0
Event: 352.196 Thread 0x0000028e3701be80 DEOPT UNPACKING pc=0x0000028dd2f97ba2 sp=0x000000e7cb4fde78 mode 2

Classes loaded (20 events):
Event: 266.009 Loading class sun/nio/cs/Surrogate$Parser
Event: 266.011 Loading class sun/nio/cs/Surrogate$Parser done
Event: 266.012 Loading class sun/nio/cs/Surrogate
Event: 266.019 Loading class sun/nio/cs/Surrogate done
Event: 269.439 Loading class java/io/SequenceInputStream
Event: 269.466 Loading class java/io/SequenceInputStream done
Event: 269.688 Loading class java/io/CharArrayWriter
Event: 269.692 Loading class java/io/CharArrayWriter done
Event: 270.109 Loading class java/util/PriorityQueue
Event: 270.121 Loading class java/util/PriorityQueue done
Event: 349.083 Loading class java/nio/charset/UnsupportedCharsetException
Event: 349.088 Loading class java/nio/charset/UnsupportedCharsetException done
Event: 349.124 Loading class java/util/Collections$UnmodifiableSortedMap
Event: 349.132 Loading class java/util/Collections$UnmodifiableSortedMap done
Event: 349.142 Loading class java/util/zip/Deflater
Event: 349.160 Loading class java/util/zip/Deflater done
Event: 349.174 Loading class java/util/zip/Deflater$DeflaterZStreamRef
Event: 349.178 Loading class java/util/zip/Deflater$DeflaterZStreamRef done
Event: 349.941 Loading class java/nio/StringCharBuffer
Event: 349.944 Loading class java/nio/StringCharBuffer done

Classes unloaded (0 events):
No events

Classes redefined (0 events):
No events

Internal exceptions (20 events):
Event: 269.412 Thread 0x0000028e370162a0 Exception <a 'java/net/ConnectException'{0x0000000609baa2e0}: Connection refused: connect> (0x0000000609baa2e0) 
thrown [s\src\hotspot\share\prims\jni.cpp, line 539]
Event: 269.425 Thread 0x0000028e370162a0 Exception <a 'java/net/ConnectException'{0x0000000609bab078}: Connection refused: connect> (0x0000000609bab078) 
thrown [s\src\hotspot\share\prims\jni.cpp, line 539]
Event: 269.437 Thread 0x0000028e370162a0 Exception <a 'java/net/ConnectException'{0x0000000609babe10}: Connection refused: connect> (0x0000000609babe10) 
thrown [s\src\hotspot\share\prims\jni.cpp, line 539]
Event: 271.558 Thread 0x0000028e370162a0 Exception <a 'java/net/ConnectException'{0x00000006096389a0}: Connection refused: connect> (0x00000006096389a0) 
thrown [s\src\hotspot\share\prims\jni.cpp, line 539]
Event: 271.570 Thread 0x0000028e370162a0 Exception <a 'java/net/ConnectException'{0x0000000609639738}: Connection refused: connect> (0x0000000609639738) 
thrown [s\src\hotspot\share\prims\jni.cpp, line 539]
Event: 271.583 Thread 0x0000028e370162a0 Exception <a 'java/net/ConnectException'{0x000000060963a4d0}: Connection refused: connect> (0x000000060963a4d0) 
thrown [s\src\hotspot\share\prims\jni.cpp, line 539]
Event: 314.971 Thread 0x0000028e3a8931d0 Exception <a 'java/net/ConnectException'{0x00000006090536d0}: Connection refused: connect> (0x00000006090536d0) 
thrown [s\src\hotspot\share\prims\jni.cpp, line 539]
Event: 314.988 Thread 0x0000028e3a8931d0 Exception <a 'java/net/ConnectException'{0x0000000609053f08}: Connection refused: connect> (0x0000000609053f08) 
thrown [s\src\hotspot\share\prims\jni.cpp, line 539]
Event: 315.002 Thread 0x0000028e3a8931d0 Exception <a 'java/net/ConnectException'{0x0000000609054740}: Connection refused: connect> (0x0000000609054740) 
thrown [s\src\hotspot\share\prims\jni.cpp, line 539]
Event: 341.315 Thread 0x0000028e37014ef0 Exception <a 'java/lang/NoSuchMethodError'{0x000000060914f760}: 'void java.lang.invoke.DirectMethodHandle$Holder.invokeInterface(java.lang.Object, java.lang.Object, int, java.lang.Object)'> (0x000000060914f760) 
thrown [s\src\hotspot\share\interpreter\linkResolver.cpp, line 773]
Event: 341.344 Thread 0x0000028e37014ef0 Exception <a 'java/lang/NoSuchMethodError'{0x0000000609152e40}: 'void java.lang.invoke.DelegatingMethodHandle$Holder.reinvoke_L(java.lang.Object, java.lang.Object, int, java.lang.Object)'> (0x0000000609152e40) 
thrown [s\src\hotspot\share\interpreter\linkResolver.cpp, line 773]
Event: 341.446 Thread 0x0000028e37014ef0 Exception <a 'java/lang/NoSuchMethodError'{0x000000060916d888}: 'void java.lang.invoke.DelegatingMethodHandle$Holder.reinvoke_L(java.lang.Object, java.lang.Object, int, int, java.lang.Object, java.lang.Object)'> (0x000000060916d888) 
thrown [s\src\hotspot\share\interpreter\linkResolver.cpp, line 773]
Event: 348.270 Thread 0x0000028e39439200 Exception <a 'sun/nio/fs/WindowsException'{0x0000000608dd1cb0}> (0x0000000608dd1cb0) 
thrown [s\src\hotspot\share\prims\jni.cpp, line 520]
Event: 348.274 Thread 0x0000028e39439200 Exception <a 'sun/nio/fs/WindowsException'{0x0000000608dd3d98}> (0x0000000608dd3d98) 
thrown [s\src\hotspot\share\prims\jni.cpp, line 520]
Event: 348.276 Thread 0x0000028e39439200 Exception <a 'sun/nio/fs/WindowsException'{0x0000000608dd5c30}> (0x0000000608dd5c30) 
thrown [s\src\hotspot\share\prims\jni.cpp, line 520]
Event: 348.278 Thread 0x0000028e39439200 Exception <a 'sun/nio/fs/WindowsException'{0x0000000608dd7800}> (0x0000000608dd7800) 
thrown [s\src\hotspot\share\prims\jni.cpp, line 520]
Event: 348.361 Thread 0x0000028e39439200 Exception <a 'sun/nio/fs/WindowsException'{0x0000000608ded598}> (0x0000000608ded598) 
thrown [s\src\hotspot\share\prims\jni.cpp, line 520]
Event: 348.363 Thread 0x0000028e39439200 Exception <a 'sun/nio/fs/WindowsException'{0x0000000608def3e8}> (0x0000000608def3e8) 
thrown [s\src\hotspot\share\prims\jni.cpp, line 520]
Event: 348.364 Thread 0x0000028e39439200 Exception <a 'sun/nio/fs/WindowsException'{0x0000000608df0f00}> (0x0000000608df0f00) 
thrown [s\src\hotspot\share\prims\jni.cpp, line 520]
Event: 351.051 Thread 0x0000028e37017ce0 Implicit null exception at 0x0000028dd37b2e0b to 0x0000028dd37b2ee8

ZGC Phase Switch (0 events):
No events

VM Operations (20 events):
Event: 281.954 Executing safepoint VM operation: Cleanup done
Event: 300.529 Executing non-safepoint VM operation: HandshakeAllThreads (HandshakeForDeflation)
Event: 300.530 Executing non-safepoint VM operation: HandshakeAllThreads (HandshakeForDeflation) done
Event: 300.531 Executing non-safepoint VM operation: RendezvousGCThreads
Event: 300.531 Executing non-safepoint VM operation: RendezvousGCThreads done
Event: 346.554 Executing safepoint VM operation: Cleanup
Event: 346.562 Executing safepoint VM operation: Cleanup done
Event: 347.563 Executing safepoint VM operation: Cleanup
Event: 347.563 Executing safepoint VM operation: Cleanup done
Event: 348.564 Executing safepoint VM operation: Cleanup
Event: 348.564 Executing safepoint VM operation: Cleanup done
Event: 349.643 Executing non-safepoint VM operation: HandshakeAllThreads (Deoptimize)
Event: 349.654 Executing non-safepoint VM operation: HandshakeAllThreads (Deoptimize) done
Event: 350.654 Executing safepoint VM operation: Cleanup
Event: 350.654 Executing safepoint VM operation: Cleanup done
Event: 350.764 Executing safepoint VM operation: G1CollectForAllocation (G1 Evacuation Pause)
Event: 351.032 Executing safepoint VM operation: G1CollectForAllocation (G1 Evacuation Pause) done
Event: 352.033 Executing safepoint VM operation: Cleanup
Event: 352.035 Executing safepoint VM operation: Cleanup done
Event: 352.437 Executing safepoint VM operation: G1PauseRemark

Memory protections (0 events):
No events

Nmethod flushes (20 events):
Event: 352.700 Thread 0x0000028def5929f0 flushing  nmethod 0x0000028dc3560610
Event: 352.701 Thread 0x0000028def5929f0 flushing  nmethod 0x0000028dc3653890
Event: 352.701 Thread 0x0000028def5929f0 flushing  nmethod 0x0000028dc3668290
Event: 352.701 Thread 0x0000028def5929f0 flushing  nmethod 0x0000028dc371a410
Event: 352.702 Thread 0x0000028def5929f0 flushing  nmethod 0x0000028dc375fe90
Event: 352.702 Thread 0x0000028def5929f0 flushing  nmethod 0x0000028dc38bf390
Event: 352.702 Thread 0x0000028def5929f0 flushing  nmethod 0x0000028dc38c5510
Event: 352.702 Thread 0x0000028def5929f0 flushing  nmethod 0x0000028dc3940d10
Event: 352.702 Thread 0x0000028def5929f0 flushing  nmethod 0x0000028dc394c210
Event: 352.703 Thread 0x0000028def5929f0 flushing  nmethod 0x0000028dc3952610
Event: 352.703 Thread 0x0000028def5929f0 flushing  nmethod 0x0000028dc39b5910
Event: 352.704 Thread 0x0000028def5929f0 flushing  nmethod 0x0000028dc39b6a10
Event: 352.704 Thread 0x0000028def5929f0 flushing  nmethod 0x0000028dc39bcd10
Event: 352.705 Thread 0x0000028def5929f0 flushing  nmethod 0x0000028dc3a39a90
Event: 352.705 Thread 0x0000028def5929f0 flushing  nmethod 0x0000028dc3ac4210
Event: 352.705 Thread 0x0000028def5929f0 flushing  nmethod 0x0000028dc3ac8590
Event: 352.705 Thread 0x0000028def5929f0 flushing  nmethod 0x0000028dc3df2910
Event: 352.705 Thread 0x0000028def5929f0 flushing  nmethod 0x0000028dc3ed8d10
Event: 352.705 Thread 0x0000028def5929f0 flushing  nmethod 0x0000028dc3f4b010
Event: 352.705 Thread 0x0000028def5929f0 flushing  nmethod 0x0000028dc4174b90

Events (20 events):
Event: 267.868 Thread 0x0000028e3a893ef0 Thread added: 0x0000028e39438b70
Event: 267.878 Thread 0x0000028e39439200 Thread added: 0x0000028e39435d80
Event: 268.485 Thread 0x0000028e39439200 Thread added: 0x0000028e39439890
Event: 268.486 Thread 0x0000028e39439200 Thread added: 0x0000028e39436410
Event: 268.486 Thread 0x0000028e39439200 Thread added: 0x0000028e3943ac40
Event: 268.742 Thread 0x0000028e39439200 Thread added: 0x0000028e3943a5b0
Event: 268.744 Thread 0x0000028e39439200 Thread added: 0x0000028e3943cd10
Event: 268.745 Thread 0x0000028e39439200 Thread added: 0x0000028e3943b960
Event: 268.887 Thread 0x0000028e39439200 Thread added: 0x0000028e37016fc0
Event: 268.888 Thread 0x0000028e39439200 Thread added: 0x0000028e37016930
Event: 269.266 Thread 0x0000028e39439200 Thread added: 0x0000028e370162a0
Event: 269.483 Thread 0x0000028e370162a0 Thread added: 0x0000028e37017ce0
Event: 271.512 Thread 0x0000028e37017ce0 Thread exited: 0x0000028e37017ce0
Event: 271.974 Thread 0x0000028e370162a0 Thread added: 0x0000028e37017ce0
Event: 272.371 Thread 0x0000028e39436aa0 Thread added: 0x0000028e37014ef0
Event: 311.639 Thread 0x0000028e3aac4790 Thread exited: 0x0000028e3aac4790
Event: 351.082 Thread 0x0000028e37017ce0 Thread exited: 0x0000028e37017ce0
Event: 351.924 Thread 0x0000028e3aac54b0 Thread added: 0x0000028e37017ce0
Event: 351.924 Thread 0x0000028e3aac54b0 Thread added: 0x0000028e3701be80
Event: 351.925 Thread 0x0000028e3aac54b0 Thread added: 0x0000028e3701c510


Dynamic libraries:
0x00007ff6d37a0000 - 0x00007ff6d37ae000 	C:\Users\syahr\.vscode\extensions\redhat.java-1.54.0-win32-x64\jre\21.0.10-win32-x86_64\bin\java.exe
0x00007ffda7ae0000 - 0x00007ffda7d47000 	C:\WINDOWS\SYSTEM32\ntdll.dll
0x00007ffda5d70000 - 0x00007ffda5e39000 	C:\WINDOWS\System32\KERNEL32.DLL
0x00007ffda4510000 - 0x00007ffda4901000 	C:\WINDOWS\System32\KERNELBASE.dll
0x00007ffda43c0000 - 0x00007ffda450b000 	C:\WINDOWS\System32\ucrtbase.dll
0x00007ffd69460000 - 0x00007ffd69478000 	C:\Users\syahr\.vscode\extensions\redhat.java-1.54.0-win32-x64\jre\21.0.10-win32-x86_64\bin\jli.dll
0x00007ffd6ba40000 - 0x00007ffd6ba5e000 	C:\Users\syahr\.vscode\extensions\redhat.java-1.54.0-win32-x64\jre\21.0.10-win32-x86_64\bin\VCRUNTIME140.dll
0x00007ffda5990000 - 0x00007ffda5b55000 	C:\WINDOWS\System32\USER32.dll
0x00007ffda49d0000 - 0x00007ffda49f7000 	C:\WINDOWS\System32\win32u.dll
0x00007ffd8ff60000 - 0x00007ffd901f3000 	C:\WINDOWS\WinSxS\amd64_microsoft.windows.common-controls_6595b64144ccf1df_6.0.26100.8037_none_3e092faae333b53b\COMCTL32.dll
0x00007ffda5960000 - 0x00007ffda598b000 	C:\WINDOWS\System32\GDI32.dll
0x00007ffda6d50000 - 0x00007ffda6df9000 	C:\WINDOWS\System32\msvcrt.dll
0x00007ffda55d0000 - 0x00007ffda56fb000 	C:\WINDOWS\System32\gdi32full.dll
0x00007ffda53b0000 - 0x00007ffda5453000 	C:\WINDOWS\System32\msvcp_win.dll
0x00007ffda7260000 - 0x00007ffda7291000 	C:\WINDOWS\System32\IMM32.DLL
0x00007ffd977e0000 - 0x00007ffd977ec000 	C:\Users\syahr\.vscode\extensions\redhat.java-1.54.0-win32-x64\jre\21.0.10-win32-x86_64\bin\vcruntime140_1.dll
0x00007ffd436a0000 - 0x00007ffd4372d000 	C:\Users\syahr\.vscode\extensions\redhat.java-1.54.0-win32-x64\jre\21.0.10-win32-x86_64\bin\msvcp140.dll
0x00007ffd0a850000 - 0x00007ffd0b5f1000 	C:\Users\syahr\.vscode\extensions\redhat.java-1.54.0-win32-x64\jre\21.0.10-win32-x86_64\bin\server\jvm.dll
0x00007ffda73b0000 - 0x00007ffda746b000 	C:\WINDOWS\System32\ADVAPI32.dll
0x00007ffda5880000 - 0x00007ffda5927000 	C:\WINDOWS\System32\sechost.dll
0x00007ffda7900000 - 0x00007ffda7a18000 	C:\WINDOWS\System32\RPCRT4.dll
0x00007ffda7330000 - 0x00007ffda73a4000 	C:\WINDOWS\System32\WS2_32.dll
0x00007ffda4240000 - 0x00007ffda429e000 	C:\WINDOWS\SYSTEM32\POWRPROF.dll
0x00007ffd91f80000 - 0x00007ffd91fb5000 	C:\WINDOWS\SYSTEM32\WINMM.dll
0x00007ffd96ad0000 - 0x00007ffd96adb000 	C:\WINDOWS\SYSTEM32\VERSION.dll
0x00007ffda4220000 - 0x00007ffda4234000 	C:\WINDOWS\SYSTEM32\UMPDC.dll
0x00007ffda3130000 - 0x00007ffda314b000 	C:\WINDOWS\SYSTEM32\kernel.appcore.dll
0x00007ffd95000000 - 0x00007ffd9500a000 	C:\Users\syahr\.vscode\extensions\redhat.java-1.54.0-win32-x64\jre\21.0.10-win32-x86_64\bin\jimage.dll
0x00007ffda2210000 - 0x00007ffda2452000 	C:\WINDOWS\SYSTEM32\DBGHELP.DLL
0x00007ffda68c0000 - 0x00007ffda6c42000 	C:\WINDOWS\System32\combase.dll
0x00007ffda7110000 - 0x00007ffda71e7000 	C:\WINDOWS\System32\OLEAUT32.dll
0x00007ffd7ef90000 - 0x00007ffd7efcb000 	C:\WINDOWS\SYSTEM32\dbgcore.DLL
0x00007ffda5270000 - 0x00007ffda5315000 	C:\WINDOWS\System32\bcryptPrimitives.dll
0x00007ffd97d80000 - 0x00007ffd97d8f000 	C:\Users\syahr\.vscode\extensions\redhat.java-1.54.0-win32-x64\jre\21.0.10-win32-x86_64\bin\instrument.dll
0x00007ffd69130000 - 0x00007ffd69150000 	C:\Users\syahr\.vscode\extensions\redhat.java-1.54.0-win32-x64\jre\21.0.10-win32-x86_64\bin\java.dll
0x00007ffda5ea0000 - 0x00007ffda65ff000 	C:\WINDOWS\System32\SHELL32.dll
0x00007ffda5460000 - 0x00007ffda55ca000 	C:\WINDOWS\System32\wintypes.dll
0x00007ffda4a00000 - 0x00007ffda5264000 	C:\WINDOWS\System32\windows.storage.dll
0x00007ffda6c50000 - 0x00007ffda6d47000 	C:\WINDOWS\System32\SHCORE.dll
0x00007ffda71f0000 - 0x00007ffda7257000 	C:\WINDOWS\System32\shlwapi.dll
0x00007ffda42e0000 - 0x00007ffda4309000 	C:\WINDOWS\SYSTEM32\profapi.dll
0x00007ffd684d0000 - 0x00007ffd684e8000 	C:\Users\syahr\.vscode\extensions\redhat.java-1.54.0-win32-x64\jre\21.0.10-win32-x86_64\bin\zip.dll
0x00007ffd88650000 - 0x00007ffd88660000 	C:\Users\syahr\.vscode\extensions\redhat.java-1.54.0-win32-x64\jre\21.0.10-win32-x86_64\bin\net.dll
0x00007ffd95b10000 - 0x00007ffd95c37000 	C:\WINDOWS\SYSTEM32\WINHTTP.dll
0x00007ffda36c0000 - 0x00007ffda372b000 	C:\WINDOWS\system32\mswsock.dll
0x00007ffd673a0000 - 0x00007ffd673b6000 	C:\Users\syahr\.vscode\extensions\redhat.java-1.54.0-win32-x64\jre\21.0.10-win32-x86_64\bin\nio.dll
0x00007ffd7d6f0000 - 0x00007ffd7d700000 	C:\Users\syahr\.vscode\extensions\redhat.java-1.54.0-win32-x64\jre\21.0.10-win32-x86_64\bin\verify.dll
0x00007ffd6b070000 - 0x00007ffd6b097000 	C:\Users\syahr\.gradle\native\1def1411415f61bf3af743bc5b6707747c0891f09f0c88961ee8f79bc544acac\windows-amd64\native-platform.dll
0x00007ffd4f860000 - 0x00007ffd4f8d8000 	C:\Users\syahr\.gradle\native\0.2.7\x86_64-windows-gnu\gradle-fileevents.dll
0x00007ffd7bdc0000 - 0x00007ffd7bdca000 	C:\Users\syahr\.vscode\extensions\redhat.java-1.54.0-win32-x64\jre\21.0.10-win32-x86_64\bin\management.dll
0x00007ffd789e0000 - 0x00007ffd789ec000 	C:\Users\syahr\.vscode\extensions\redhat.java-1.54.0-win32-x64\jre\21.0.10-win32-x86_64\bin\management_ext.dll
0x00007ffda6f60000 - 0x00007ffda6f68000 	C:\WINDOWS\System32\PSAPI.DLL
0x00007ffda2ba0000 - 0x00007ffda2bd3000 	C:\WINDOWS\SYSTEM32\IPHLPAPI.DLL
0x00007ffda5d60000 - 0x00007ffda5d6a000 	C:\WINDOWS\System32\NSI.dll
0x00007ffd7d770000 - 0x00007ffd7d779000 	C:\Users\syahr\.vscode\extensions\redhat.java-1.54.0-win32-x64\jre\21.0.10-win32-x86_64\bin\extnet.dll
0x00007ffda39a0000 - 0x00007ffda39bb000 	C:\WINDOWS\SYSTEM32\CRYPTSP.dll
0x00007ffda3090000 - 0x00007ffda30c9000 	C:\WINDOWS\system32\rsaenh.dll
0x00007ffda3770000 - 0x00007ffda37a2000 	C:\WINDOWS\SYSTEM32\USERENV.dll
0x00007ffda42b0000 - 0x00007ffda42da000 	C:\WINDOWS\SYSTEM32\bcrypt.dll
0x00007ffda39c0000 - 0x00007ffda39cc000 	C:\WINDOWS\SYSTEM32\CRYPTBASE.dll
0x00007ffd97d50000 - 0x00007ffd97d5e000 	C:\Users\syahr\.vscode\extensions\redhat.java-1.54.0-win32-x64\jre\21.0.10-win32-x86_64\bin\sunmscapi.dll
0x00007ffda5700000 - 0x00007ffda5877000 	C:\WINDOWS\System32\CRYPT32.dll
0x00007ffda3bc0000 - 0x00007ffda3bf0000 	C:\WINDOWS\SYSTEM32\ncrypt.dll
0x00007ffda3b70000 - 0x00007ffda3baf000 	C:\WINDOWS\SYSTEM32\NTASN1.dll
0x00007ffd77a80000 - 0x00007ffd77a88000 	C:\WINDOWS\system32\wshunix.dll
0x00007ffd89030000 - 0x00007ffd89048000 	C:\WINDOWS\system32\napinsp.dll
0x00007ffda2c00000 - 0x00007ffda2d2a000 	C:\WINDOWS\SYSTEM32\DNSAPI.dll
0x00007ffd88ff0000 - 0x00007ffd89002000 	C:\WINDOWS\System32\winrnr.dll
0x00007ffd88fc0000 - 0x00007ffd88fe2000 	C:\WINDOWS\system32\nlansp_c.dll
0x00007ffd96000000 - 0x00007ffd96016000 	C:\WINDOWS\system32\wshbth.dll
0x00007ffd98e00000 - 0x00007ffd98e0b000 	C:\Windows\System32\rasadhlp.dll
0x00007ffd95200000 - 0x00007ffd95286000 	C:\WINDOWS\System32\fwpuclnt.dll
0x00007ffd895e0000 - 0x00007ffd895e7000 	C:\Users\syahr\.vscode\extensions\redhat.java-1.54.0-win32-x64\jre\21.0.10-win32-x86_64\bin\rmi.dll

JVMTI agents:
C:\Users\syahr\.gradle\wrapper\dists\gradle-8.14-all\c2qonpi39x1mddn7hk5gh9iqj\gradle-8.14\lib\agents\gradle-instrumentation-agent-8.14.jar path:C:\Users\syahr\.vscode\extensions\redhat.java-1.54.0-win32-x64\jre\21.0.10-win32-x86_64\bin\instrument.dll, loaded, initialized, instrumentlib options:none

dbghelp: loaded successfully - version: 4.0.5 - missing functions: none
symbol engine: initialized successfully - sym options: 0x614 - pdb path: .;C:\Users\syahr\.vscode\extensions\redhat.java-1.54.0-win32-x64\jre\21.0.10-win32-x86_64\bin;C:\WINDOWS\SYSTEM32;C:\WINDOWS\WinSxS\amd64_microsoft.windows.common-controls_6595b64144ccf1df_6.0.26100.8037_none_3e092faae333b53b;C:\Users\syahr\.vscode\extensions\redhat.java-1.54.0-win32-x64\jre\21.0.10-win32-x86_64\bin\server;C:\Users\syahr\.gradle\native\1def1411415f61bf3af743bc5b6707747c0891f09f0c88961ee8f79bc544acac\windows-amd64;C:\Users\syahr\.gradle\native\0.2.7\x86_64-windows-gnu

VM Arguments:
jvm_args: --add-opens=java.base/java.lang=ALL-UNNAMED --add-opens=java.base/java.lang.invoke=ALL-UNNAMED --add-opens=java.base/java.util=ALL-UNNAMED --add-opens=java.prefs/java.util.prefs=ALL-UNNAMED --add-exports=jdk.compiler/com.sun.tools.javac.api=ALL-UNNAMED --add-exports=jdk.compiler/com.sun.tools.javac.util=ALL-UNNAMED --add-opens=java.base/java.util=ALL-UNNAMED --add-opens=java.prefs/java.util.prefs=ALL-UNNAMED --add-opens=java.base/java.nio.charset=ALL-UNNAMED --add-opens=java.base/java.net=ALL-UNNAMED --add-opens=java.base/java.util.concurrent.atomic=ALL-UNNAMED --add-opens=java.xml/javax.xml.namespace=ALL-UNNAMED -XX:MaxMetaspaceSize=4G -XX:ReservedCodeCacheSize=512m -XX:+HeapDumpOnOutOfMemoryError -Xmx8G -Dfile.encoding=UTF-8 -Duser.country=US -Duser.language=en -Duser.variant -javaagent:C:\Users\syahr\.gradle\wrapper\dists\gradle-8.14-all\c2qonpi39x1mddn7hk5gh9iqj\gradle-8.14\lib\agents\gradle-instrumentation-agent-8.14.jar 
java_command: org.gradle.launcher.daemon.bootstrap.GradleDaemon 8.14
java_class_path (initial): C:\Users\syahr\.gradle\wrapper\dists\gradle-8.14-all\c2qonpi39x1mddn7hk5gh9iqj\gradle-8.14\lib\gradle-daemon-main-8.14.jar
Launcher Type: SUN_STANDARD

[Global flags]
     intx CICompilerCount                          = 3                                         {product} {ergonomic}
     uint ConcGCThreads                            = 1                                         {product} {ergonomic}
     uint G1ConcRefinementThreads                  = 4                                         {product} {ergonomic}
   size_t G1HeapRegionSize                         = 4194304                                   {product} {ergonomic}
    uintx GCDrainStackTargetSize                   = 64                                        {product} {ergonomic}
     bool HeapDumpOnOutOfMemoryError               = true                                   {manageable} {command line}
   size_t InitialHeapSize                          = 62914560                                  {product} {ergonomic}
   size_t MarkStackSize                            = 4194304                                   {product} {ergonomic}
   size_t MaxHeapSize                              = 8589934592                                {product} {command line}
   size_t MaxMetaspaceSize                         = 4294967296                                {product} {command line}
   size_t MaxNewSize                               = 5150605312                                {product} {ergonomic}
   size_t MinHeapDeltaBytes                        = 4194304                                   {product} {ergonomic}
   size_t MinHeapSize                              = 8388608                                   {product} {ergonomic}
    uintx NonNMethodCodeHeapSize                   = 5832780                                {pd product} {ergonomic}
    uintx NonProfiledCodeHeapSize                  = 265519066                              {pd product} {ergonomic}
    uintx ProfiledCodeHeapSize                     = 265519066                              {pd product} {ergonomic}
    uintx ReservedCodeCacheSize                    = 536870912                              {pd product} {command line}
     bool SegmentedCodeCache                       = true                                      {product} {ergonomic}
   size_t SoftMaxHeapSize                          = 8589934592                             {manageable} {ergonomic}
     bool UseCompressedOops                        = true                           {product lp64_product} {ergonomic}
     bool UseG1GC                                  = true                                      {product} {ergonomic}
     bool UseLargePagesIndividualAllocation        = false                                  {pd product} {ergonomic}

Logging:
Log output configuration:
 #0: stdout all=warning uptime,level,tags foldmultilines=false
 #1: stderr all=off uptime,level,tags foldmultilines=false

Release file:
JAVA_VERSION="21.0.10" 
MODULES="java.base java.compiler java.datatransfer java.xml java.prefs java.desktop java.instrument java.logging java.management java.security.sasl java.naming java.rmi java.management.rmi java.net.http java.scripting java.security.jgss java.transaction.xa java.sql java.sql.rowset java.xml.crypto java.se java.smartcardio jdk.accessibility jdk.internal.jvmstat jdk.attach jdk.charsets jdk.internal.opt jdk.zipfs jdk.compiler jdk.crypto.ec jdk.crypto.cryptoki jdk.crypto.mscapi jdk.dynalink jdk.internal.ed jdk.editpad jdk.hotspot.agent jdk.httpserver jdk.internal.le jdk.internal.vm.ci jdk.internal.vm.compiler jdk.internal.vm.compiler.management jdk.jartool jdk.javadoc jdk.jcmd jdk.management jdk.management.agent jdk.jconsole jdk.jdeps jdk.jdwp.agent jdk.jdi jdk.jfr jdk.jshell jdk.jsobject jdk.jstatd jdk.localedata jdk.management.jfr jdk.naming.dns jdk.naming.rmi jdk.net jdk.nio.mapmode jdk.random jdk.sctp jdk.security.auth jdk.security.jgss jdk.unsupported jdk.unsupported.desktop jdk.xml.dom" 

Environment Variables:
PATH=C:\Users\syahr\AppData\Local\Programs\Microsoft VS Code;C:\Program Files\Common Files\Oracle\Java\javapath;C:\WINDOWS\system32;C:\WINDOWS;C:\WINDOWS\System32\Wbem;C:\WINDOWS\System32\WindowsPowerShell\v1.0\;C:\WINDOWS\System32\OpenSSH\;C:\Program Files\Git\cmd;C:\Program Files\MySQL\MySQL Server 8.0\bin;C:\Program Files\dotnet\;C:\Program Files\nodejs\;C:\Users\syahr\AppData\Local\Programs\Python\Launcher\;C:\Users\syahr\AppData\Local\Programs\Python\Python313\Scripts\;C:\Users\syahr\AppData\Local\Programs\Python\Python313\;C:\Users\syahr\AppData\Local\Microsoft\WindowsApps;C:\Users\syahr\AppData\Local\Programs\Microsoft VS Code\bin;C:\src\flutter\bin;C:\Users\syahr\AppData\Roaming\npm
USERNAME=syahr
OS=Windows_NT
PROCESSOR_IDENTIFIER=Intel64 Family 6 Model 126 Stepping 5, GenuineIntel
TMP=C:\Users\syahr\AppData\Local\Temp
TEMP=C:\Users\syahr\AppData\Local\Temp




Periodic native trim disabled

---------------  S Y S T E M  ---------------

OS:
 Windows 11 , 64 bit Build 26100 (10.0.26100.7920)
OS uptime: 1 days 3:18 hours
Hyper-V role detected

CPU: total 4 (initial active 4) (2 cores per cpu, 2 threads per core) family 6 model 126 stepping 5 microcode 0xa0, cx8, cmov, fxsr, ht, mmx, 3dnowpref, sse, sse2, sse3, ssse3, sse4.1, sse4.2, popcnt, lzcnt, tsc, tscinvbit, avx, avx2, aes, erms, clmul, bmi1, bmi2, adx, avx512f, avx512dq, avx512cd, avx512bw, avx512vl, sha, fma, vzeroupper, avx512_vpopcntdq, avx512_vpclmulqdq, avx512_vaes, avx512_vnni, clflush, clflushopt, avx512_vbmi2, avx512_vbmi, hv, rdtscp, rdpid, fsrm, gfni, avx512_bitalg, f16c, avx512_ifma
Processor Information for processor 0
  Max Mhz: 1201, Current Mhz: 1201, Mhz Limit: 1201
Processor Information for processor 1
  Max Mhz: 1201, Current Mhz: 1000, Mhz Limit: 1201
Processor Information for processor 2
  Max Mhz: 1201, Current Mhz: 1000, Mhz Limit: 1201
Processor Information for processor 3
  Max Mhz: 1201, Current Mhz: 1201, Mhz Limit: 1201

Memory: 4k page, system-wide physical 3836M (83M free)
TotalPageFile size 15612M (AvailPageFile size 17M)
current process WorkingSet (physical memory assigned to process): 237M, peak: 375M
current process commit charge ("private bytes"): 525M, peak: 541M

vm_info: OpenJDK 64-Bit Server VM (21.0.10+7-LTS) for windows-amd64 JRE (21.0.10+7-LTS), built on 2026-01-20T00:00:00Z by "admin" with MS VC++ 17.12 (VS2022)

END.
